root@ziqing-vm:/home/ziqing# date
2020年 04月 28日 星期二 23:37:56 CST

root@ziqing-vm:/home/ziqing# cat /etc/issue
Ubuntu 18.04.4 LTS \n \l

root@ziqing-vm:/home/ziqing# uname -a
Linux ziqing-vm 5.3.0-46-generic #38~18.04.1-Ubuntu SMP Tue Mar 31 04:17:56 UTC 2020 x86_64 x86_64 x86_64 GNU/Linux

root@ziqing-vm:/home/ziqing# cat /proc/cpuinfo
processor	: 0
vendor_id	: GenuineIntel
cpu family	: 6
model		: 142
model name	: Intel(R) Core(TM) i7-7500U CPU @ 2.70GHz
stepping	: 9
microcode	: 0xb4
cpu MHz		: 2904.000
cache size	: 4096 KB
physical id	: 0
siblings	: 2
core id		: 0
cpu cores	: 2
apicid		: 0
initial apicid	: 0
fpu		: yes
fpu_exception	: yes
cpuid level	: 22
wp		: yes
flags		: fpu vme de pse tsc msr pae mce cx8 apic sep mtrr pge mca cmov pat pse36 clflush mmx fxsr sse sse2 ss ht syscall nx pdpe1gb rdtscp lm constant_tsc arch_perfmon nopl xtopology tsc_reliable nonstop_tsc cpuid pni pclmulqdq ssse3 fma cx16 pcid sse4_1 sse4_2 x2apic movbe popcnt tsc_deadline_timer aes xsave avx f16c rdrand hypervisor lahf_lm abm 3dnowprefetch cpuid_fault invpcid_single pti ibrs ibpb stibp fsgsbase tsc_adjust bmi1 avx2 smep bmi2 invpcid mpx rdseed adx smap clflushopt xsaveopt xsavec xsaves arat
bugs		: cpu_meltdown spectre_v1 spectre_v2 spec_store_bypass l1tf mds swapgs itlb_multihit
bogomips	: 5808.00
clflush size	: 64
cache_alignment	: 64
address sizes	: 43 bits physical, 48 bits virtual
power management:

processor	: 1
vendor_id	: GenuineIntel
cpu family	: 6
model		: 142
model name	: Intel(R) Core(TM) i7-7500U CPU @ 2.70GHz
stepping	: 9
microcode	: 0xb4
cpu MHz		: 2904.000
cache size	: 4096 KB
physical id	: 0
siblings	: 2
core id		: 1
cpu cores	: 2
apicid		: 1
initial apicid	: 1
fpu		: yes
fpu_exception	: yes
cpuid level	: 22
wp		: yes
flags		: fpu vme de pse tsc msr pae mce cx8 apic sep mtrr pge mca cmov pat pse36 clflush mmx fxsr sse sse2 ss ht syscall nx pdpe1gb rdtscp lm constant_tsc arch_perfmon nopl xtopology tsc_reliable nonstop_tsc cpuid pni pclmulqdq ssse3 fma cx16 pcid sse4_1 sse4_2 x2apic movbe popcnt tsc_deadline_timer aes xsave avx f16c rdrand hypervisor lahf_lm abm 3dnowprefetch cpuid_fault invpcid_single pti ibrs ibpb stibp fsgsbase tsc_adjust bmi1 avx2 smep bmi2 invpcid mpx rdseed adx smap clflushopt xsaveopt xsavec xsaves arat
bugs		: cpu_meltdown spectre_v1 spectre_v2 spec_store_bypass l1tf mds swapgs itlb_multihit
bogomips	: 5808.00
clflush size	: 64
cache_alignment	: 64
address sizes	: 43 bits physical, 48 bits virtual
power management:

root@ziqing-vm:/home/ziqing# cat /proc/meminfo
MemTotal:        3035128 kB
MemFree:          937180 kB
MemAvailable:    1559620 kB
Buffers:           56904 kB
Cached:           681272 kB
SwapCached:            0 kB
Active:          1191508 kB
Inactive:         457180 kB
Active(anon):     911600 kB
Inactive(anon):    10544 kB
Active(file):     279908 kB
Inactive(file):   446636 kB
Unevictable:          16 kB
Mlocked:              16 kB
SwapTotal:        969960 kB
SwapFree:         969960 kB
Dirty:                40 kB
Writeback:             0 kB
AnonPages:        910532 kB
Mapped:           300564 kB
Shmem:             11628 kB
KReclaimable:      62756 kB
Slab:             125492 kB
SReclaimable:      62756 kB
SUnreclaim:        62736 kB
KernelStack:       12368 kB
PageTables:        44096 kB
NFS_Unstable:          0 kB
Bounce:                0 kB
WritebackTmp:          0 kB
CommitLimit:     2487524 kB
Committed_AS:    4556084 kB
VmallocTotal:   34359738367 kB
VmallocUsed:       26836 kB
VmallocChunk:          0 kB
Percpu:            43008 kB
HardwareCorrupted:     0 kB
AnonHugePages:         0 kB
ShmemHugePages:        0 kB
ShmemPmdMapped:        0 kB
CmaTotal:              0 kB
CmaFree:               0 kB
HugePages_Total:       0
HugePages_Free:        0
HugePages_Rsvd:        0
HugePages_Surp:        0
Hugepagesize:       2048 kB
Hugetlb:               0 kB
DirectMap4k:      171904 kB
DirectMap2M:     2973696 kB
DirectMap1G:           0 kB

root@ziqing-vm:/home/ziqing# uptime
 23:43:04 up 9 min,  1 user,  load average: 0.26, 0.61, 0.54

root@ziqing-vm:/home/ziqing# service --status-all
 [ + ]  acpid
 [ - ]  alsa-utils
 [ - ]  anacron
 [ + ]  apparmor
 [ + ]  apport
 [ + ]  avahi-daemon
 [ + ]  bluetooth
 [ - ]  console-setup.sh
 [ + ]  cron
 [ + ]  cups
 [ + ]  cups-browsed
 [ + ]  dbus
 [ - ]  dns-clean
 [ + ]  gdm3
 [ + ]  grub-common
 [ - ]  hwclock.sh
 [ + ]  irqbalance
 [ + ]  kerneloops
 [ - ]  keyboard-setup.sh
 [ + ]  kmod
 [ + ]  network-manager
 [ + ]  networking
 [ - ]  plymouth
 [ - ]  plymouth-log
 [ - ]  pppd-dns
 [ + ]  procps
 [ - ]  rsync
 [ + ]  rsyslog
 [ - ]  saned
 [ + ]  speech-dispatcher
 [ - ]  spice-vdagent
 [ - ]  suricata
 [ + ]  udev
 [ + ]  ufw
 [ + ]  unattended-upgrades
 [ - ]  uuidd
 [ + ]  vmware-tools
 [ - ]  vmware-tools-thinprint
 [ + ]  whoopsie
 [ - ]  x11-common

root@ziqing-vm:/home/ziqing# ifconfig -a
ens33: flags=4163<UP,BROADCAST,RUNNING,MULTICAST>  mtu 1500
        inet 192.168.0.101  netmask 255.255.255.0  broadcast 192.168.0.255
        inet6 fe80::fbbb:8fd4:923c:cba8  prefixlen 64  scopeid 0x20<link>
        ether 00:0c:29:b5:1d:8c  txqueuelen 1000  (以太网)
        RX packets 474  bytes 245778 (245.7 KB)
        RX errors 0  dropped 0  overruns 0  frame 0
        TX packets 385  bytes 50844 (50.8 KB)
        TX errors 0  dropped 0 overruns 0  carrier 0  collisions 0

lo: flags=73<UP,LOOPBACK,RUNNING>  mtu 65536
        inet 127.0.0.1  netmask 255.0.0.0
        inet6 ::1  prefixlen 128  scopeid 0x10<host>
        loop  txqueuelen 1000  (本地环回)
        RX packets 592  bytes 43448 (43.4 KB)
        RX errors 0  dropped 0  overruns 0  frame 0
        TX packets 592  bytes 43448 (43.4 KB)
        TX errors 0  dropped 0 overruns 0  carrier 0  collisions 0

root@ziqing-vm:/home/ziqing# netstat -rn
内核 IP 路由表
Destination     Gateway         Genmask         Flags   MSS Window  irtt Iface
0.0.0.0         192.168.0.1     0.0.0.0         UG        0 0          0 ens33
169.254.0.0     0.0.0.0         255.255.0.0     U         0 0          0 ens33
192.168.0.0     0.0.0.0         255.255.255.0   U         0 0          0 ens33

root@ziqing-vm:/home/ziqing# arp -a
_gateway (192.168.0.1) 位于 54:a7:03:6c:17:c4 [ether] 在 ens33

root@ziqing-vm:/home/ziqing# ps auxwwem
USER        PID %CPU %MEM    VSZ   RSS TTY      STAT START   TIME COMMAND
root          1  0.6  0.3 159968  9208 ?        -    23:33   0:06 /sbin/init splash HOME=/ init=/sbin/init NETWORK_SKIP_ENSLAVED= recovery= TERM=linux drop_caps= BOOT_IMAGE=/boot/vmlinuz-5.3.0-46-generic PATH=/sbin:/usr/sbin:/bin:/usr/bin PWD=/ rootmnt=/root
root          -  0.6    -      -     - -        Ss   23:33   0:06 -
root          2  0.0  0.0      0     0 ?        -    23:33   0:00 [kthreadd]
root          -  0.0    -      -     - -        S    23:33   0:00 -
root          3  0.0  0.0      0     0 ?        -    23:33   0:00 [rcu_gp]
root          -  0.0    -      -     - -        I<   23:33   0:00 -
root          4  0.0  0.0      0     0 ?        -    23:33   0:00 [rcu_par_gp]
root          -  0.0    -      -     - -        I<   23:33   0:00 -
root          5  0.0  0.0      0     0 ?        -    23:33   0:00 [kworker/0:0-eve]
root          -  0.0    -      -     - -        I    23:33   0:00 -
root          6  0.0  0.0      0     0 ?        -    23:33   0:00 [kworker/0:0H-kb]
root          -  0.0    -      -     - -        I<   23:33   0:00 -
root          7  0.0  0.0      0     0 ?        -    23:33   0:01 [kworker/0:1-eve]
root          -  0.0    -      -     - -        I    23:33   0:01 -
root          9  0.0  0.0      0     0 ?        -    23:33   0:00 [mm_percpu_wq]
root          -  0.0    -      -     - -        I<   23:33   0:00 -
root         10  0.0  0.0      0     0 ?        -    23:33   0:00 [ksoftirqd/0]
root          -  0.0    -      -     - -        S    23:33   0:00 -
root         11  0.1  0.0      0     0 ?        -    23:33   0:01 [rcu_sched]
root          -  0.1    -      -     - -        I    23:33   0:01 -
root         12  0.0  0.0      0     0 ?        -    23:33   0:00 [migration/0]
root          -  0.0    -      -     - -        S    23:33   0:00 -
root         13  0.0  0.0      0     0 ?        -    23:33   0:00 [idle_inject/0]
root          -  0.0    -      -     - -        S    23:33   0:00 -
root         14  0.0  0.0      0     0 ?        -    23:33   0:00 [cpuhp/0]
root          -  0.0    -      -     - -        S    23:33   0:00 -
root         15  0.0  0.0      0     0 ?        -    23:33   0:00 [cpuhp/1]
root          -  0.0    -      -     - -        S    23:33   0:00 -
root         16  0.0  0.0      0     0 ?        -    23:33   0:00 [idle_inject/1]
root          -  0.0    -      -     - -        S    23:33   0:00 -
root         17  0.0  0.0      0     0 ?        -    23:33   0:00 [migration/1]
root          -  0.0    -      -     - -        S    23:33   0:00 -
root         18  0.0  0.0      0     0 ?        -    23:33   0:00 [ksoftirqd/1]
root          -  0.0    -      -     - -        S    23:33   0:00 -
root         20  0.0  0.0      0     0 ?        -    23:33   0:00 [kworker/1:0H-kb]
root          -  0.0    -      -     - -        I<   23:33   0:00 -
root         21  0.0  0.0      0     0 ?        -    23:33   0:00 [kdevtmpfs]
root          -  0.0    -      -     - -        S    23:33   0:00 -
root         22  0.0  0.0      0     0 ?        -    23:33   0:00 [netns]
root          -  0.0    -      -     - -        I<   23:33   0:00 -
root         23  0.0  0.0      0     0 ?        -    23:33   0:00 [rcu_tasks_kthre]
root          -  0.0    -      -     - -        S    23:33   0:00 -
root         24  0.0  0.0      0     0 ?        -    23:33   0:00 [kauditd]
root          -  0.0    -      -     - -        S    23:33   0:00 -
root         26  0.2  0.0      0     0 ?        -    23:33   0:02 [kworker/1:2-eve]
root          -  0.2    -      -     - -        I    23:33   0:02 -
root         28  0.0  0.0      0     0 ?        -    23:33   0:00 [khungtaskd]
root          -  0.0    -      -     - -        S    23:33   0:00 -
root         29  0.0  0.0      0     0 ?        -    23:33   0:00 [oom_reaper]
root          -  0.0    -      -     - -        S    23:33   0:00 -
root         30  0.0  0.0      0     0 ?        -    23:33   0:00 [writeback]
root          -  0.0    -      -     - -        I<   23:33   0:00 -
root         31  0.0  0.0      0     0 ?        -    23:33   0:00 [kcompactd0]
root          -  0.0    -      -     - -        S    23:33   0:00 -
root         32  0.0  0.0      0     0 ?        -    23:33   0:00 [ksmd]
root          -  0.0    -      -     - -        SN   23:33   0:00 -
root         33  0.0  0.0      0     0 ?        -    23:33   0:00 [khugepaged]
root          -  0.0    -      -     - -        SN   23:33   0:00 -
root        125  0.0  0.0      0     0 ?        -    23:33   0:00 [kintegrityd]
root          -  0.0    -      -     - -        I<   23:33   0:00 -
root        126  0.0  0.0      0     0 ?        -    23:33   0:00 [kblockd]
root          -  0.0    -      -     - -        I<   23:33   0:00 -
root        127  0.0  0.0      0     0 ?        -    23:33   0:00 [blkcg_punt_bio]
root          -  0.0    -      -     - -        I<   23:33   0:00 -
root        128  0.0  0.0      0     0 ?        -    23:33   0:00 [tpm_dev_wq]
root          -  0.0    -      -     - -        I<   23:33   0:00 -
root        129  0.0  0.0      0     0 ?        -    23:33   0:00 [ata_sff]
root          -  0.0    -      -     - -        I<   23:33   0:00 -
root        130  0.0  0.0      0     0 ?        -    23:33   0:00 [md]
root          -  0.0    -      -     - -        I<   23:33   0:00 -
root        131  0.0  0.0      0     0 ?        -    23:33   0:00 [edac-poller]
root          -  0.0    -      -     - -        I<   23:33   0:00 -
root        132  0.0  0.0      0     0 ?        -    23:33   0:00 [devfreq_wq]
root          -  0.0    -      -     - -        I<   23:33   0:00 -
root        133  0.0  0.0      0     0 ?        -    23:33   0:00 [watchdogd]
root          -  0.0    -      -     - -        S    23:33   0:00 -
root        136  0.0  0.0      0     0 ?        -    23:33   0:00 [kswapd0]
root          -  0.0    -      -     - -        S    23:33   0:00 -
root        137  0.0  0.0      0     0 ?        -    23:33   0:00 [kworker/u257:0-]
root          -  0.0    -      -     - -        I<   23:33   0:00 -
root        138  0.0  0.0      0     0 ?        -    23:33   0:00 [ecryptfs-kthrea]
root          -  0.0    -      -     - -        S    23:33   0:00 -
root        141  0.0  0.0      0     0 ?        -    23:33   0:00 [kthrotld]
root          -  0.0    -      -     - -        I<   23:33   0:00 -
root        142  0.0  0.0      0     0 ?        -    23:33   0:00 [irq/24-pciehp]
root          -  0.0    -      -     - -        S    23:33   0:00 -
root        143  0.0  0.0      0     0 ?        -    23:33   0:00 [irq/25-pciehp]
root          -  0.0    -      -     - -        S    23:33   0:00 -
root        144  0.0  0.0      0     0 ?        -    23:33   0:00 [irq/26-pciehp]
root          -  0.0    -      -     - -        S    23:33   0:00 -
root        145  0.0  0.0      0     0 ?        -    23:33   0:00 [irq/27-pciehp]
root          -  0.0    -      -     - -        S    23:33   0:00 -
root        146  0.0  0.0      0     0 ?        -    23:33   0:00 [irq/28-pciehp]
root          -  0.0    -      -     - -        S    23:33   0:00 -
root        147  0.0  0.0      0     0 ?        -    23:33   0:00 [irq/29-pciehp]
root          -  0.0    -      -     - -        S    23:33   0:00 -
root        148  0.0  0.0      0     0 ?        -    23:33   0:00 [irq/30-pciehp]
root          -  0.0    -      -     - -        S    23:33   0:00 -
root        149  0.0  0.0      0     0 ?        -    23:33   0:00 [irq/31-pciehp]
root          -  0.0    -      -     - -        S    23:33   0:00 -
root        150  0.0  0.0      0     0 ?        -    23:33   0:00 [irq/32-pciehp]
root          -  0.0    -      -     - -        S    23:33   0:00 -
root        151  0.0  0.0      0     0 ?        -    23:33   0:00 [irq/33-pciehp]
root          -  0.0    -      -     - -        S    23:33   0:00 -
root        152  0.0  0.0      0     0 ?        -    23:33   0:00 [irq/34-pciehp]
root          -  0.0    -      -     - -        S    23:33   0:00 -
root        153  0.0  0.0      0     0 ?        -    23:33   0:00 [irq/35-pciehp]
root          -  0.0    -      -     - -        S    23:33   0:00 -
root        154  0.0  0.0      0     0 ?        -    23:33   0:00 [irq/36-pciehp]
root          -  0.0    -      -     - -        S    23:33   0:00 -
root        155  0.0  0.0      0     0 ?        -    23:33   0:00 [irq/37-pciehp]
root          -  0.0    -      -     - -        S    23:33   0:00 -
root        156  0.0  0.0      0     0 ?        -    23:33   0:00 [irq/38-pciehp]
root          -  0.0    -      -     - -        S    23:33   0:00 -
root        157  0.0  0.0      0     0 ?        -    23:33   0:00 [irq/39-pciehp]
root          -  0.0    -      -     - -        S    23:33   0:00 -
root        158  0.0  0.0      0     0 ?        -    23:33   0:00 [irq/40-pciehp]
root          -  0.0    -      -     - -        S    23:33   0:00 -
root        159  0.0  0.0      0     0 ?        -    23:33   0:00 [irq/41-pciehp]
root          -  0.0    -      -     - -        S    23:33   0:00 -
root        160  0.0  0.0      0     0 ?        -    23:33   0:00 [irq/42-pciehp]
root          -  0.0    -      -     - -        S    23:33   0:00 -
root        161  0.0  0.0      0     0 ?        -    23:33   0:00 [irq/43-pciehp]
root          -  0.0    -      -     - -        S    23:33   0:00 -
root        162  0.0  0.0      0     0 ?        -    23:33   0:00 [irq/44-pciehp]
root          -  0.0    -      -     - -        S    23:33   0:00 -
root        163  0.0  0.0      0     0 ?        -    23:33   0:00 [irq/45-pciehp]
root          -  0.0    -      -     - -        S    23:33   0:00 -
root        164  0.0  0.0      0     0 ?        -    23:33   0:00 [irq/46-pciehp]
root          -  0.0    -      -     - -        S    23:33   0:00 -
root        165  0.0  0.0      0     0 ?        -    23:33   0:00 [irq/47-pciehp]
root          -  0.0    -      -     - -        S    23:33   0:00 -
root        166  0.0  0.0      0     0 ?        -    23:33   0:00 [irq/48-pciehp]
root          -  0.0    -      -     - -        S    23:33   0:00 -
root        167  0.0  0.0      0     0 ?        -    23:33   0:00 [irq/49-pciehp]
root          -  0.0    -      -     - -        S    23:33   0:00 -
root        168  0.0  0.0      0     0 ?        -    23:33   0:00 [irq/50-pciehp]
root          -  0.0    -      -     - -        S    23:33   0:00 -
root        169  0.0  0.0      0     0 ?        -    23:33   0:00 [irq/51-pciehp]
root          -  0.0    -      -     - -        S    23:33   0:00 -
root        170  0.0  0.0      0     0 ?        -    23:33   0:00 [irq/52-pciehp]
root          -  0.0    -      -     - -        S    23:33   0:00 -
root        171  0.0  0.0      0     0 ?        -    23:33   0:00 [irq/53-pciehp]
root          -  0.0    -      -     - -        S    23:33   0:00 -
root        172  0.0  0.0      0     0 ?        -    23:33   0:00 [irq/54-pciehp]
root          -  0.0    -      -     - -        S    23:33   0:00 -
root        173  0.0  0.0      0     0 ?        -    23:33   0:00 [irq/55-pciehp]
root          -  0.0    -      -     - -        S    23:33   0:00 -
root        174  0.0  0.0      0     0 ?        -    23:33   0:00 [acpi_thermal_pm]
root          -  0.0    -      -     - -        I<   23:33   0:00 -
root        175  0.0  0.0      0     0 ?        -    23:33   0:00 [scsi_eh_0]
root          -  0.0    -      -     - -        S    23:33   0:00 -
root        176  0.0  0.0      0     0 ?        -    23:33   0:00 [scsi_tmf_0]
root          -  0.0    -      -     - -        I<   23:33   0:00 -
root        177  0.0  0.0      0     0 ?        -    23:33   0:00 [scsi_eh_1]
root          -  0.0    -      -     - -        S    23:33   0:00 -
root        178  0.0  0.0      0     0 ?        -    23:33   0:00 [scsi_tmf_1]
root          -  0.0    -      -     - -        I<   23:33   0:00 -
root        180  0.0  0.0      0     0 ?        -    23:33   0:00 [ipv6_addrconf]
root          -  0.0    -      -     - -        I<   23:33   0:00 -
root        192  0.0  0.0      0     0 ?        -    23:33   0:00 [kstrp]
root          -  0.0    -      -     - -        I<   23:33   0:00 -
root        211  0.0  0.0      0     0 ?        -    23:33   0:00 [charger_manager]
root          -  0.0    -      -     - -        I<   23:33   0:00 -
root        259  0.0  0.0      0     0 ?        -    23:33   0:00 [scsi_eh_2]
root          -  0.0    -      -     - -        S    23:33   0:00 -
root        260  0.0  0.0      0     0 ?        -    23:33   0:00 [scsi_tmf_2]
root          -  0.0    -      -     - -        I<   23:33   0:00 -
root        261  0.0  0.0      0     0 ?        -    23:33   0:00 [mpt_poll_0]
root          -  0.0    -      -     - -        I<   23:33   0:00 -
root        262  0.0  0.0      0     0 ?        -    23:33   0:00 [scsi_eh_3]
root          -  0.0    -      -     - -        S    23:33   0:00 -
root        263  0.0  0.0      0     0 ?        -    23:33   0:00 [scsi_tmf_3]
root          -  0.0    -      -     - -        I<   23:33   0:00 -
root        264  0.0  0.0      0     0 ?        -    23:33   0:00 [scsi_eh_4]
root          -  0.0    -      -     - -        S    23:33   0:00 -
root        265  0.0  0.0      0     0 ?        -    23:33   0:00 [scsi_tmf_4]
root          -  0.0    -      -     - -        I<   23:33   0:00 -
root        266  0.0  0.0      0     0 ?        -    23:33   0:00 [scsi_eh_5]
root          -  0.0    -      -     - -        S    23:33   0:00 -
root        267  0.0  0.0      0     0 ?        -    23:33   0:00 [scsi_tmf_5]
root          -  0.0    -      -     - -        I<   23:33   0:00 -
root        268  0.0  0.0      0     0 ?        -    23:33   0:00 [scsi_eh_6]
root          -  0.0    -      -     - -        S    23:33   0:00 -
root        269  0.0  0.0      0     0 ?        -    23:33   0:00 [scsi_tmf_6]
root          -  0.0    -      -     - -        I<   23:33   0:00 -
root        270  0.0  0.0      0     0 ?        -    23:33   0:00 [scsi_eh_7]
root          -  0.0    -      -     - -        S    23:33   0:00 -
root        271  0.0  0.0      0     0 ?        -    23:33   0:00 [scsi_tmf_7]
root          -  0.0    -      -     - -        I<   23:33   0:00 -
root        272  0.0  0.0      0     0 ?        -    23:33   0:00 [scsi_eh_8]
root          -  0.0    -      -     - -        S    23:33   0:00 -
root        273  0.0  0.0      0     0 ?        -    23:33   0:00 [scsi_tmf_8]
root          -  0.0    -      -     - -        I<   23:33   0:00 -
root        274  0.0  0.0      0     0 ?        -    23:33   0:00 [scsi_eh_9]
root          -  0.0    -      -     - -        S    23:33   0:00 -
root        275  0.0  0.0      0     0 ?        -    23:33   0:00 [mpt/0]
root          -  0.0    -      -     - -        I<   23:33   0:00 -
root        276  0.0  0.0      0     0 ?        -    23:33   0:00 [scsi_tmf_9]
root          -  0.0    -      -     - -        I<   23:33   0:00 -
root        277  0.0  0.0      0     0 ?        -    23:33   0:00 [scsi_eh_10]
root          -  0.0    -      -     - -        S    23:33   0:00 -
root        278  0.0  0.0      0     0 ?        -    23:33   0:00 [scsi_tmf_10]
root          -  0.0    -      -     - -        I<   23:33   0:00 -
root        279  0.0  0.0      0     0 ?        -    23:33   0:00 [scsi_eh_11]
root          -  0.0    -      -     - -        S    23:33   0:00 -
root        280  0.0  0.0      0     0 ?        -    23:33   0:00 [scsi_tmf_11]
root          -  0.0    -      -     - -        I<   23:33   0:00 -
root        281  0.0  0.0      0     0 ?        -    23:33   0:00 [scsi_eh_12]
root          -  0.0    -      -     - -        S    23:33   0:00 -
root        282  0.0  0.0      0     0 ?        -    23:33   0:00 [scsi_tmf_12]
root          -  0.0    -      -     - -        I<   23:33   0:00 -
root        283  0.0  0.0      0     0 ?        -    23:33   0:00 [scsi_eh_13]
root          -  0.0    -      -     - -        S    23:33   0:00 -
root        284  0.0  0.0      0     0 ?        -    23:33   0:00 [scsi_tmf_13]
root          -  0.0    -      -     - -        I<   23:33   0:00 -
root        285  0.0  0.0      0     0 ?        -    23:33   0:00 [scsi_eh_14]
root          -  0.0    -      -     - -        S    23:33   0:00 -
root        286  0.0  0.0      0     0 ?        -    23:33   0:00 [scsi_tmf_14]
root          -  0.0    -      -     - -        I<   23:33   0:00 -
root        288  0.0  0.0      0     0 ?        -    23:33   0:00 [scsi_eh_15]
root          -  0.0    -      -     - -        S    23:33   0:00 -
root        289  0.0  0.0      0     0 ?        -    23:33   0:00 [scsi_tmf_15]
root          -  0.0    -      -     - -        I<   23:33   0:00 -
root        290  0.0  0.0      0     0 ?        -    23:33   0:00 [scsi_eh_16]
root          -  0.0    -      -     - -        S    23:33   0:00 -
root        291  0.0  0.0      0     0 ?        -    23:33   0:00 [scsi_tmf_16]
root          -  0.0    -      -     - -        I<   23:33   0:00 -
root        292  0.0  0.0      0     0 ?        -    23:33   0:00 [scsi_eh_17]
root          -  0.0    -      -     - -        S    23:33   0:00 -
root        293  0.0  0.0      0     0 ?        -    23:33   0:00 [scsi_tmf_17]
root          -  0.0    -      -     - -        I<   23:33   0:00 -
root        294  0.0  0.0      0     0 ?        -    23:33   0:00 [scsi_eh_18]
root          -  0.0    -      -     - -        S    23:33   0:00 -
root        295  0.0  0.0      0     0 ?        -    23:33   0:00 [scsi_tmf_18]
root          -  0.0    -      -     - -        I<   23:33   0:00 -
root        296  0.0  0.0      0     0 ?        -    23:33   0:00 [scsi_eh_19]
root          -  0.0    -      -     - -        S    23:33   0:00 -
root        297  0.0  0.0      0     0 ?        -    23:33   0:00 [scsi_tmf_19]
root          -  0.0    -      -     - -        I<   23:33   0:00 -
root        298  0.0  0.0      0     0 ?        -    23:33   0:00 [scsi_eh_20]
root          -  0.0    -      -     - -        S    23:33   0:00 -
root        299  0.0  0.0      0     0 ?        -    23:33   0:00 [scsi_tmf_20]
root          -  0.0    -      -     - -        I<   23:33   0:00 -
root        300  0.0  0.0      0     0 ?        -    23:33   0:00 [scsi_eh_21]
root          -  0.0    -      -     - -        S    23:33   0:00 -
root        301  0.0  0.0      0     0 ?        -    23:33   0:00 [scsi_tmf_21]
root          -  0.0    -      -     - -        I<   23:33   0:00 -
root        302  0.0  0.0      0     0 ?        -    23:33   0:00 [scsi_eh_22]
root          -  0.0    -      -     - -        S    23:33   0:00 -
root        303  0.0  0.0      0     0 ?        -    23:33   0:00 [scsi_tmf_22]
root          -  0.0    -      -     - -        I<   23:33   0:00 -
root        304  0.0  0.0      0     0 ?        -    23:33   0:00 [scsi_eh_23]
root          -  0.0    -      -     - -        S    23:33   0:00 -
root        305  0.0  0.0      0     0 ?        -    23:33   0:00 [scsi_tmf_23]
root          -  0.0    -      -     - -        I<   23:33   0:00 -
root        306  0.0  0.0      0     0 ?        -    23:33   0:00 [scsi_eh_24]
root          -  0.0    -      -     - -        S    23:33   0:00 -
root        307  0.0  0.0      0     0 ?        -    23:33   0:00 [scsi_tmf_24]
root          -  0.0    -      -     - -        I<   23:33   0:00 -
root        308  0.0  0.0      0     0 ?        -    23:33   0:00 [scsi_eh_25]
root          -  0.0    -      -     - -        S    23:33   0:00 -
root        309  0.0  0.0      0     0 ?        -    23:33   0:00 [scsi_tmf_25]
root          -  0.0    -      -     - -        I<   23:33   0:00 -
root        310  0.0  0.0      0     0 ?        -    23:33   0:00 [scsi_eh_26]
root          -  0.0    -      -     - -        S    23:33   0:00 -
root        311  0.0  0.0      0     0 ?        -    23:33   0:00 [scsi_tmf_26]
root          -  0.0    -      -     - -        I<   23:33   0:00 -
root        312  0.0  0.0      0     0 ?        -    23:33   0:00 [scsi_eh_27]
root          -  0.0    -      -     - -        S    23:33   0:00 -
root        313  0.0  0.0      0     0 ?        -    23:33   0:00 [scsi_tmf_27]
root          -  0.0    -      -     - -        I<   23:33   0:00 -
root        314  0.0  0.0      0     0 ?        -    23:33   0:00 [scsi_eh_28]
root          -  0.0    -      -     - -        S    23:33   0:00 -
root        315  0.0  0.0      0     0 ?        -    23:33   0:00 [scsi_tmf_28]
root          -  0.0    -      -     - -        I<   23:33   0:00 -
root        316  0.0  0.0      0     0 ?        -    23:33   0:00 [scsi_eh_29]
root          -  0.0    -      -     - -        S    23:33   0:00 -
root        317  0.0  0.0      0     0 ?        -    23:33   0:00 [scsi_tmf_29]
root          -  0.0    -      -     - -        I<   23:33   0:00 -
root        318  0.0  0.0      0     0 ?        -    23:33   0:00 [scsi_eh_30]
root          -  0.0    -      -     - -        S    23:33   0:00 -
root        319  0.0  0.0      0     0 ?        -    23:33   0:00 [scsi_tmf_30]
root          -  0.0    -      -     - -        I<   23:33   0:00 -
root        320  0.0  0.0      0     0 ?        -    23:33   0:00 [scsi_eh_31]
root          -  0.0    -      -     - -        S    23:33   0:00 -
root        321  0.0  0.0      0     0 ?        -    23:33   0:00 [scsi_tmf_31]
root          -  0.0    -      -     - -        I<   23:33   0:00 -
root        331  0.0  0.0      0     0 ?        -    23:33   0:00 [kworker/u256:13]
root          -  0.0    -      -     - -        I    23:33   0:00 -
root        346  0.0  0.0      0     0 ?        -    23:33   0:00 [kworker/u256:28]
root          -  0.0    -      -     - -        R    23:33   0:00 -
root        350  0.0  0.0      0     0 ?        -    23:33   0:00 [scsi_eh_32]
root          -  0.0    -      -     - -        S    23:33   0:00 -
root        351  0.0  0.0      0     0 ?        -    23:33   0:00 [scsi_tmf_32]
root          -  0.0    -      -     - -        I<   23:33   0:00 -
root        352  0.0  0.0      0     0 ?        -    23:33   0:00 [kworker/0:1H-kb]
root          -  0.0    -      -     - -        I<   23:33   0:00 -
root        356  0.0  0.0      0     0 ?        -    23:33   0:00 [kworker/1:1H-kb]
root          -  0.0    -      -     - -        I<   23:33   0:00 -
root        393  0.0  0.0      0     0 ?        -    23:33   0:00 [jbd2/sda1-8]
root          -  0.0    -      -     - -        S    23:33   0:00 -
root        394  0.0  0.0      0     0 ?        -    23:33   0:00 [ext4-rsv-conver]
root          -  0.0    -      -     - -        I<   23:33   0:00 -
root        436  0.0  0.4  95196 14848 ?        -    23:33   0:01 /lib/systemd/systemd-journald LANG=zh_CN.UTF-8 LANGUAGE=zh_CN:zh:en_US:en LC_ADDRESS=zh_CN.UTF-8 LC_IDENTIFICATION=zh_CN.UTF-8 LC_MEASUREMENT=zh_CN.UTF-8 LC_MONETARY=zh_CN.UTF-8 LC_NAME=zh_CN.UTF-8 LC_NUMERIC=zh_CN.UTF-8 LC_PAPER=zh_CN.UTF-8 LC_TELEPHONE=zh_CN.UTF-8 LC_TIME=zh_CN.UTF-8 PATH=/usr/local/sbin:/usr/local/bin:/usr/sbin:/usr/bin:/sbin:/bin:/snap/bin NOTIFY_SOCKET=/run/systemd/notify LISTEN_PID=436 LISTEN_FDS=4 LISTEN_FDNAMES=systemd-journald-dev-log.socket:systemd-journald-audit.socket:systemd-journald.socket:systemd-journald.socket INVOCATION_ID=e5d9e2aad07c4b48b4beff7d6e38ecdd
root          -  0.0    -      -     - -        S<s  23:33   0:00 -
root        457  0.0  0.2  48064  6248 ?        -    23:33   0:00 /lib/systemd/systemd-udevd LANG=zh_CN.UTF-8 LANGUAGE=zh_CN:zh:en_US:en LC_ADDRESS=zh_CN.UTF-8 LC_IDENTIFICATION=zh_CN.UTF-8 LC_MEASUREMENT=zh_CN.UTF-8 LC_MONETARY=zh_CN.UTF-8 LC_NAME=zh_CN.UTF-8 LC_NUMERIC=zh_CN.UTF-8 LC_PAPER=zh_CN.UTF-8 LC_TELEPHONE=zh_CN.UTF-8 LC_TIME=zh_CN.UTF-8 PATH=/usr/local/sbin:/usr/local/bin:/usr/sbin:/usr/bin:/sbin:/bin:/snap/bin NOTIFY_SOCKET=/run/systemd/notify LISTEN_PID=457 LISTEN_FDS=2 LISTEN_FDNAMES=systemd-udevd-control.socket:systemd-udevd-kernel.socket WATCHDOG_PID=457 WATCHDOG_USEC=180000000 INVOCATION_ID=63fe2901c49a441ebac6050f1a6ebabf JOURNAL_STREAM=9:25232
root          -  0.0    -      -     - -        Ss   23:33   0:00 -
root        460  0.0  0.0      0     0 ?        -    23:33   0:00 [loop0]
root          -  0.0    -      -     - -        S<   23:33   0:00 -
root        463  0.0  0.0      0     0 ?        -    23:33   0:00 [loop1]
root          -  0.0    -      -     - -        S<   23:33   0:00 -
root        464  0.0  0.0      0     0 ?        -    23:33   0:00 [loop2]
root          -  0.0    -      -     - -        S<   23:33   0:00 -
root        467  0.0  0.0      0     0 ?        -    23:33   0:00 [loop3]
root          -  0.0    -      -     - -        S<   23:33   0:00 -
root        468  0.0  0.0      0     0 ?        -    23:33   0:00 [loop4]
root          -  0.0    -      -     - -        S<   23:33   0:00 -
root        470  0.0  0.0      0     0 ?        -    23:33   0:00 [loop5]
root          -  0.0    -      -     - -        S<   23:33   0:00 -
root        476  0.0  0.0      0     0 ?        -    23:33   0:00 [loop6]
root          -  0.0    -      -     - -        S<   23:33   0:00 -
root        482  0.0  0.0      0     0 ?        -    23:33   0:00 [loop7]
root          -  0.0    -      -     - -        S<   23:33   0:00 -
root        485  0.0  0.0      0     0 ?        -    23:33   0:00 [loop8]
root          -  0.0    -      -     - -        S<   23:33   0:00 -
root        488  0.0  0.0      0     0 ?        -    23:33   0:00 [loop9]
root          -  0.0    -      -     - -        S<   23:33   0:00 -
root        489  0.0  0.0      0     0 ?        -    23:33   0:00 [loop10]
root          -  0.0    -      -     - -        S<   23:33   0:00 -
root        490  0.0  0.0      0     0 ?        -    23:33   0:00 [loop11]
root          -  0.0    -      -     - -        S<   23:33   0:00 -
root        500  0.0  0.0      0     0 ?        -    23:33   0:00 [loop12]
root          -  0.0    -      -     - -        S<   23:33   0:00 -
root        502  0.0  0.0      0     0 ?        -    23:33   0:00 [loop13]
root          -  0.0    -      -     - -        S<   23:33   0:00 -
root        505  0.0  0.0      0     0 ?        -    23:33   0:00 [loop14]
root          -  0.0    -      -     - -        S<   23:33   0:00 -
root        507  0.0  0.0      0     0 ?        -    23:33   0:00 [loop15]
root          -  0.0    -      -     - -        S<   23:33   0:00 -
root        586  0.0  0.0      0     0 ?        -    23:33   0:00 [irq/16-vmwgfx]
root          -  0.0    -      -     - -        S    23:33   0:00 -
root        587  0.0  0.0      0     0 ?        -    23:33   0:00 [ttm_swap]
root          -  0.0    -      -     - -        I<   23:33   0:00 -
root        605  0.0  0.0      0     0 ?        -    23:33   0:00 [kworker/u257:1-]
root          -  0.0    -      -     - -        I<   23:33   0:00 -
root        632  0.0  0.0      0     0 ?        -    23:33   0:00 [cryptd]
root          -  0.0    -      -     - -        I<   23:33   0:00 -
systemd+    777  0.0  0.1  70632  5148 ?        -    23:33   0:00 /lib/systemd/systemd-resolved LANG=zh_CN.UTF-8 LANGUAGE=zh_CN:zh:en_US:en LC_ADDRESS=zh_CN.UTF-8 LC_IDENTIFICATION=zh_CN.UTF-8 LC_MEASUREMENT=zh_CN.UTF-8 LC_MONETARY=zh_CN.UTF-8 LC_NAME=zh_CN.UTF-8 LC_NUMERIC=zh_CN.UTF-8 LC_PAPER=zh_CN.UTF-8 LC_TELEPHONE=zh_CN.UTF-8 LC_TIME=zh_CN.UTF-8 PATH=/usr/local/sbin:/usr/local/bin:/usr/sbin:/usr/bin:/sbin:/bin:/snap/bin NOTIFY_SOCKET=/run/systemd/notify WATCHDOG_PID=777 WATCHDOG_USEC=180000000 HOME=/run/systemd/resolve LOGNAME=systemd-resolve USER=systemd-resolve INVOCATION_ID=533f6940d88f4b809fc406e8a8894ca9 JOURNAL_STREAM=9:35561
systemd+      -  0.0    -      -     - -        Ss   23:33   0:00 -
systemd+    778  0.0  0.1 146112  3292 ?        -    23:33   0:00 /lib/systemd/systemd-timesyncd LANG=zh_CN.UTF-8 LANGUAGE=zh_CN:zh:en_US:en LC_ADDRESS=zh_CN.UTF-8 LC_IDENTIFICATION=zh_CN.UTF-8 LC_MEASUREMENT=zh_CN.UTF-8 LC_MONETARY=zh_CN.UTF-8 LC_NAME=zh_CN.UTF-8 LC_NUMERIC=zh_CN.UTF-8 LC_PAPER=zh_CN.UTF-8 LC_TELEPHONE=zh_CN.UTF-8 LC_TIME=zh_CN.UTF-8 PATH=/usr/local/sbin:/usr/local/bin:/usr/sbin:/usr/bin:/sbin:/bin:/snap/bin NOTIFY_SOCKET=/run/systemd/notify WATCHDOG_PID=778 WATCHDOG_USEC=180000000 LOGNAME=systemd-timesync USER=systemd-timesync INVOCATION_ID=30da8b0fa0cf4c6fa00121e95c94afc4 JOURNAL_STREAM=9:33777
systemd+      -  0.0    -      -     - -        Ssl  23:33   0:00 -
systemd+      -  0.0    -      -     - -        Ssl  23:33   0:00 -
root        827  0.0  0.2  70708  6196 ?        -    23:33   0:00 /lib/systemd/systemd-logind LANG=zh_CN.UTF-8 LANGUAGE=zh_CN:zh:en_US:en LC_ADDRESS=zh_CN.UTF-8 LC_IDENTIFICATION=zh_CN.UTF-8 LC_MEASUREMENT=zh_CN.UTF-8 LC_MONETARY=zh_CN.UTF-8 LC_NAME=zh_CN.UTF-8 LC_NUMERIC=zh_CN.UTF-8 LC_PAPER=zh_CN.UTF-8 LC_TELEPHONE=zh_CN.UTF-8 LC_TIME=zh_CN.UTF-8 PATH=/usr/local/sbin:/usr/local/bin:/usr/sbin:/usr/bin:/sbin:/bin:/snap/bin NOTIFY_SOCKET=/run/systemd/notify WATCHDOG_PID=827 WATCHDOG_USEC=180000000 INVOCATION_ID=860bbc25e9114c9ea994a95c85192c97 JOURNAL_STREAM=9:35709
root          -  0.0    -      -     - -        Ss   23:33   0:00 -
avahi       829  0.0  0.1  47256  3312 ?        -    23:33   0:00 avahi-daemon: running [ziqing-vm.local] ing-vm.local]                                                                                                                                                                                                                                                                                                                                                                                                                                                                                                      
avahi         -  0.0    -      -     - -        Ss   23:33   0:00 -
syslog      830  0.0  0.1 269332  5168 ?        -    23:33   0:00 /usr/sbin/rsyslogd -n LANG=zh_CN.UTF-8 LANGUAGE=zh_CN:zh:en_US:en LC_ADDRESS=zh_CN.UTF-8 LC_IDENTIFICATION=zh_CN.UTF-8 LC_MEASUREMENT=zh_CN.UTF-8 LC_MONETARY=zh_CN.UTF-8 LC_NAME=zh_CN.UTF-8 LC_NUMERIC=zh_CN.UTF-8 LC_PAPER=zh_CN.UTF-8 LC_TELEPHONE=zh_CN.UTF-8 LC_TIME=zh_CN.UTF-8 PATH=/usr/local/sbin:/usr/local/bin:/usr/sbin:/usr/bin:/sbin:/bin:/snap/bin NOTIFY_SOCKET=/run/systemd/notify LISTEN_PID=830 LISTEN_FDS=1 LISTEN_FDNAMES=syslog.socket INVOCATION_ID=6be5fbcfe37f41dd8214e7d67c8f9339
syslog        -  0.0    -      -     - -        Ssl  23:33   0:00 -
syslog        -  0.0    -      -     - -        Ssl  23:33   0:00 -
syslog        -  0.0    -      -     - -        Ssl  23:33   0:00 -
syslog        -  0.0    -      -     - -        Ssl  23:33   0:00 -
root        832  0.0  0.3 434308  9504 ?        -    23:33   0:00 /usr/sbin/ModemManager --filter-policy=strict LANG=zh_CN.UTF-8 LANGUAGE=zh_CN:zh:en_US:en LC_ADDRESS=zh_CN.UTF-8 LC_IDENTIFICATION=zh_CN.UTF-8 LC_MEASUREMENT=zh_CN.UTF-8 LC_MONETARY=zh_CN.UTF-8 LC_NAME=zh_CN.UTF-8 LC_NUMERIC=zh_CN.UTF-8 LC_PAPER=zh_CN.UTF-8 LC_TELEPHONE=zh_CN.UTF-8 LC_TIME=zh_CN.UTF-8 PATH=/usr/local/sbin:/usr/local/bin:/usr/sbin:/usr/bin:/sbin:/bin:/snap/bin HOME=/root LOGNAME=root USER=root SHELL=/bin/sh INVOCATION_ID=d79eade0941a43a8b485ef86abdad427 JOURNAL_STREAM=9:37024
root          -  0.0    -      -     - -        Ssl  23:33   0:00 -
root          -  0.0    -      -     - -        Ssl  23:33   0:00 -
root          -  0.0    -      -     - -        Ssl  23:33   0:00 -
root        838  0.0  0.5 177640 17184 ?        -    23:33   0:00 /usr/bin/python3 /usr/bin/networkd-dispatcher --run-startup-triggers LANG=zh_CN.UTF-8 LANGUAGE=zh_CN:zh:en_US:en LC_ADDRESS=zh_CN.UTF-8 LC_IDENTIFICATION=zh_CN.UTF-8 LC_MEASUREMENT=zh_CN.UTF-8 LC_MONETARY=zh_CN.UTF-8 LC_NAME=zh_CN.UTF-8 LC_NUMERIC=zh_CN.UTF-8 LC_PAPER=zh_CN.UTF-8 LC_TELEPHONE=zh_CN.UTF-8 LC_TIME=zh_CN.UTF-8 PATH=/usr/local/sbin:/usr/local/bin:/usr/sbin:/usr/bin:/sbin:/bin:/snap/bin NOTIFY_SOCKET=/run/systemd/notify INVOCATION_ID=d60351e9b590425688f46dd7afabc9bf JOURNAL_STREAM=9:37171 networkd_dispatcher_args=--run-startup-triggers
root          -  0.0    -      -     - -        Ssl  23:33   0:00 -
root          -  0.0    -      -     - -        Ssl  23:33   0:00 -
root        839  0.0  0.1  36480  4560 ?        -    23:33   0:00 /usr/lib/bluetooth/bluetoothd LANG=zh_CN.UTF-8 LANGUAGE=zh_CN:zh:en_US:en LC_ADDRESS=zh_CN.UTF-8 LC_IDENTIFICATION=zh_CN.UTF-8 LC_MEASUREMENT=zh_CN.UTF-8 LC_MONETARY=zh_CN.UTF-8 LC_NAME=zh_CN.UTF-8 LC_NUMERIC=zh_CN.UTF-8 LC_PAPER=zh_CN.UTF-8 LC_TELEPHONE=zh_CN.UTF-8 LC_TIME=zh_CN.UTF-8 PATH=/usr/local/sbin:/usr/local/bin:/usr/sbin:/usr/bin:/sbin:/bin:/snap/bin NOTIFY_SOCKET=/run/systemd/notify INVOCATION_ID=38e823332bd84959992ab9cee1fc6444 JOURNAL_STREAM=9:37098
root          -  0.0    -      -     - -        Ss   23:33   0:00 -
root        840  0.0  0.2 108224  8560 ?        -    23:33   0:00 /usr/sbin/cupsd -l LANG=zh_CN.UTF-8 LANGUAGE=zh_CN:zh:en_US:en LC_ADDRESS=zh_CN.UTF-8 LC_IDENTIFICATION=zh_CN.UTF-8 LC_MEASUREMENT=zh_CN.UTF-8 LC_MONETARY=zh_CN.UTF-8 LC_NAME=zh_CN.UTF-8 LC_NUMERIC=zh_CN.UTF-8 LC_PAPER=zh_CN.UTF-8 LC_TELEPHONE=zh_CN.UTF-8 LC_TIME=zh_CN.UTF-8 PATH=/usr/local/sbin:/usr/local/bin:/usr/sbin:/usr/bin:/sbin:/bin:/snap/bin LISTEN_PID=840 LISTEN_FDS=1 LISTEN_FDNAMES=cups.socket INVOCATION_ID=d1c8a1d1cc47475090d8ef593bcb0762 JOURNAL_STREAM=9:36101
root          -  0.0    -      -     - -        Ss   23:33   0:00 -
root        845  0.0  0.1  38424  3200 ?        -    23:33   0:00 /usr/sbin/cron -f LANG=zh_CN.UTF-8 LANGUAGE=zh_CN:zh:en_US:en LC_ADDRESS=zh_CN.UTF-8 LC_IDENTIFICATION=zh_CN.UTF-8 LC_MEASUREMENT=zh_CN.UTF-8 LC_MONETARY=zh_CN.UTF-8 LC_NAME=zh_CN.UTF-8 LC_NUMERIC=zh_CN.UTF-8 LC_PAPER=zh_CN.UTF-8 LC_TELEPHONE=zh_CN.UTF-8 LC_TIME=zh_CN.UTF-8 PATH=/usr/local/sbin:/usr/local/bin:/usr/sbin:/usr/bin:/sbin:/bin:/snap/bin INVOCATION_ID=46448305cdc04e51bcd38a0ec42e0fc1 JOURNAL_STREAM=9:36327
root          -  0.0    -      -     - -        Ss   23:33   0:00 -
root        850  0.0  0.2 294976  7112 ?        -    23:33   0:00 /usr/lib/accountsservice/accounts-daemon LANG=zh_CN.UTF-8 LANGUAGE=zh_CN:zh:en_US:en LC_ADDRESS=zh_CN.UTF-8 LC_IDENTIFICATION=zh_CN.UTF-8 LC_MEASUREMENT=zh_CN.UTF-8 LC_MONETARY=zh_CN.UTF-8 LC_NAME=zh_CN.UTF-8 LC_NUMERIC=zh_CN.UTF-8 LC_PAPER=zh_CN.UTF-8 LC_TELEPHONE=zh_CN.UTF-8 LC_TIME=zh_CN.UTF-8 PATH=/usr/local/sbin:/usr/local/bin:/usr/sbin:/usr/bin:/sbin:/bin:/snap/bin INVOCATION_ID=4829ea2e1d604568baae30fe662a0de2 JOURNAL_STREAM=9:37319 GVFS_DISABLE_FUSE=1 GIO_USE_VFS=local GVFS_REMOTE_VOLUME_MONITOR_IGNORE=1
root          -  0.0    -      -     - -        Ssl  23:33   0:00 -
root          -  0.0    -      -     - -        Ssl  23:33   0:00 -
root          -  0.0    -      -     - -        Ssl  23:33   0:00 -
root        851  0.0  0.3 503340 11204 ?        -    23:33   0:00 /usr/lib/udisks2/udisksd LANG=zh_CN.UTF-8 LANGUAGE=zh_CN:zh:en_US:en LC_ADDRESS=zh_CN.UTF-8 LC_IDENTIFICATION=zh_CN.UTF-8 LC_MEASUREMENT=zh_CN.UTF-8 LC_MONETARY=zh_CN.UTF-8 LC_NAME=zh_CN.UTF-8 LC_NUMERIC=zh_CN.UTF-8 LC_PAPER=zh_CN.UTF-8 LC_TELEPHONE=zh_CN.UTF-8 LC_TIME=zh_CN.UTF-8 PATH=/usr/local/sbin:/usr/local/bin:/usr/sbin:/usr/bin:/sbin:/bin:/snap/bin INVOCATION_ID=8b6de271c0fe4d0891122355deea9746 JOURNAL_STREAM=9:37247
root          -  0.0    -      -     - -        Ssl  23:33   0:00 -
root          -  0.0    -      -     - -        Ssl  23:33   0:00 -
root          -  0.0    -      -     - -        Ssl  23:33   0:00 -
root          -  0.0    -      -     - -        Ssl  23:33   0:00 -
root          -  0.0    -      -     - -        Ssl  23:33   0:00 -
root        854  0.0  0.0   4548   828 ?        -    23:33   0:00 /usr/sbin/acpid LANG=zh_CN.UTF-8 LANGUAGE=zh_CN:zh:en_US:en LC_ADDRESS=zh_CN.UTF-8 LC_IDENTIFICATION=zh_CN.UTF-8 LC_MEASUREMENT=zh_CN.UTF-8 LC_MONETARY=zh_CN.UTF-8 LC_NAME=zh_CN.UTF-8 LC_NUMERIC=zh_CN.UTF-8 LC_PAPER=zh_CN.UTF-8 LC_TELEPHONE=zh_CN.UTF-8 LC_TIME=zh_CN.UTF-8 PATH=/usr/local/sbin:/usr/local/bin:/usr/sbin:/usr/bin:/sbin:/bin:/snap/bin INVOCATION_ID=b0110ab6e76d44de9341f27b3741aab2
root          -  0.0    -      -     - -        Ss   23:33   0:00 -
message+    860  0.1  0.2  51644  6256 ?        -    23:33   0:01 /usr/bin/dbus-daemon --system --address=systemd: --nofork --nopidfile --systemd-activation --syslog-only LANG=zh_CN.UTF-8 LANGUAGE=zh_CN:zh:en_US:en LC_ADDRESS=zh_CN.UTF-8 LC_IDENTIFICATION=zh_CN.UTF-8 LC_MEASUREMENT=zh_CN.UTF-8 LC_MONETARY=zh_CN.UTF-8 LC_NAME=zh_CN.UTF-8 LC_NUMERIC=zh_CN.UTF-8 LC_PAPER=zh_CN.UTF-8 LC_TELEPHONE=zh_CN.UTF-8 LC_TIME=zh_CN.UTF-8 PATH=/usr/local/sbin:/usr/local/bin:/usr/sbin:/usr/bin:/sbin:/bin:/snap/bin LISTEN_PID=860 LISTEN_FDS=1 LISTEN_FDNAMES=dbus.socket SYSTEMD_NSS_BYPASS_BUS=1 INVOCATION_ID=53399267bd2647e787b8ab9b2153adb4 JOURNAL_STREAM=9:36486
message+      -  0.1    -      -     - -        Ss   23:33   0:01 -
avahi       869  0.0  0.0  47076   340 ?        -    23:33   0:00 avahi-daemon: chroot helper r                                                                                                                                                                                                                                                                                                                                                                                                                                                                                                                  
avahi         -  0.0    -      -     - -        S    23:33   0:00 -
root        906  0.0  0.1  45228  5408 ?        -    23:33   0:00 /sbin/wpa_supplicant -u -s -O /run/wpa_supplicant LANG=zh_CN.UTF-8 LANGUAGE=zh_CN:zh:en_US:en LC_ADDRESS=zh_CN.UTF-8 LC_IDENTIFICATION=zh_CN.UTF-8 LC_MEASUREMENT=zh_CN.UTF-8 LC_MONETARY=zh_CN.UTF-8 LC_NAME=zh_CN.UTF-8 LC_NUMERIC=zh_CN.UTF-8 LC_PAPER=zh_CN.UTF-8 LC_TELEPHONE=zh_CN.UTF-8 LC_TIME=zh_CN.UTF-8 PATH=/usr/local/sbin:/usr/local/bin:/usr/sbin:/usr/bin:/sbin:/bin:/snap/bin INVOCATION_ID=e3e21d5effd342ebaeebc93330ae5821 JOURNAL_STREAM=9:37629
root          -  0.0    -      -     - -        Ss   23:33   0:00 -
root        908  0.3  0.8 1156504 25000 ?       -    23:33   0:04 /usr/lib/snapd/snapd LANG=zh_CN.UTF-8 LANGUAGE=zh_CN:zh:en_US:en LC_ADDRESS=zh_CN.UTF-8 LC_IDENTIFICATION=zh_CN.UTF-8 LC_MEASUREMENT=zh_CN.UTF-8 LC_MONETARY=zh_CN.UTF-8 LC_NAME=zh_CN.UTF-8 LC_NUMERIC=zh_CN.UTF-8 LC_PAPER=zh_CN.UTF-8 LC_TELEPHONE=zh_CN.UTF-8 LC_TIME=zh_CN.UTF-8 PATH=/usr/local/sbin:/usr/local/bin:/usr/sbin:/usr/bin:/sbin:/bin:/usr/games:/usr/local/games NOTIFY_SOCKET=/run/systemd/notify LISTEN_PID=908 LISTEN_FDS=2 LISTEN_FDNAMES=snapd.socket:snapd.socket WATCHDOG_PID=908 WATCHDOG_USEC=300000000 INVOCATION_ID=2d4a75c900664e3295251c0428fa69f7 JOURNAL_STREAM=9:37780
root          -  0.1    -      -     - -        Ssl  23:33   0:01 -
root          -  0.0    -      -     - -        Ssl  23:33   0:00 -
root          -  0.0    -      -     - -        Ssl  23:33   0:00 -
root          -  0.0    -      -     - -        Ssl  23:33   0:00 -
root          -  0.0    -      -     - -        Ssl  23:33   0:00 -
root          -  0.0    -      -     - -        Ssl  23:33   0:00 -
root          -  0.0    -      -     - -        Ssl  23:33   0:00 -
root          -  0.0    -      -     - -        Ssl  23:33   0:00 -
root          -  0.0    -      -     - -        Ssl  23:33   0:00 -
root          -  0.0    -      -     - -        Ssl  23:33   0:00 -
root          -  0.0    -      -     - -        Ssl  23:33   0:00 -
root          -  0.0    -      -     - -        Ssl  23:33   0:00 -
root          -  0.0    -      -     - -        Ssl  23:36   0:00 -
root          -  0.0    -      -     - -        Ssl  23:36   0:00 -
root          -  0.0    -      -     - -        Ssl  23:36   0:00 -
root          -  0.0    -      -     - -        Ssl  23:36   0:00 -
root        913  0.0  0.1 110508  3532 ?        -    23:33   0:00 /usr/sbin/irqbalance --foreground LANG=zh_CN.UTF-8 LANGUAGE=zh_CN:zh:en_US:en LC_ADDRESS=zh_CN.UTF-8 LC_IDENTIFICATION=zh_CN.UTF-8 LC_MEASUREMENT=zh_CN.UTF-8 LC_MONETARY=zh_CN.UTF-8 LC_NAME=zh_CN.UTF-8 LC_NUMERIC=zh_CN.UTF-8 LC_PAPER=zh_CN.UTF-8 LC_TELEPHONE=zh_CN.UTF-8 LC_TIME=zh_CN.UTF-8 PATH=/usr/local/sbin:/usr/local/bin:/usr/sbin:/usr/bin:/sbin:/bin:/snap/bin INVOCATION_ID=d4e5f3e52eed49d5a667302395b53cb6 JOURNAL_STREAM=9:37927
root          -  0.0    -      -     - -        Ssl  23:33   0:00 -
root          -  0.0    -      -     - -        Ssl  23:33   0:00 -
root        914  0.0  0.5 566064 16868 ?        -    23:33   0:00 /usr/sbin/NetworkManager --no-daemon LANG=zh_CN.UTF-8 LANGUAGE=zh_CN:zh:en_US:en LC_ADDRESS=zh_CN.UTF-8 LC_IDENTIFICATION=zh_CN.UTF-8 LC_MEASUREMENT=zh_CN.UTF-8 LC_MONETARY=zh_CN.UTF-8 LC_NAME=zh_CN.UTF-8 LC_NUMERIC=zh_CN.UTF-8 LC_PAPER=zh_CN.UTF-8 LC_TELEPHONE=zh_CN.UTF-8 LC_TIME=zh_CN.UTF-8 PATH=/usr/local/sbin:/usr/local/bin:/usr/sbin:/usr/bin:/sbin:/bin:/snap/bin INVOCATION_ID=cb7b9068828a4777921712390d6bea6d JOURNAL_STREAM=9:38001
root          -  0.0    -      -     - -        Ssl  23:33   0:00 -
root          -  0.0    -      -     - -        Ssl  23:33   0:00 -
root          -  0.0    -      -     - -        Ssl  23:33   0:00 -
root        924  0.1  0.3 303504  9936 ?        -    23:33   0:01 /usr/lib/policykit-1/polkitd --no-debug LANG=zh_CN.UTF-8 LANGUAGE=zh_CN:zh:en_US:en LC_ADDRESS=zh_CN.UTF-8 LC_IDENTIFICATION=zh_CN.UTF-8 LC_MEASUREMENT=zh_CN.UTF-8 LC_MONETARY=zh_CN.UTF-8 LC_NAME=zh_CN.UTF-8 LC_NUMERIC=zh_CN.UTF-8 LC_PAPER=zh_CN.UTF-8 LC_TELEPHONE=zh_CN.UTF-8 LC_TIME=zh_CN.UTF-8 PATH=/usr/local/sbin:/usr/local/bin:/usr/sbin:/usr/bin:/sbin:/bin:/snap/bin INVOCATION_ID=abde067657434186b879762820199bfb JOURNAL_STREAM=9:38224
root          -  0.0    -      -     - -        Ssl  23:33   0:00 -
root          -  0.0    -      -     - -        Ssl  23:33   0:00 -
root          -  0.0    -      -     - -        Ssl  23:33   0:00 -
root        925  0.0  0.3 303528 10748 ?        -    23:33   0:00 /usr/sbin/cups-browsed LANG=zh_CN.UTF-8 LANGUAGE=zh_CN:zh:en_US:en LC_ADDRESS=zh_CN.UTF-8 LC_IDENTIFICATION=zh_CN.UTF-8 LC_MEASUREMENT=zh_CN.UTF-8 LC_MONETARY=zh_CN.UTF-8 LC_NAME=zh_CN.UTF-8 LC_NUMERIC=zh_CN.UTF-8 LC_PAPER=zh_CN.UTF-8 LC_TELEPHONE=zh_CN.UTF-8 LC_TIME=zh_CN.UTF-8 PATH=/usr/local/sbin:/usr/local/bin:/usr/sbin:/usr/bin:/sbin:/bin:/snap/bin INVOCATION_ID=6074bbd23774446484e73d0eef7ded28 JOURNAL_STREAM=9:36816
root          -  0.0    -      -     - -        Ssl  23:33   0:00 -
root          -  0.0    -      -     - -        Ssl  23:33   0:00 -
root          -  0.0    -      -     - -        Ssl  23:33   0:00 -
root       1034  0.0  0.6 194356 19936 ?        -    23:33   0:00 /usr/bin/python3 /usr/share/unattended-upgrades/unattended-upgrade-shutdown --wait-for-signal LANG=zh_CN.UTF-8 LANGUAGE=zh_CN:zh:en_US:en LC_ADDRESS=zh_CN.UTF-8 LC_IDENTIFICATION=zh_CN.UTF-8 LC_MEASUREMENT=zh_CN.UTF-8 LC_MONETARY=zh_CN.UTF-8 LC_NAME=zh_CN.UTF-8 LC_NUMERIC=zh_CN.UTF-8 LC_PAPER=zh_CN.UTF-8 LC_TELEPHONE=zh_CN.UTF-8 LC_TIME=zh_CN.UTF-8 PATH=/usr/local/sbin:/usr/local/bin:/usr/sbin:/usr/bin:/sbin:/bin:/snap/bin INVOCATION_ID=dede68584656406585fa8c61f0155aef JOURNAL_STREAM=9:39185
root          -  0.0    -      -     - -        Ssl  23:33   0:00 -
root          -  0.0    -      -     - -        Ssl  23:33   0:00 -
root       1057  0.0  0.2 308304  7872 ?        -    23:33   0:00 /usr/sbin/gdm3 LANG=zh_CN.UTF-8 LANGUAGE=zh_CN:zh:en_US:en LC_ADDRESS=zh_CN.UTF-8 LC_IDENTIFICATION=zh_CN.UTF-8 LC_MEASUREMENT=zh_CN.UTF-8 LC_MONETARY=zh_CN.UTF-8 LC_NAME=zh_CN.UTF-8 LC_NUMERIC=zh_CN.UTF-8 LC_PAPER=zh_CN.UTF-8 LC_TELEPHONE=zh_CN.UTF-8 LC_TIME=zh_CN.UTF-8 PATH=/usr/local/sbin:/usr/local/bin:/usr/sbin:/usr/bin:/sbin:/bin:/snap/bin INVOCATION_ID=cfef1fe070f74d54a156e52ac8c0b3b8 JOURNAL_STREAM=9:39428
root          -  0.0    -      -     - -        Ssl  23:33   0:00 -
root          -  0.0    -      -     - -        Ssl  23:33   0:00 -
root          -  0.0    -      -     - -        Ssl  23:33   0:00 -
root       1063  0.0  0.2 261776  8620 ?        -    23:33   0:00 gdm-session-worker [pam/gdm-launch-environment] LC_MONETARY=zh_CN.UTF-8 LC_TIME=zh_CN.UTF-8 LC_TELEPHONE=zh_CN.UTF-8 LC_MEASUREMENT=zh_CN.UTF-8 LANG=zh_CN.UTF-8 LC_NAME=zh_CN.UTF-8 LC_IDENTIFICATION=zh_CN.UTF-8 LC_NUMERIC=zh_CN.UTF-8 INVOCATION_ID=cfef1fe070f74d54a156e52ac8c0b3b8 LANGUAGE=zh_CN:zh:en_US:en GDM_SESSION_DBUS_ADDRESS=unix:abstract=/tmp/dbus-XIRquBx3 JOURNAL_STREAM=9:39428 LC_ADDRESS=zh_CN.UTF-8 PATH=/usr/local/sbin:/usr/local/bin:/usr/sbin:/usr/bin:/sbin:/bin:/snap/bin LC_PAPER=zh_CN.UTF-8
root          -  0.0    -      -     - -        Sl   23:33   0:00 -
root          -  0.0    -      -     - -        Sl   23:33   0:00 -
root          -  0.0    -      -     - -        Sl   23:33   0:00 -
root       1066  0.0  0.2  25988  6196 ?        -    23:33   0:00 /sbin/dhclient -d -q -sf /usr/lib/NetworkManager/nm-dhcp-helper -pf /run/dhclient-ens33.pid -lf /var/lib/NetworkManager/dhclient-7e5eabe5-00d1-35f2-b24a-2a302da1da62-ens33.lease -cf /var/lib/NetworkManager/dhclient-ens33.conf ens33 LANG=zh_CN.UTF-8 LANGUAGE=zh_CN:zh:en_US:en LC_ADDRESS=zh_CN.UTF-8 LC_IDENTIFICATION=zh_CN.UTF-8 LC_MEASUREMENT=zh_CN.UTF-8 LC_MONETARY=zh_CN.UTF-8 LC_NAME=zh_CN.UTF-8 LC_NUMERIC=zh_CN.UTF-8 LC_PAPER=zh_CN.UTF-8 LC_TELEPHONE=zh_CN.UTF-8 LC_TIME=zh_CN.UTF-8 PATH=/usr/local/sbin:/usr/local/bin:/usr/sbin:/usr/bin:/sbin:/bin:/snap/bin INVOCATION_ID=cb7b9068828a4777921712390d6bea6d JOURNAL_STREAM=9:38001 GIO_USE_VFS=local
root          -  0.0    -      -     - -        S    23:33   0:00 -
gdm        1093  0.0  0.2  77012  8184 ?        -    23:33   0:00 /lib/systemd/systemd --user LANG=zh_CN.UTF-8 LANGUAGE=zh_CN:zh:en_US:en LC_ADDRESS=zh_CN.UTF-8 LC_IDENTIFICATION=zh_CN.UTF-8 LC_MEASUREMENT=zh_CN.UTF-8 LC_MONETARY=zh_CN.UTF-8 LC_NAME=zh_CN.UTF-8 LC_NUMERIC=zh_CN.UTF-8 LC_PAPER=zh_CN.UTF-8 LC_TELEPHONE=zh_CN.UTF-8 LC_TIME=zh_CN.UTF-8 PATH=/usr/local/sbin:/usr/local/bin:/usr/sbin:/usr/bin:/sbin:/bin:/snap/bin NOTIFY_SOCKET=/run/systemd/notify HOME=/var/lib/gdm3 LOGNAME=gdm USER=gdm SHELL=/bin/false INVOCATION_ID=f24e9438294b4ec9b8b599a01db9d7c0 JOURNAL_STREAM=9:41073 XDG_RUNTIME_DIR=/run/user/121
gdm           -  0.0    -      -     - -        Ss   23:33   0:00 -
gdm        1094  0.0  0.0 114116  2736 ?        -    23:33   0:00 (sd-pam) HOME=/ init=/sbin/init NETWORK_SKIP_ENSLAVED= recovery= TERM=linux drop_caps= BOOT_IMAGE=/boot/vmlinuz-5.3.0-46-generic PATH=/sbin:/usr/sbin:/bin:/usr/bin PWD=/ rootmnt=/root
gdm           -  0.0    -      -     - -        S    23:33   0:00 -
gdm        1164  0.0  0.1 197912  5528 tty1     -    23:33   0:00 /usr/lib/gdm3/gdm-wayland-session gnome-session --autostart /usr/share/gdm/greeter/autostart XDG_SEAT=seat0 XDG_SESSION_CLASS=greeter LOGNAME=gdm USER=gdm USERNAME=gdm HOME=/var/lib/gdm3 PWD=/var/lib/gdm3 SHELL=/bin/false PATH=/usr/local/sbin:/usr/local/bin:/usr/sbin:/usr/bin:/sbin:/bin:/snap/bin XDG_SESSION_TYPE=wayland XDG_VTNR=1 LANG=zh_CN.UTF-8 LANGUAGE=zh_CN:zh:en_US:en LC_NUMERIC=zh_CN.UTF-8 LC_TIME=zh_CN.UTF-8 LC_MONETARY=zh_CN.UTF-8 LC_PAPER=zh_CN.UTF-8 LC_IDENTIFICATION=zh_CN.UTF-8 LC_NAME=zh_CN.UTF-8 LC_ADDRESS=zh_CN.UTF-8 LC_TELEPHONE=zh_CN.UTF-8 LC_MEASUREMENT=zh_CN.UTF-8 XDG_SESSION_ID=c1 XDG_RUNTIME_DIR=/run/user/121 DBUS_SESSION_BUS_ADDRESS=unix:path=/run/user/121/bus XDG_CURRENT_DESKTOP=GNOME-Greeter:GNOME DCONF_PROFILE=gdm GDM_SEAT_ID=seat0 RUNNING_UNDER_GDM=true GVFS_DISABLE_FUSE=1 XDG_DATA_DIRS=/usr/share/gdm/greeter:/usr/local/share/:/usr/share/ GVFS_REMOTE_VOLUME_MONITOR_IGNORE=1 GIO_USE_VFS=local GNOME_SHELL_SESSION_MODE=gdm GDM_VERSION=3.28.3
gdm           -  0.0    -      -     - -        Ssl+ 23:33   0:00 -
gdm           -  0.0    -      -     - -        Ssl+ 23:33   0:00 -
gdm           -  0.0    -      -     - -        Ssl+ 23:33   0:00 -
gdm        1166  0.0  0.1  50236  4644 ?        -    23:33   0:00 /usr/bin/dbus-daemon --session --address=systemd: --nofork --nopidfile --systemd-activation --syslog-only DBUS_SESSION_BUS_ADDRESS=unix:path=/run/user/121/bus HOME=/var/lib/gdm3 LANG=zh_CN.UTF-8 LANGUAGE=zh_CN:zh:en_US:en LC_ADDRESS=zh_CN.UTF-8 LC_IDENTIFICATION=zh_CN.UTF-8 LC_MEASUREMENT=zh_CN.UTF-8 LC_MONETARY=zh_CN.UTF-8 LC_NAME=zh_CN.UTF-8 LC_NUMERIC=zh_CN.UTF-8 LC_PAPER=zh_CN.UTF-8 LC_TELEPHONE=zh_CN.UTF-8 LC_TIME=zh_CN.UTF-8 LOGNAME=gdm PATH=/usr/local/sbin:/usr/local/bin:/usr/sbin:/usr/bin:/sbin:/bin:/usr/games:/usr/local/games:/snap/bin SHELL=/bin/false USER=gdm XDG_DATA_DIRS=/usr/local/share/:/usr/share/:/var/lib/snapd/desktop XDG_RUNTIME_DIR=/run/user/121 MANAGERPID=1093 LISTEN_PID=1166 LISTEN_FDS=1 LISTEN_FDNAMES=dbus.socket INVOCATION_ID=cf2a2228ccbf4326b06bf93145f040e4 JOURNAL_STREAM=9:41429
gdm           -  0.0    -      -     - -        Ss   23:33   0:00 -
gdm        1168  0.0  0.4 559376 14160 tty1     -    23:33   0:00 /usr/lib/gnome-session/gnome-session-binary --autostart /usr/share/gdm/greeter/autostart USER=gdm LANGUAGE=zh_CN:zh:en_US:en LC_TIME=zh_CN.UTF-8 XDG_SEAT=seat0 XDG_SESSION_TYPE=wayland HOME=/var/lib/gdm3 DCONF_PROFILE=gdm GDM_VERSION=3.28.3 GNOME_SHELL_SESSION_MODE=gdm LC_MONETARY=zh_CN.UTF-8 DBUS_SESSION_BUS_ADDRESS=unix:path=/run/user/121/bus LOGNAME=gdm XDG_SESSION_CLASS=greeter USERNAME=gdm XDG_SESSION_ID=c1 GVFS_REMOTE_VOLUME_MONITOR_IGNORE=1 PATH=/usr/local/sbin:/usr/local/bin:/usr/sbin:/usr/bin:/sbin:/bin:/snap/bin LC_ADDRESS=zh_CN.UTF-8 XDG_RUNTIME_DIR=/run/user/121 LANG=zh_CN.UTF-8 LC_TELEPHONE=zh_CN.UTF-8 XDG_CURRENT_DESKTOP=GNOME-Greeter:GNOME GVFS_DISABLE_FUSE=1 SHELL=/bin/false LC_NAME=zh_CN.UTF-8 LC_MEASUREMENT=zh_CN.UTF-8 LC_IDENTIFICATION=zh_CN.UTF-8 XDG_VTNR=1 RUNNING_UNDER_GDM=true PWD=/var/lib/gdm3 GDM_SEAT_ID=seat0 XDG_DATA_DIRS=/usr/share/gdm/greeter:/usr/local/share/:/usr/share/ LC_NUMERIC=zh_CN.UTF-8 LC_PAPER=zh_CN.UTF-8 GIO_USE_VFS=local
gdm           -  0.0    -      -     - -        Sl+  23:33   0:00 -
gdm           -  0.0    -      -     - -        Sl+  23:33   0:00 -
gdm           -  0.0    -      -     - -        Sl+  23:33   0:00 -
gdm           -  0.0    -      -     - -        Sl+  23:33   0:00 -
gdm        1201  0.8  5.0 3274600 153632 tty1   -    23:33   0:08 /usr/bin/gnome-shell USER=gdm LANGUAGE=zh_CN:zh:en_US:en LC_TIME=zh_CN.UTF-8 XDG_SEAT=seat0 XDG_SESSION_TYPE=wayland HOME=/var/lib/gdm3 DCONF_PROFILE=gdm GDM_VERSION=3.28.3 GNOME_SHELL_SESSION_MODE=gdm LC_MONETARY=zh_CN.UTF-8 DBUS_SESSION_BUS_ADDRESS=unix:path=/run/user/121/bus LOGNAME=gdm XDG_SESSION_CLASS=greeter USERNAME=gdm XDG_SESSION_ID=c1 GVFS_REMOTE_VOLUME_MONITOR_IGNORE=1 PATH=/usr/local/sbin:/usr/local/bin:/usr/sbin:/usr/bin:/sbin:/bin:/snap/bin LC_ADDRESS=zh_CN.UTF-8 XDG_RUNTIME_DIR=/run/user/121 LANG=zh_CN.UTF-8 LC_TELEPHONE=zh_CN.UTF-8 XDG_CURRENT_DESKTOP=GNOME-Greeter:GNOME GVFS_DISABLE_FUSE=1 SHELL=/bin/false LC_NAME=zh_CN.UTF-8 LC_MEASUREMENT=zh_CN.UTF-8 LC_IDENTIFICATION=zh_CN.UTF-8 XDG_VTNR=1 RUNNING_UNDER_GDM=true PWD=/var/lib/gdm3 GDM_SEAT_ID=seat0 XDG_DATA_DIRS=/usr/share/gdm/greeter:/usr/local/share/:/usr/share/ LC_NUMERIC=zh_CN.UTF-8 LC_PAPER=zh_CN.UTF-8 GIO_USE_VFS=local QT_IM_MODULE=ibus XMODIFIERS=@im=ibus GNOME_DESKTOP_SESSION_ID=this-is-deprecated XDG_MENU_PREFIX=gnome- SESSION_MANAGER=local/ziqing-vm:@/tmp/.ICE-unix/1168,unix/ziqing-vm:/tmp/.ICE-unix/1168 DESKTOP_AUTOSTART_ID=10902675ebe263f9c1158808801628351000000011680000 GIO_LAUNCHED_DESKTOP_FILE=/usr/share/applications/org.gnome.Shell.desktop GIO_LAUNCHED_DESKTOP_FILE_PID=1201
gdm           -  0.7    -      -     - -        Sl+  23:33   0:07 -
gdm           -  0.0    -      -     - -        Sl+  23:33   0:00 -
gdm           -  0.0    -      -     - -        Sl+  23:33   0:00 -
gdm           -  0.0    -      -     - -        Sl+  23:33   0:00 -
gdm           -  0.0    -      -     - -        Sl+  23:33   0:00 -
gdm           -  0.0    -      -     - -        Sl+  23:33   0:00 -
gdm           -  0.0    -      -     - -        Sl+  23:33   0:00 -
gdm           -  0.0    -      -     - -        Sl+  23:33   0:00 -
gdm           -  0.0    -      -     - -        Sl+  23:33   0:00 -
gdm           -  0.0    -      -     - -        Sl+  23:33   0:00 -
gdm           -  0.0    -      -     - -        Sl+  23:33   0:00 -
root       1321  0.0  0.2 322412  8692 ?        -    23:33   0:00 /usr/lib/upower/upowerd LANG=zh_CN.UTF-8 LANGUAGE=zh_CN:zh:en_US:en LC_ADDRESS=zh_CN.UTF-8 LC_IDENTIFICATION=zh_CN.UTF-8 LC_MEASUREMENT=zh_CN.UTF-8 LC_MONETARY=zh_CN.UTF-8 LC_NAME=zh_CN.UTF-8 LC_NUMERIC=zh_CN.UTF-8 LC_PAPER=zh_CN.UTF-8 LC_TELEPHONE=zh_CN.UTF-8 LC_TIME=zh_CN.UTF-8 PATH=/usr/local/sbin:/usr/local/bin:/usr/sbin:/usr/bin:/sbin:/bin:/snap/bin INVOCATION_ID=9d9dc54455534bb5b726884990a85406 JOURNAL_STREAM=9:41836
root          -  0.0    -      -     - -        Ssl  23:33   0:00 -
root          -  0.0    -      -     - -        Ssl  23:33   0:00 -
root          -  0.0    -      -     - -        Ssl  23:33   0:00 -
root       1361  0.0  0.0 193056   672 ?        -    23:33   0:00 /usr/sbin/vmware-vmblock-fuse -o subtype=vmware-vmblock,default_permissions,allow_other /var/run/vmblock-fuse LANGUAGE=zh_CN:zh:en_US:en LC_TIME=zh_CN.UTF-8 LC_MONETARY=zh_CN.UTF-8 JOURNAL_STREAM=9:37708 PATH=/usr/local/sbin:/usr/local/bin:/usr/sbin:/usr/bin:/sbin:/bin:/snap/bin INVOCATION_ID=d64773e282b94f6b89c0822d665e6e8e LC_ADDRESS=zh_CN.UTF-8 LANG=zh_CN.UTF-8 LC_TELEPHONE=zh_CN.UTF-8 LC_NAME=zh_CN.UTF-8 LC_MEASUREMENT=zh_CN.UTF-8 LC_IDENTIFICATION=zh_CN.UTF-8 PWD=/ LC_NUMERIC=zh_CN.UTF-8 LC_PAPER=zh_CN.UTF-8
root          -  0.0    -      -     - -        Ssl  23:33   0:00 -
root          -  0.0    -      -     - -        Ssl  23:33   0:00 -
root          -  0.0    -      -     - -        Ssl  23:33   0:00 -
root       1387  0.5  0.4 184244 13232 ?        -    23:33   0:05 /usr/sbin/vmtoolsd LANGUAGE=zh_CN:zh:en_US:en LC_TIME=zh_CN.UTF-8 LC_MONETARY=zh_CN.UTF-8 JOURNAL_STREAM=9:37708 PATH=/usr/local/sbin:/usr/local/bin:/usr/sbin:/usr/bin:/sbin:/bin:/snap/bin INVOCATION_ID=d64773e282b94f6b89c0822d665e6e8e LC_ADDRESS=zh_CN.UTF-8 LANG=zh_CN.UTF-8 LC_TELEPHONE=zh_CN.UTF-8 LC_NAME=zh_CN.UTF-8 LC_MEASUREMENT=zh_CN.UTF-8 LC_IDENTIFICATION=zh_CN.UTF-8 PWD=/ LC_NUMERIC=zh_CN.UTF-8 LC_PAPER=zh_CN.UTF-8 VMWARE_GIO_MODULE_DIR=0 GIO_MODULE_DIR=/usr/lib/vmware-tools/libconf/lib/gio/modules
root          -  0.5    -      -     - -        Sl   23:33   0:05 -
root          -  0.0    -      -     - -        Sl   23:33   0:00 -
root       1437  0.0  0.5  72340 16652 ?        -    23:33   0:00 /usr/lib/vmware-vgauth/VGAuthService -s LANGUAGE=zh_CN:zh:en_US:en LC_TIME=zh_CN.UTF-8 LC_MONETARY=zh_CN.UTF-8 JOURNAL_STREAM=9:37708 PATH=/usr/local/sbin:/usr/local/bin:/usr/sbin:/usr/bin:/sbin:/bin:/snap/bin INVOCATION_ID=d64773e282b94f6b89c0822d665e6e8e LC_ADDRESS=zh_CN.UTF-8 LANG=zh_CN.UTF-8 LC_TELEPHONE=zh_CN.UTF-8 LC_NAME=zh_CN.UTF-8 LC_MEASUREMENT=zh_CN.UTF-8 LC_IDENTIFICATION=zh_CN.UTF-8 PWD=/ LC_NUMERIC=zh_CN.UTF-8 LC_PAPER=zh_CN.UTF-8 VMWARE_GIO_MODULE_DIR=0 GIO_MODULE_DIR=/usr/lib/vmware-tools/libconf/lib/gio/modules
root          -  0.0    -      -     - -        S    23:33   0:00 -
root       1503  0.1  0.3 514636 10340 ?        -    23:33   0:01 //usr/lib/vmware-caf/pme/bin/ManagementAgentHost CAF_OUTPUT_DIR=//var/lib/vmware-caf/pme/data/output LANGUAGE=zh_CN:zh:en_US:en LC_TIME=zh_CN.UTF-8 CAF_LOG_DIR=/var/log/vmware-caf/pme LD_LIBRARY_PATH=/usr/lib/vmware-tools/lib/libvgauth.so/:/usr/lib/vmware-tools/lib/libcrypto.so.1.0.2/:/usr/lib/vmware-tools/lib/libssl.so.1.0.2/:/usr/lib/vmware-tools/lib/libz.so.1/:/usr/lib/vmware-tools/lib/libffi.so.6/:/usr/lib/vmware-tools/lib/libiconv.so.2/:/usr/lib/vmware-tools/lib/libpcre.so.1/:/usr/lib/vmware-tools/lib/libglib-2.0.so.0/:/usr/lib/vmware-tools/lib/libgcc_s.so.1/:/usr/lib/vmware-tools/lib/libgthread-2.0.so.0/:/usr/lib/vmware-tools/lib/libstdc++.so.6/://usr/lib/vmware-caf/pme/lib OLDPWD=/ LC_MONETARY=zh_CN.UTF-8 CAF_PROVIDERS_DIR=//var/lib/vmware-caf/pme/data/input/providers CAF_INVOKERS_DIR=//var/lib/vmware-caf/pme/data/input/invokers JOURNAL_STREAM=9:37708 CAF_CONFIG_DIR=/etc/vmware-caf/pme/config CAF_TOOLS_LIB_DIR=/usr/lib/vmware-tools/lib CAF_INPUT_DIR=//var/lib/vmware-caf/pme/data/input PATH=/usr/local/sbin:/usr/local/bin:/usr/sbin:/usr/bin:/sbin:/bin:/snap/bin INVOCATION_ID=d64773e282b94f6b89c0822d665e6e8e LC_ADDRESS=zh_CN.UTF-8 LANG=zh_CN.UTF-8 LC_TELEPHONE=zh_CN.UTF-8 CAF_PYTHON_DIR=/opt/vmware/caf/python LC_NAME=zh_CN.UTF-8 VMWARE_USE_SYSTEM_LIBS=1 LC_MEASUREMENT=zh_CN.UTF-8 CAF_LIB_DIR=//usr/lib/vmware-caf/pme/lib CAF_INSTALL_MODE=tools LC_IDENTIFICATION=zh_CN.UTF-8 CAF_BIN_DIR=//usr/lib/vmware-caf/pme/bin PWD=/var/log/vmware-caf/pme LC_NUMERIC=zh_CN.UTF-8 LC_PAPER=zh_CN.UTF-8
root          -  0.0    -      -     - -        Sl   23:33   0:00 -
root          -  0.0    -      -     - -        Sl   23:33   0:00 -
root          -  0.0    -      -     - -        Sl   23:33   0:00 -
root          -  0.0    -      -     - -        Sl   23:33   0:00 -
root          -  0.0    -      -     - -        Sl   23:33   0:00 -
root          -  0.0    -      -     - -        Sl   23:33   0:00 -
root          -  0.0    -      -     - -        Sl   23:33   0:00 -
whoopsie   1509  0.0  0.4 462192 12444 ?        -    23:33   0:00 /usr/bin/whoopsie -f LANG=zh_CN.UTF-8 LANGUAGE=zh_CN:zh:en_US:en LC_ADDRESS=zh_CN.UTF-8 LC_IDENTIFICATION=zh_CN.UTF-8 LC_MEASUREMENT=zh_CN.UTF-8 LC_MONETARY=zh_CN.UTF-8 LC_NAME=zh_CN.UTF-8 LC_NUMERIC=zh_CN.UTF-8 LC_PAPER=zh_CN.UTF-8 LC_TELEPHONE=zh_CN.UTF-8 LC_TIME=zh_CN.UTF-8 PATH=/usr/local/sbin:/usr/local/bin:/usr/sbin:/usr/bin:/sbin:/bin:/snap/bin INVOCATION_ID=46e2c18bd96c460b913e2e22ab92c93b JOURNAL_STREAM=9:44470 CRASH_DB_URL=https://daisy.ubuntu.com
whoopsie      -  0.0    -      -     - -        Ssl  23:33   0:00 -
whoopsie      -  0.0    -      -     - -        Ssl  23:33   0:00 -
whoopsie      -  0.0    -      -     - -        Ssl  23:33   0:00 -
kernoops   1510  0.0  0.0  56940   424 ?        -    23:33   0:00 /usr/sbin/kerneloops --test LANG=zh_CN.UTF-8 LANGUAGE=zh_CN:zh:en_US:en LC_ADDRESS=zh_CN.UTF-8 LC_IDENTIFICATION=zh_CN.UTF-8 LC_MEASUREMENT=zh_CN.UTF-8 LC_MONETARY=zh_CN.UTF-8 LC_NAME=zh_CN.UTF-8 LC_NUMERIC=zh_CN.UTF-8 LC_PAPER=zh_CN.UTF-8 LC_TELEPHONE=zh_CN.UTF-8 LC_TIME=zh_CN.UTF-8 PATH=/usr/local/sbin:/usr/local/bin:/usr/sbin:/usr/bin:/sbin:/bin:/snap/bin LOGNAME=kernoops USER=kernoops INVOCATION_ID=d30fa18f55a049d8989aade09cf9442c JOURNAL_STREAM=9:43748 ENABLED=1
kernoops      -  0.0    -      -     - -        Ss   23:33   0:00 -
kernoops   1512  0.0  0.0  56940   420 ?        -    23:33   0:00 /usr/sbin/kerneloops LANG=zh_CN.UTF-8 LANGUAGE=zh_CN:zh:en_US:en LC_ADDRESS=zh_CN.UTF-8 LC_IDENTIFICATION=zh_CN.UTF-8 LC_MEASUREMENT=zh_CN.UTF-8 LC_MONETARY=zh_CN.UTF-8 LC_NAME=zh_CN.UTF-8 LC_NUMERIC=zh_CN.UTF-8 LC_PAPER=zh_CN.UTF-8 LC_TELEPHONE=zh_CN.UTF-8 LC_TIME=zh_CN.UTF-8 PATH=/usr/local/sbin:/usr/local/bin:/usr/sbin:/usr/bin:/sbin:/bin:/snap/bin LOGNAME=kernoops USER=kernoops INVOCATION_ID=d30fa18f55a049d8989aade09cf9442c JOURNAL_STREAM=9:43984 ENABLED=1
kernoops      -  0.0    -      -     - -        Ss   23:33   0:00 -
gdm        1597  0.0  1.6 408352 51120 tty1     -    23:33   0:00 /usr/bin/Xwayland :1024 -rootless -terminate -accessx -core -listen 4 -listen 5 -displayfd 6 USER=gdm LANGUAGE=zh_CN:zh:en_US:en LC_TIME=zh_CN.UTF-8 XDG_SEAT=seat0 XDG_SESSION_TYPE=wayland HOME=/var/lib/gdm3 DCONF_PROFILE=gdm GDM_VERSION=3.28.3 GNOME_SHELL_SESSION_MODE=gdm LC_MONETARY=zh_CN.UTF-8 DBUS_SESSION_BUS_ADDRESS=unix:path=/run/user/121/bus LOGNAME=gdm XDG_SESSION_CLASS=greeter USERNAME=gdm XDG_SESSION_ID=c1 GVFS_REMOTE_VOLUME_MONITOR_IGNORE=1 PATH=/usr/local/sbin:/usr/local/bin:/usr/sbin:/usr/bin:/sbin:/bin:/snap/bin LC_ADDRESS=zh_CN.UTF-8 XDG_RUNTIME_DIR=/run/user/121 LANG=zh_CN.UTF-8 LC_TELEPHONE=zh_CN.UTF-8 XDG_CURRENT_DESKTOP=GNOME-Greeter:GNOME GVFS_DISABLE_FUSE=1 SHELL=/bin/false LC_NAME=zh_CN.UTF-8 LC_MEASUREMENT=zh_CN.UTF-8 LC_IDENTIFICATION=zh_CN.UTF-8 XDG_VTNR=1 RUNNING_UNDER_GDM=true PWD=/var/lib/gdm3 GDM_SEAT_ID=seat0 XDG_DATA_DIRS=/usr/share/gdm/greeter:/usr/local/share/:/usr/share/ LC_NUMERIC=zh_CN.UTF-8 LC_PAPER=zh_CN.UTF-8 GIO_USE_VFS=local QT_IM_MODULE=ibus XMODIFIERS=@im=ibus GNOME_DESKTOP_SESSION_ID=this-is-deprecated XDG_MENU_PREFIX=gnome- SESSION_MANAGER=local/ziqing-vm:@/tmp/.ICE-unix/1168,unix/ziqing-vm:/tmp/.ICE-unix/1168 DESKTOP_AUTOSTART_ID=10902675ebe263f9c1158808801628351000000011680000 GIO_LAUNCHED_DESKTOP_FILE=/usr/share/applications/org.gnome.Shell.desktop GIO_LAUNCHED_DESKTOP_FILE_PID=1201 NO_AT_BRIDGE=1 WAYLAND_SOCKET=3
gdm           -  0.0    -      -     - -        Sl+  23:33   0:00 -
gdm           -  0.0    -      -     - -        Sl+  23:33   0:00 -
gdm           -  0.0    -      -     - -        Sl+  23:33   0:00 -
gdm        1602  0.0  0.2 349412  6456 ?        -    23:33   0:00 /usr/lib/at-spi2-core/at-spi-bus-launcher DBUS_SESSION_BUS_ADDRESS=unix:path=/run/user/121/bus DCONF_PROFILE=gdm DISPLAY=:1024 GDM_SEAT_ID=seat0 GDM_VERSION=3.28.3 GIO_USE_VFS=local GNOME_DESKTOP_SESSION_ID=this-is-deprecated GNOME_SHELL_SESSION_MODE=gdm GVFS_DISABLE_FUSE=1 GVFS_REMOTE_VOLUME_MONITOR_IGNORE=1 HOME=/var/lib/gdm3 LANG=zh_CN.UTF-8 LANGUAGE=zh_CN:zh:en_US:en LC_ADDRESS=zh_CN.UTF-8 LC_IDENTIFICATION=zh_CN.UTF-8 LC_MEASUREMENT=zh_CN.UTF-8 LC_MONETARY=zh_CN.UTF-8 LC_NAME=zh_CN.UTF-8 LC_NUMERIC=zh_CN.UTF-8 LC_PAPER=zh_CN.UTF-8 LC_TELEPHONE=zh_CN.UTF-8 LC_TIME=zh_CN.UTF-8 LOGNAME=gdm PATH=/usr/local/sbin:/usr/local/bin:/usr/sbin:/usr/bin:/sbin:/bin:/snap/bin PWD=/var/lib/gdm3 QT_IM_MODULE=ibus RUNNING_UNDER_GDM=true SESSION_MANAGER=local/ziqing-vm:@/tmp/.ICE-unix/1168,unix/ziqing-vm:/tmp/.ICE-unix/1168 SHELL=/bin/false USER=gdm USERNAME=gdm WAYLAND_DISPLAY=wayland-0 XDG_CURRENT_DESKTOP=GNOME-Greeter:GNOME XDG_DATA_DIRS=/usr/share/gdm/greeter:/usr/local/share/:/usr/share/ XDG_MENU_PREFIX=gnome- XDG_RUNTIME_DIR=/run/user/121 XDG_SEAT=seat0 XDG_SESSION_CLASS=greeter XDG_SESSION_ID=c1 XDG_SESSION_TYPE=wayland XDG_VTNR=1 XMODIFIERS=@im=ibus MANAGERPID=1093 INVOCATION_ID=84d6c1c79dfe499a86e30f5b768c7843 JOURNAL_STREAM=9:45409
gdm           -  0.0    -      -     - -        Ssl  23:33   0:00 -
gdm           -  0.0    -      -     - -        Ssl  23:33   0:00 -
gdm           -  0.0    -      -     - -        Ssl  23:33   0:00 -
gdm           -  0.0    -      -     - -        Ssl  23:33   0:00 -
gdm        1607  0.0  0.1  49928  3712 ?        -    23:33   0:00 /usr/bin/dbus-daemon --config-file=/usr/share/defaults/at-spi2/accessibility.conf --nofork --print-address 3 DBUS_SESSION_BUS_ADDRESS=unix:path=/run/user/121/bus DCONF_PROFILE=gdm DISPLAY=:1024 GDM_SEAT_ID=seat0 GDM_VERSION=3.28.3 GIO_USE_VFS=local GNOME_DESKTOP_SESSION_ID=this-is-deprecated GNOME_SHELL_SESSION_MODE=gdm GVFS_DISABLE_FUSE=1 GVFS_REMOTE_VOLUME_MONITOR_IGNORE=1 HOME=/var/lib/gdm3 LANG=zh_CN.UTF-8 LANGUAGE=zh_CN:zh:en_US:en LC_ADDRESS=zh_CN.UTF-8 LC_IDENTIFICATION=zh_CN.UTF-8 LC_MEASUREMENT=zh_CN.UTF-8 LC_MONETARY=zh_CN.UTF-8 LC_NAME=zh_CN.UTF-8 LC_NUMERIC=zh_CN.UTF-8 LC_PAPER=zh_CN.UTF-8 LC_TELEPHONE=zh_CN.UTF-8 LC_TIME=zh_CN.UTF-8 LOGNAME=gdm PATH=/usr/local/sbin:/usr/local/bin:/usr/sbin:/usr/bin:/sbin:/bin:/snap/bin PWD=/var/lib/gdm3 QT_IM_MODULE=ibus RUNNING_UNDER_GDM=true SESSION_MANAGER=local/ziqing-vm:@/tmp/.ICE-unix/1168,unix/ziqing-vm:/tmp/.ICE-unix/1168 SHELL=/bin/false USER=gdm USERNAME=gdm WAYLAND_DISPLAY=wayland-0 XDG_CURRENT_DESKTOP=GNOME-Greeter:GNOME XDG_DATA_DIRS=/usr/share/gdm/greeter:/usr/local/share/:/usr/share/ XDG_MENU_PREFIX=gnome- XDG_RUNTIME_DIR=/run/user/121 XDG_SEAT=seat0 XDG_SESSION_CLASS=greeter XDG_SESSION_ID=c1 XDG_SESSION_TYPE=wayland XDG_VTNR=1 XMODIFIERS=@im=ibus MANAGERPID=1093 INVOCATION_ID=84d6c1c79dfe499a86e30f5b768c7843 JOURNAL_STREAM=9:45409
gdm           -  0.0    -      -     - -        S    23:33   0:00 -
gdm        1609  0.0  0.2 220764  6952 ?        -    23:33   0:00 /usr/lib/at-spi2-core/at-spi2-registryd --use-gnome-session SHELL=/bin/false DBUS_STARTER_ADDRESS=unix:abstract=/tmp/dbus-YQBmm0PVm1,guid=7b3c96e5ecf33f0940e2d41e5ea84cda XDG_RUNTIME_DIR=/run/user/121 XDG_CURRENT_DESKTOP=GNOME-Greeter:GNOME DCONF_PROFILE=gdm DISPLAY=:1024 LC_NAME=zh_CN.UTF-8 XMODIFIERS=@im=ibus SESSION_MANAGER=local/ziqing-vm:@/tmp/.ICE-unix/1168,unix/ziqing-vm:/tmp/.ICE-unix/1168 LC_PAPER=zh_CN.UTF-8 LC_MEASUREMENT=zh_CN.UTF-8 PATH=/usr/local/sbin:/usr/local/bin:/usr/sbin:/usr/bin:/sbin:/bin:/snap/bin LC_TIME=zh_CN.UTF-8 LC_NUMERIC=zh_CN.UTF-8 LC_MONETARY=zh_CN.UTF-8 XDG_VTNR=1 USERNAME=gdm LC_IDENTIFICATION=zh_CN.UTF-8 GDM_SEAT_ID=seat0 GNOME_DESKTOP_SESSION_ID=this-is-deprecated GVFS_REMOTE_VOLUME_MONITOR_IGNORE=1 XDG_SESSION_TYPE=wayland XDG_DATA_DIRS=/usr/share/gdm/greeter:/usr/local/share/:/usr/share/ JOURNAL_STREAM=9:45409 XDG_SESSION_ID=c1 LANGUAGE=zh_CN:zh:en_US:en XDG_SEAT=seat0 RUNNING_UNDER_GDM=true DBUS_SESSION_BUS_ADDRESS=unix:path=/run/user/121/bus GDM_VERSION=3.28.3 GIO_USE_VFS=local INVOCATION_ID=84d6c1c79dfe499a86e30f5b768c7843 GNOME_SHELL_SESSION_MODE=gdm XDG_SESSION_CLASS=greeter USER=gdm QT_IM_MODULE=ibus GVFS_DISABLE_FUSE=1 DBUS_STARTER_BUS_TYPE=accessibility LC_TELEPHONE=zh_CN.UTF-8 LC_ADDRESS=zh_CN.UTF-8 WAYLAND_DISPLAY=wayland-0 PWD=/var/lib/gdm3 MANAGERPID=1093 XDG_MENU_PREFIX=gnome- LANG=zh_CN.UTF-8 LOGNAME=gdm HOME=/var/lib/gdm3
gdm           -  0.0    -      -     - -        Sl   23:33   0:00 -
gdm           -  0.0    -      -     - -        Sl   23:33   0:00 -
gdm           -  0.0    -      -     - -        Sl   23:33   0:00 -
gdm        1612  0.2  0.3 1153500 11584 ?       -    23:33   0:02 /usr/bin/pulseaudio --daemonize=no DBUS_SESSION_BUS_ADDRESS=unix:path=/run/user/121/bus DCONF_PROFILE=gdm DISPLAY=:1024 GDM_SEAT_ID=seat0 GDM_VERSION=3.28.3 GIO_USE_VFS=local GNOME_DESKTOP_SESSION_ID=this-is-deprecated GNOME_SHELL_SESSION_MODE=gdm GVFS_DISABLE_FUSE=1 GVFS_REMOTE_VOLUME_MONITOR_IGNORE=1 HOME=/var/lib/gdm3 LANG=zh_CN.UTF-8 LANGUAGE=zh_CN:zh:en_US:en LC_ADDRESS=zh_CN.UTF-8 LC_IDENTIFICATION=zh_CN.UTF-8 LC_MEASUREMENT=zh_CN.UTF-8 LC_MONETARY=zh_CN.UTF-8 LC_NAME=zh_CN.UTF-8 LC_NUMERIC=zh_CN.UTF-8 LC_PAPER=zh_CN.UTF-8 LC_TELEPHONE=zh_CN.UTF-8 LC_TIME=zh_CN.UTF-8 LOGNAME=gdm PATH=/usr/local/sbin:/usr/local/bin:/usr/sbin:/usr/bin:/sbin:/bin:/snap/bin PWD=/var/lib/gdm3 QT_IM_MODULE=ibus RUNNING_UNDER_GDM=true SESSION_MANAGER=local/ziqing-vm:@/tmp/.ICE-unix/1168,unix/ziqing-vm:/tmp/.ICE-unix/1168 SHELL=/bin/false USER=gdm USERNAME=gdm WAYLAND_DISPLAY=wayland-0 XDG_CURRENT_DESKTOP=GNOME-Greeter:GNOME XDG_DATA_DIRS=/usr/share/gdm/greeter:/usr/local/share/:/usr/share/ XDG_MENU_PREFIX=gnome- XDG_RUNTIME_DIR=/run/user/121 XDG_SEAT=seat0 XDG_SESSION_CLASS=greeter XDG_SESSION_ID=c1 XDG_SESSION_TYPE=wayland XDG_VTNR=1 XMODIFIERS=@im=ibus NOTIFY_SOCKET=/run/user/121/systemd/notify MANAGERPID=1093 LISTEN_PID=1612 LISTEN_FDS=1 LISTEN_FDNAMES=pulseaudio.socket INVOCATION_ID=8b909bd847684b09aa1d817df2a1b5fe JOURNAL_STREAM=9:45501 LD_BIND_NOW=1
gdm           -  0.0    -      -     - -        Ssl  23:33   0:00 -
gdm           -  0.0    -      -     - -        Ssl  23:33   0:00 -
gdm           -  0.1    -      -     - -        Ssl  23:33   0:01 -
rtkit      1614  0.0  0.0 183504  2924 ?        -    23:33   0:00 /usr/lib/rtkit/rtkit-daemon LANG=zh_CN.UTF-8 LANGUAGE=zh_CN:zh:en_US:en LC_ADDRESS=zh_CN.UTF-8 LC_IDENTIFICATION=zh_CN.UTF-8 LC_MEASUREMENT=zh_CN.UTF-8 LC_MONETARY=zh_CN.UTF-8 LC_NAME=zh_CN.UTF-8 LC_NUMERIC=zh_CN.UTF-8 LC_PAPER=zh_CN.UTF-8 LC_TELEPHONE=zh_CN.UTF-8 LC_TIME=zh_CN.UTF-8 PATH=/usr/local/sbin:/usr/local/bin:/usr/sbin:/usr/bin:/sbin:/bin:/snap/bin NOTIFY_SOCKET=/run/systemd/notify INVOCATION_ID=98f35f0c121c436c82af22a4758d3bc6 JOURNAL_STREAM=9:45633
rtkit         -  0.0    -      -     - -        SNsl 23:33   0:00 -
rtkit         -  0.0    -      -     - -        Ssl  23:33   0:00 -
rtkit         -  0.0    -      -     - -        SNsl 23:33   0:00 -
gdm        1655  0.0  0.2 361604  7960 tty1     -    23:33   0:00 ibus-daemon --xim --panel disable USER=gdm LANGUAGE=zh_CN:zh:en_US:en LC_TIME=zh_CN.UTF-8 XDG_SEAT=seat0 XDG_SESSION_TYPE=wayland HOME=/var/lib/gdm3 DCONF_PROFILE=gdm GDM_VERSION=3.28.3 GNOME_SHELL_SESSION_MODE=gdm LC_MONETARY=zh_CN.UTF-8 DBUS_SESSION_BUS_ADDRESS=unix:path=/run/user/121/bus LOGNAME=gdm XDG_SESSION_CLASS=greeter USERNAME=gdm XDG_SESSION_ID=c1 GVFS_REMOTE_VOLUME_MONITOR_IGNORE=1 PATH=/usr/local/sbin:/usr/local/bin:/usr/sbin:/usr/bin:/sbin:/bin:/snap/bin LC_ADDRESS=zh_CN.UTF-8 XDG_RUNTIME_DIR=/run/user/121 LANG=zh_CN.UTF-8 LC_TELEPHONE=zh_CN.UTF-8 XDG_CURRENT_DESKTOP=GNOME-Greeter:GNOME GVFS_DISABLE_FUSE=1 SHELL=/bin/false LC_NAME=zh_CN.UTF-8 LC_MEASUREMENT=zh_CN.UTF-8 LC_IDENTIFICATION=zh_CN.UTF-8 XDG_VTNR=1 RUNNING_UNDER_GDM=true PWD=/var/lib/gdm3 GDM_SEAT_ID=seat0 XDG_DATA_DIRS=/usr/share/gdm/greeter:/usr/local/share/:/usr/share/ LC_NUMERIC=zh_CN.UTF-8 LC_PAPER=zh_CN.UTF-8 GIO_USE_VFS=local QT_IM_MODULE=ibus XMODIFIERS=@im=ibus GNOME_DESKTOP_SESSION_ID=this-is-deprecated XDG_MENU_PREFIX=gnome- SESSION_MANAGER=local/ziqing-vm:@/tmp/.ICE-unix/1168,unix/ziqing-vm:/tmp/.ICE-unix/1168 DESKTOP_AUTOSTART_ID=10902675ebe263f9c1158808801628351000000011680000 GIO_LAUNCHED_DESKTOP_FILE=/usr/share/applications/org.gnome.Shell.desktop GIO_LAUNCHED_DESKTOP_FILE_PID=1201 DISPLAY=:1024 WAYLAND_DISPLAY=wayland-0 GJS_DEBUG_OUTPUT=stderr GJS_DEBUG_TOPICS=JS ERROR;JS LOG
gdm           -  0.0    -      -     - -        Sl   23:33   0:00 -
gdm           -  0.0    -      -     - -        Sl   23:33   0:00 -
gdm           -  0.0    -      -     - -        Sl   23:33   0:00 -
gdm        1658  0.0  0.1 280980  6016 tty1     -    23:33   0:00 /usr/lib/ibus/ibus-dconf USER=gdm LANGUAGE=zh_CN:zh:en_US:en LC_TIME=zh_CN.UTF-8 XDG_SEAT=seat0 XDG_SESSION_TYPE=wayland HOME=/var/lib/gdm3 DCONF_PROFILE=gdm GDM_VERSION=3.28.3 GNOME_SHELL_SESSION_MODE=gdm LC_MONETARY=zh_CN.UTF-8 DBUS_SESSION_BUS_ADDRESS=unix:path=/run/user/121/bus LOGNAME=gdm XDG_SESSION_CLASS=greeter USERNAME=gdm XDG_SESSION_ID=c1 GVFS_REMOTE_VOLUME_MONITOR_IGNORE=1 PATH=/usr/local/sbin:/usr/local/bin:/usr/sbin:/usr/bin:/sbin:/bin:/snap/bin LC_ADDRESS=zh_CN.UTF-8 XDG_RUNTIME_DIR=/run/user/121 LANG=zh_CN.UTF-8 LC_TELEPHONE=zh_CN.UTF-8 XDG_CURRENT_DESKTOP=GNOME-Greeter:GNOME GVFS_DISABLE_FUSE=1 SHELL=/bin/false LC_NAME=zh_CN.UTF-8 LC_MEASUREMENT=zh_CN.UTF-8 LC_IDENTIFICATION=zh_CN.UTF-8 XDG_VTNR=1 RUNNING_UNDER_GDM=true PWD=/var/lib/gdm3 GDM_SEAT_ID=seat0 XDG_DATA_DIRS=/usr/share/gdm/greeter:/usr/local/share/:/usr/share/ LC_NUMERIC=zh_CN.UTF-8 LC_PAPER=zh_CN.UTF-8 GIO_USE_VFS=local QT_IM_MODULE=ibus XMODIFIERS=@im=ibus GNOME_DESKTOP_SESSION_ID=this-is-deprecated XDG_MENU_PREFIX=gnome- SESSION_MANAGER=local/ziqing-vm:@/tmp/.ICE-unix/1168,unix/ziqing-vm:/tmp/.ICE-unix/1168 DESKTOP_AUTOSTART_ID=10902675ebe263f9c1158808801628351000000011680000 GIO_LAUNCHED_DESKTOP_FILE=/usr/share/applications/org.gnome.Shell.desktop GIO_LAUNCHED_DESKTOP_FILE_PID=1201 DISPLAY=:1024 WAYLAND_DISPLAY=wayland-0 GJS_DEBUG_OUTPUT=stderr GJS_DEBUG_TOPICS=JS ERROR;JS LOG
gdm           -  0.0    -      -     - -        Sl   23:33   0:00 -
gdm           -  0.0    -      -     - -        Sl   23:33   0:00 -
gdm           -  0.0    -      -     - -        Sl   23:33   0:00 -
gdm           -  0.0    -      -     - -        Sl   23:33   0:00 -
gdm        1661  0.0  1.6 505460 49064 tty1     -    23:33   0:00 /usr/lib/ibus/ibus-x11 --kill-daemon USER=gdm LANGUAGE=zh_CN:zh:en_US:en LC_TIME=zh_CN.UTF-8 XDG_SEAT=seat0 XDG_SESSION_TYPE=wayland HOME=/var/lib/gdm3 DCONF_PROFILE=gdm GDM_VERSION=3.28.3 GNOME_SHELL_SESSION_MODE=gdm LC_MONETARY=zh_CN.UTF-8 DBUS_SESSION_BUS_ADDRESS=unix:path=/run/user/121/bus LOGNAME=gdm XDG_SESSION_CLASS=greeter USERNAME=gdm XDG_SESSION_ID=c1 GVFS_REMOTE_VOLUME_MONITOR_IGNORE=1 PATH=/usr/local/sbin:/usr/local/bin:/usr/sbin:/usr/bin:/sbin:/bin:/snap/bin LC_ADDRESS=zh_CN.UTF-8 XDG_RUNTIME_DIR=/run/user/121 LANG=zh_CN.UTF-8 LC_TELEPHONE=zh_CN.UTF-8 XDG_CURRENT_DESKTOP=GNOME-Greeter:GNOME GVFS_DISABLE_FUSE=1 SHELL=/bin/false LC_NAME=zh_CN.UTF-8 LC_MEASUREMENT=zh_CN.UTF-8 LC_IDENTIFICATION=zh_CN.UTF-8 XDG_VTNR=1 RUNNING_UNDER_GDM=true PWD=/var/lib/gdm3 GDM_SEAT_ID=seat0 XDG_DATA_DIRS=/usr/share/gdm/greeter:/usr/local/share/:/usr/share/ LC_NUMERIC=zh_CN.UTF-8 LC_PAPER=zh_CN.UTF-8 GIO_USE_VFS=local QT_IM_MODULE=ibus XMODIFIERS=@im=ibus GNOME_DESKTOP_SESSION_ID=this-is-deprecated XDG_MENU_PREFIX=gnome- SESSION_MANAGER=local/ziqing-vm:@/tmp/.ICE-unix/1168,unix/ziqing-vm:/tmp/.ICE-unix/1168 DESKTOP_AUTOSTART_ID=10902675ebe263f9c1158808801628351000000011680000 GIO_LAUNCHED_DESKTOP_FILE=/usr/share/applications/org.gnome.Shell.desktop GIO_LAUNCHED_DESKTOP_FILE_PID=1201 DISPLAY=:1024 WAYLAND_DISPLAY=wayland-0 GJS_DEBUG_OUTPUT=stderr GJS_DEBUG_TOPICS=JS ERROR;JS LOG
gdm           -  0.0    -      -     - -        Sl   23:33   0:00 -
gdm           -  0.0    -      -     - -        Sl   23:34   0:00 -
gdm           -  0.0    -      -     - -        Sl   23:34   0:00 -
gdm        1663  0.0  0.2 278792  6188 ?        -    23:33   0:00 /usr/lib/ibus/ibus-portal SHELL=/bin/false DBUS_STARTER_ADDRESS=unix:path=/run/user/121/bus,guid=8186e2ddc86f0ad89485896c5ea84cce DISPLAY=:1024 XDG_CURRENT_DESKTOP=GNOME-Greeter:GNOME DCONF_PROFILE=gdm XDG_RUNTIME_DIR=/run/user/121 LC_NAME=zh_CN.UTF-8 SESSION_MANAGER=local/ziqing-vm:@/tmp/.ICE-unix/1168,unix/ziqing-vm:/tmp/.ICE-unix/1168 XMODIFIERS=@im=ibus LC_MEASUREMENT=zh_CN.UTF-8 LC_PAPER=zh_CN.UTF-8 PATH=/usr/local/sbin:/usr/local/bin:/usr/sbin:/usr/bin:/sbin:/bin:/snap/bin LC_TIME=zh_CN.UTF-8 LC_MONETARY=zh_CN.UTF-8 LC_NUMERIC=zh_CN.UTF-8 GNOME_DESKTOP_SESSION_ID=this-is-deprecated GDM_SEAT_ID=seat0 XDG_VTNR=1 GVFS_REMOTE_VOLUME_MONITOR_IGNORE=1 USERNAME=gdm LC_IDENTIFICATION=zh_CN.UTF-8 XDG_SESSION_TYPE=wayland XDG_DATA_DIRS=/usr/share/gdm/greeter:/usr/local/share/:/usr/share/ XDG_SESSION_ID=c1 JOURNAL_STREAM=9:41429 LANGUAGE=zh_CN:zh:en_US:en GIO_USE_VFS=local RUNNING_UNDER_GDM=true GDM_VERSION=3.28.3 XDG_SEAT=seat0 DBUS_SESSION_BUS_ADDRESS=unix:path=/run/user/121/bus,guid=8186e2ddc86f0ad89485896c5ea84cce GNOME_SHELL_SESSION_MODE=gdm INVOCATION_ID=cf2a2228ccbf4326b06bf93145f040e4 QT_IM_MODULE=ibus GVFS_DISABLE_FUSE=1 XDG_SESSION_CLASS=greeter USER=gdm DBUS_STARTER_BUS_TYPE=session LC_ADDRESS=zh_CN.UTF-8 LC_TELEPHONE=zh_CN.UTF-8 WAYLAND_DISPLAY=wayland-0 PWD=/var/lib/gdm3 XDG_MENU_PREFIX=gnome- MANAGERPID=1093 LANG=zh_CN.UTF-8 LOGNAME=gdm HOME=/var/lib/gdm3
gdm           -  0.0    -      -     - -        Sl   23:33   0:00 -
gdm           -  0.0    -      -     - -        Sl   23:33   0:00 -
gdm           -  0.0    -      -     - -        Sl   23:33   0:00 -
gdm        1672  0.0  0.1 271796  5452 ?        -    23:33   0:00 /usr/libexec/xdg-permission-store DBUS_SESSION_BUS_ADDRESS=unix:path=/run/user/121/bus DCONF_PROFILE=gdm DISPLAY=:1024 GDM_SEAT_ID=seat0 GDM_VERSION=3.28.3 GIO_USE_VFS=local GNOME_DESKTOP_SESSION_ID=this-is-deprecated GNOME_SHELL_SESSION_MODE=gdm GVFS_DISABLE_FUSE=1 GVFS_REMOTE_VOLUME_MONITOR_IGNORE=1 HOME=/var/lib/gdm3 LANG=zh_CN.UTF-8 LANGUAGE=zh_CN:zh:en_US:en LC_ADDRESS=zh_CN.UTF-8 LC_IDENTIFICATION=zh_CN.UTF-8 LC_MEASUREMENT=zh_CN.UTF-8 LC_MONETARY=zh_CN.UTF-8 LC_NAME=zh_CN.UTF-8 LC_NUMERIC=zh_CN.UTF-8 LC_PAPER=zh_CN.UTF-8 LC_TELEPHONE=zh_CN.UTF-8 LC_TIME=zh_CN.UTF-8 LOGNAME=gdm PATH=/usr/local/sbin:/usr/local/bin:/usr/sbin:/usr/bin:/sbin:/bin:/snap/bin PWD=/var/lib/gdm3 QT_IM_MODULE=ibus RUNNING_UNDER_GDM=true SESSION_MANAGER=local/ziqing-vm:@/tmp/.ICE-unix/1168,unix/ziqing-vm:/tmp/.ICE-unix/1168 SHELL=/bin/false USER=gdm USERNAME=gdm WAYLAND_DISPLAY=wayland-0 XDG_CURRENT_DESKTOP=GNOME-Greeter:GNOME XDG_DATA_DIRS=/usr/share/gdm/greeter:/usr/local/share/:/usr/share/ XDG_MENU_PREFIX=gnome- XDG_RUNTIME_DIR=/run/user/121 XDG_SEAT=seat0 XDG_SESSION_CLASS=greeter XDG_SESSION_ID=c1 XDG_SESSION_TYPE=wayland XDG_VTNR=1 XMODIFIERS=@im=ibus MANAGERPID=1093 INVOCATION_ID=9f74a2991ee44d79a749a1415dc1d322 JOURNAL_STREAM=9:46294
gdm           -  0.0    -      -     - -        Ssl  23:33   0:00 -
gdm           -  0.0    -      -     - -        Ssl  23:33   0:00 -
gdm           -  0.0    -      -     - -        Ssl  23:33   0:00 -
root       1677  0.0  0.2 297080  6932 ?        -    23:33   0:00 /usr/lib/x86_64-linux-gnu/boltd LANG=zh_CN.UTF-8 LANGUAGE=zh_CN:zh:en_US:en LC_ADDRESS=zh_CN.UTF-8 LC_IDENTIFICATION=zh_CN.UTF-8 LC_MEASUREMENT=zh_CN.UTF-8 LC_MONETARY=zh_CN.UTF-8 LC_NAME=zh_CN.UTF-8 LC_NUMERIC=zh_CN.UTF-8 LC_PAPER=zh_CN.UTF-8 LC_TELEPHONE=zh_CN.UTF-8 LC_TIME=zh_CN.UTF-8 PATH=/usr/local/sbin:/usr/local/bin:/usr/sbin:/usr/bin:/sbin:/bin:/snap/bin INVOCATION_ID=eb17577f8e6745a6974aae241b094c68 JOURNAL_STREAM=9:46432
root          -  0.0    -      -     - -        Ssl  23:33   0:00 -
root          -  0.0    -      -     - -        Ssl  23:33   0:00 -
root          -  0.0    -      -     - -        Ssl  23:33   0:00 -
root       1681  0.4  1.2 448176 37272 ?        -    23:33   0:04 /usr/lib/packagekit/packagekitd LANG=zh_CN.UTF-8 LANGUAGE=zh_CN:zh:en_US:en LC_ADDRESS=zh_CN.UTF-8 LC_IDENTIFICATION=zh_CN.UTF-8 LC_MEASUREMENT=zh_CN.UTF-8 LC_MONETARY=zh_CN.UTF-8 LC_NAME=zh_CN.UTF-8 LC_NUMERIC=zh_CN.UTF-8 LC_PAPER=zh_CN.UTF-8 LC_TELEPHONE=zh_CN.UTF-8 LC_TIME=zh_CN.UTF-8 PATH=/usr/local/sbin:/usr/local/bin:/usr/sbin:/usr/bin:/sbin:/bin:/snap/bin HOME=/root LOGNAME=root USER=root SHELL=/bin/sh INVOCATION_ID=589899023cfa47cdbfcf4a826647f0bd JOURNAL_STREAM=9:47657
root          -  0.0    -      -     - -        Ssl  23:33   0:00 -
root          -  0.0    -      -     - -        Ssl  23:33   0:00 -
root          -  0.0    -      -     - -        Ssl  23:33   0:00 -
gdm        1685  0.0  1.6 656232 50232 tty1     -    23:33   0:00 /usr/lib/gnome-settings-daemon/gsd-xsettings USER=gdm LANGUAGE=zh_CN:zh:en_US:en LC_TIME=zh_CN.UTF-8 XDG_SEAT=seat0 XDG_SESSION_TYPE=wayland HOME=/var/lib/gdm3 DCONF_PROFILE=gdm GDM_VERSION=3.28.3 GNOME_SHELL_SESSION_MODE=gdm LC_MONETARY=zh_CN.UTF-8 DBUS_SESSION_BUS_ADDRESS=unix:path=/run/user/121/bus LOGNAME=gdm XDG_SESSION_CLASS=greeter USERNAME=gdm XDG_SESSION_ID=c1 GVFS_REMOTE_VOLUME_MONITOR_IGNORE=1 PATH=/usr/local/sbin:/usr/local/bin:/usr/sbin:/usr/bin:/sbin:/bin:/snap/bin LC_ADDRESS=zh_CN.UTF-8 XDG_RUNTIME_DIR=/run/user/121 LANG=zh_CN.UTF-8 LC_TELEPHONE=zh_CN.UTF-8 XDG_CURRENT_DESKTOP=GNOME-Greeter:GNOME GVFS_DISABLE_FUSE=1 SHELL=/bin/false LC_NAME=zh_CN.UTF-8 LC_MEASUREMENT=zh_CN.UTF-8 LC_IDENTIFICATION=zh_CN.UTF-8 XDG_VTNR=1 RUNNING_UNDER_GDM=true PWD=/var/lib/gdm3 GDM_SEAT_ID=seat0 XDG_DATA_DIRS=/usr/share/gdm/greeter:/usr/local/share/:/usr/share/ LC_NUMERIC=zh_CN.UTF-8 LC_PAPER=zh_CN.UTF-8 GIO_USE_VFS=local QT_IM_MODULE=ibus XMODIFIERS=@im=ibus GNOME_DESKTOP_SESSION_ID=this-is-deprecated XDG_MENU_PREFIX=gnome- SESSION_MANAGER=local/ziqing-vm:@/tmp/.ICE-unix/1168,unix/ziqing-vm:/tmp/.ICE-unix/1168 DISPLAY=:1024 WAYLAND_DISPLAY=wayland-0 DESKTOP_AUTOSTART_ID=10902675ebe263f9c1158808801630103500000011680017 GIO_LAUNCHED_DESKTOP_FILE=/etc/xdg/autostart/org.gnome.SettingsDaemon.XSettings.desktop GIO_LAUNCHED_DESKTOP_FILE_PID=1685
gdm           -  0.0    -      -     - -        Sl+  23:33   0:00 -
gdm           -  0.0    -      -     - -        Sl+  23:34   0:00 -
gdm           -  0.0    -      -     - -        Sl+  23:34   0:00 -
gdm           -  0.0    -      -     - -        Sl+  23:34   0:00 -
gdm        1686  0.0  0.1 278444  5960 tty1     -    23:33   0:00 /usr/lib/gnome-settings-daemon/gsd-a11y-settings USER=gdm LANGUAGE=zh_CN:zh:en_US:en LC_TIME=zh_CN.UTF-8 XDG_SEAT=seat0 XDG_SESSION_TYPE=wayland HOME=/var/lib/gdm3 DCONF_PROFILE=gdm GDM_VERSION=3.28.3 GNOME_SHELL_SESSION_MODE=gdm LC_MONETARY=zh_CN.UTF-8 DBUS_SESSION_BUS_ADDRESS=unix:path=/run/user/121/bus LOGNAME=gdm XDG_SESSION_CLASS=greeter USERNAME=gdm XDG_SESSION_ID=c1 GVFS_REMOTE_VOLUME_MONITOR_IGNORE=1 PATH=/usr/local/sbin:/usr/local/bin:/usr/sbin:/usr/bin:/sbin:/bin:/snap/bin LC_ADDRESS=zh_CN.UTF-8 XDG_RUNTIME_DIR=/run/user/121 LANG=zh_CN.UTF-8 LC_TELEPHONE=zh_CN.UTF-8 XDG_CURRENT_DESKTOP=GNOME-Greeter:GNOME GVFS_DISABLE_FUSE=1 SHELL=/bin/false LC_NAME=zh_CN.UTF-8 LC_MEASUREMENT=zh_CN.UTF-8 LC_IDENTIFICATION=zh_CN.UTF-8 XDG_VTNR=1 RUNNING_UNDER_GDM=true PWD=/var/lib/gdm3 GDM_SEAT_ID=seat0 XDG_DATA_DIRS=/usr/share/gdm/greeter:/usr/local/share/:/usr/share/ LC_NUMERIC=zh_CN.UTF-8 LC_PAPER=zh_CN.UTF-8 GIO_USE_VFS=local QT_IM_MODULE=ibus XMODIFIERS=@im=ibus GNOME_DESKTOP_SESSION_ID=this-is-deprecated XDG_MENU_PREFIX=gnome- SESSION_MANAGER=local/ziqing-vm:@/tmp/.ICE-unix/1168,unix/ziqing-vm:/tmp/.ICE-unix/1168 DISPLAY=:1024 WAYLAND_DISPLAY=wayland-0 DESKTOP_AUTOSTART_ID=10902675ebe263f9c1158808801628567200000011680001 GIO_LAUNCHED_DESKTOP_FILE=/etc/xdg/autostart/org.gnome.SettingsDaemon.A11ySettings.desktop GIO_LAUNCHED_DESKTOP_FILE_PID=1686
gdm           -  0.0    -      -     - -        Sl+  23:33   0:00 -
gdm           -  0.0    -      -     - -        Sl+  23:33   0:00 -
gdm           -  0.0    -      -     - -        Sl+  23:33   0:00 -
gdm           -  0.0    -      -     - -        Sl+  23:33   0:00 -
gdm        1688  0.0  1.5 505156 48188 tty1     -    23:33   0:00 /usr/lib/gnome-settings-daemon/gsd-clipboard USER=gdm LANGUAGE=zh_CN:zh:en_US:en LC_TIME=zh_CN.UTF-8 XDG_SEAT=seat0 XDG_SESSION_TYPE=wayland HOME=/var/lib/gdm3 DCONF_PROFILE=gdm GDM_VERSION=3.28.3 GNOME_SHELL_SESSION_MODE=gdm LC_MONETARY=zh_CN.UTF-8 DBUS_SESSION_BUS_ADDRESS=unix:path=/run/user/121/bus LOGNAME=gdm XDG_SESSION_CLASS=greeter USERNAME=gdm XDG_SESSION_ID=c1 GVFS_REMOTE_VOLUME_MONITOR_IGNORE=1 PATH=/usr/local/sbin:/usr/local/bin:/usr/sbin:/usr/bin:/sbin:/bin:/snap/bin LC_ADDRESS=zh_CN.UTF-8 XDG_RUNTIME_DIR=/run/user/121 LANG=zh_CN.UTF-8 LC_TELEPHONE=zh_CN.UTF-8 XDG_CURRENT_DESKTOP=GNOME-Greeter:GNOME GVFS_DISABLE_FUSE=1 SHELL=/bin/false LC_NAME=zh_CN.UTF-8 LC_MEASUREMENT=zh_CN.UTF-8 LC_IDENTIFICATION=zh_CN.UTF-8 XDG_VTNR=1 RUNNING_UNDER_GDM=true PWD=/var/lib/gdm3 GDM_SEAT_ID=seat0 XDG_DATA_DIRS=/usr/share/gdm/greeter:/usr/local/share/:/usr/share/ LC_NUMERIC=zh_CN.UTF-8 LC_PAPER=zh_CN.UTF-8 GIO_USE_VFS=local QT_IM_MODULE=ibus XMODIFIERS=@im=ibus GNOME_DESKTOP_SESSION_ID=this-is-deprecated XDG_MENU_PREFIX=gnome- SESSION_MANAGER=local/ziqing-vm:@/tmp/.ICE-unix/1168,unix/ziqing-vm:/tmp/.ICE-unix/1168 DISPLAY=:1024 WAYLAND_DISPLAY=wayland-0 DESKTOP_AUTOSTART_ID=10902675ebe263f9c1158808801628645100000011680002 GIO_LAUNCHED_DESKTOP_FILE=/etc/xdg/autostart/org.gnome.SettingsDaemon.Clipboard.desktop GIO_LAUNCHED_DESKTOP_FILE_PID=1688
gdm           -  0.0    -      -     - -        Sl+  23:33   0:00 -
gdm           -  0.0    -      -     - -        Sl+  23:34   0:00 -
gdm           -  0.0    -      -     - -        Sl+  23:34   0:00 -
gdm        1689  0.0  1.6 820288 50376 tty1     -    23:33   0:00 /usr/lib/gnome-settings-daemon/gsd-color USER=gdm LANGUAGE=zh_CN:zh:en_US:en LC_TIME=zh_CN.UTF-8 XDG_SEAT=seat0 XDG_SESSION_TYPE=wayland HOME=/var/lib/gdm3 DCONF_PROFILE=gdm GDM_VERSION=3.28.3 GNOME_SHELL_SESSION_MODE=gdm LC_MONETARY=zh_CN.UTF-8 DBUS_SESSION_BUS_ADDRESS=unix:path=/run/user/121/bus LOGNAME=gdm XDG_SESSION_CLASS=greeter USERNAME=gdm XDG_SESSION_ID=c1 GVFS_REMOTE_VOLUME_MONITOR_IGNORE=1 PATH=/usr/local/sbin:/usr/local/bin:/usr/sbin:/usr/bin:/sbin:/bin:/snap/bin LC_ADDRESS=zh_CN.UTF-8 XDG_RUNTIME_DIR=/run/user/121 LANG=zh_CN.UTF-8 LC_TELEPHONE=zh_CN.UTF-8 XDG_CURRENT_DESKTOP=GNOME-Greeter:GNOME GVFS_DISABLE_FUSE=1 SHELL=/bin/false LC_NAME=zh_CN.UTF-8 LC_MEASUREMENT=zh_CN.UTF-8 LC_IDENTIFICATION=zh_CN.UTF-8 XDG_VTNR=1 RUNNING_UNDER_GDM=true PWD=/var/lib/gdm3 GDM_SEAT_ID=seat0 XDG_DATA_DIRS=/usr/share/gdm/greeter:/usr/local/share/:/usr/share/ LC_NUMERIC=zh_CN.UTF-8 LC_PAPER=zh_CN.UTF-8 GIO_USE_VFS=local QT_IM_MODULE=ibus XMODIFIERS=@im=ibus GNOME_DESKTOP_SESSION_ID=this-is-deprecated XDG_MENU_PREFIX=gnome- SESSION_MANAGER=local/ziqing-vm:@/tmp/.ICE-unix/1168,unix/ziqing-vm:/tmp/.ICE-unix/1168 DISPLAY=:1024 WAYLAND_DISPLAY=wayland-0 DESKTOP_AUTOSTART_ID=10902675ebe263f9c1158808801628720800000011680003 GIO_LAUNCHED_DESKTOP_FILE=/etc/xdg/autostart/org.gnome.SettingsDaemon.Color.desktop GIO_LAUNCHED_DESKTOP_FILE_PID=1689
gdm           -  0.0    -      -     - -        Sl+  23:33   0:00 -
gdm           -  0.0    -      -     - -        Sl+  23:34   0:00 -
gdm           -  0.0    -      -     - -        Sl+  23:34   0:00 -
gdm           -  0.0    -      -     - -        Sl+  23:34   0:00 -
gdm        1691  0.0  0.4 393864 13672 tty1     -    23:33   0:00 /usr/lib/gnome-settings-daemon/gsd-datetime USER=gdm LANGUAGE=zh_CN:zh:en_US:en LC_TIME=zh_CN.UTF-8 XDG_SEAT=seat0 XDG_SESSION_TYPE=wayland HOME=/var/lib/gdm3 DCONF_PROFILE=gdm GDM_VERSION=3.28.3 GNOME_SHELL_SESSION_MODE=gdm LC_MONETARY=zh_CN.UTF-8 DBUS_SESSION_BUS_ADDRESS=unix:path=/run/user/121/bus LOGNAME=gdm XDG_SESSION_CLASS=greeter USERNAME=gdm XDG_SESSION_ID=c1 GVFS_REMOTE_VOLUME_MONITOR_IGNORE=1 PATH=/usr/local/sbin:/usr/local/bin:/usr/sbin:/usr/bin:/sbin:/bin:/snap/bin LC_ADDRESS=zh_CN.UTF-8 XDG_RUNTIME_DIR=/run/user/121 LANG=zh_CN.UTF-8 LC_TELEPHONE=zh_CN.UTF-8 XDG_CURRENT_DESKTOP=GNOME-Greeter:GNOME GVFS_DISABLE_FUSE=1 SHELL=/bin/false LC_NAME=zh_CN.UTF-8 LC_MEASUREMENT=zh_CN.UTF-8 LC_IDENTIFICATION=zh_CN.UTF-8 XDG_VTNR=1 RUNNING_UNDER_GDM=true PWD=/var/lib/gdm3 GDM_SEAT_ID=seat0 XDG_DATA_DIRS=/usr/share/gdm/greeter:/usr/local/share/:/usr/share/ LC_NUMERIC=zh_CN.UTF-8 LC_PAPER=zh_CN.UTF-8 GIO_USE_VFS=local QT_IM_MODULE=ibus XMODIFIERS=@im=ibus GNOME_DESKTOP_SESSION_ID=this-is-deprecated XDG_MENU_PREFIX=gnome- SESSION_MANAGER=local/ziqing-vm:@/tmp/.ICE-unix/1168,unix/ziqing-vm:/tmp/.ICE-unix/1168 DISPLAY=:1024 WAYLAND_DISPLAY=wayland-0 DESKTOP_AUTOSTART_ID=10902675ebe263f9c1158808801628786000000011680004 GIO_LAUNCHED_DESKTOP_FILE=/etc/xdg/autostart/org.gnome.SettingsDaemon.Datetime.desktop GIO_LAUNCHED_DESKTOP_FILE_PID=1691
gdm           -  0.0    -      -     - -        Sl+  23:33   0:00 -
gdm           -  0.0    -      -     - -        Sl+  23:33   0:00 -
gdm           -  0.0    -      -     - -        Sl+  23:33   0:00 -
gdm        1693  0.0  0.1 283888  5516 tty1     -    23:33   0:00 /usr/lib/gnome-settings-daemon/gsd-housekeeping USER=gdm LANGUAGE=zh_CN:zh:en_US:en LC_TIME=zh_CN.UTF-8 XDG_SEAT=seat0 XDG_SESSION_TYPE=wayland HOME=/var/lib/gdm3 DCONF_PROFILE=gdm GDM_VERSION=3.28.3 GNOME_SHELL_SESSION_MODE=gdm LC_MONETARY=zh_CN.UTF-8 DBUS_SESSION_BUS_ADDRESS=unix:path=/run/user/121/bus LOGNAME=gdm XDG_SESSION_CLASS=greeter USERNAME=gdm XDG_SESSION_ID=c1 GVFS_REMOTE_VOLUME_MONITOR_IGNORE=1 PATH=/usr/local/sbin:/usr/local/bin:/usr/sbin:/usr/bin:/sbin:/bin:/snap/bin LC_ADDRESS=zh_CN.UTF-8 XDG_RUNTIME_DIR=/run/user/121 LANG=zh_CN.UTF-8 LC_TELEPHONE=zh_CN.UTF-8 XDG_CURRENT_DESKTOP=GNOME-Greeter:GNOME GVFS_DISABLE_FUSE=1 SHELL=/bin/false LC_NAME=zh_CN.UTF-8 LC_MEASUREMENT=zh_CN.UTF-8 LC_IDENTIFICATION=zh_CN.UTF-8 XDG_VTNR=1 RUNNING_UNDER_GDM=true PWD=/var/lib/gdm3 GDM_SEAT_ID=seat0 XDG_DATA_DIRS=/usr/share/gdm/greeter:/usr/local/share/:/usr/share/ LC_NUMERIC=zh_CN.UTF-8 LC_PAPER=zh_CN.UTF-8 GIO_USE_VFS=local QT_IM_MODULE=ibus XMODIFIERS=@im=ibus GNOME_DESKTOP_SESSION_ID=this-is-deprecated XDG_MENU_PREFIX=gnome- SESSION_MANAGER=local/ziqing-vm:@/tmp/.ICE-unix/1168,unix/ziqing-vm:/tmp/.ICE-unix/1168 DISPLAY=:1024 WAYLAND_DISPLAY=wayland-0 DESKTOP_AUTOSTART_ID=10902675ebe263f9c1158808801628882600000011680005 GIO_LAUNCHED_DESKTOP_FILE=/etc/xdg/autostart/org.gnome.SettingsDaemon.Housekeeping.desktop GIO_LAUNCHED_DESKTOP_FILE_PID=1693
gdm           -  0.0    -      -     - -        Sl+  23:33   0:00 -
gdm           -  0.0    -      -     - -        Sl+  23:33   0:00 -
gdm           -  0.0    -      -     - -        Sl+  23:33   0:00 -
gdm        1698  0.0  1.6 668048 49860 tty1     -    23:33   0:00 /usr/lib/gnome-settings-daemon/gsd-keyboard USER=gdm LANGUAGE=zh_CN:zh:en_US:en LC_TIME=zh_CN.UTF-8 XDG_SEAT=seat0 XDG_SESSION_TYPE=wayland HOME=/var/lib/gdm3 DCONF_PROFILE=gdm GDM_VERSION=3.28.3 GNOME_SHELL_SESSION_MODE=gdm LC_MONETARY=zh_CN.UTF-8 DBUS_SESSION_BUS_ADDRESS=unix:path=/run/user/121/bus LOGNAME=gdm XDG_SESSION_CLASS=greeter USERNAME=gdm XDG_SESSION_ID=c1 GVFS_REMOTE_VOLUME_MONITOR_IGNORE=1 PATH=/usr/local/sbin:/usr/local/bin:/usr/sbin:/usr/bin:/sbin:/bin:/snap/bin LC_ADDRESS=zh_CN.UTF-8 XDG_RUNTIME_DIR=/run/user/121 LANG=zh_CN.UTF-8 LC_TELEPHONE=zh_CN.UTF-8 XDG_CURRENT_DESKTOP=GNOME-Greeter:GNOME GVFS_DISABLE_FUSE=1 SHELL=/bin/false LC_NAME=zh_CN.UTF-8 LC_MEASUREMENT=zh_CN.UTF-8 LC_IDENTIFICATION=zh_CN.UTF-8 XDG_VTNR=1 RUNNING_UNDER_GDM=true PWD=/var/lib/gdm3 GDM_SEAT_ID=seat0 XDG_DATA_DIRS=/usr/share/gdm/greeter:/usr/local/share/:/usr/share/ LC_NUMERIC=zh_CN.UTF-8 LC_PAPER=zh_CN.UTF-8 GIO_USE_VFS=local QT_IM_MODULE=ibus XMODIFIERS=@im=ibus GNOME_DESKTOP_SESSION_ID=this-is-deprecated XDG_MENU_PREFIX=gnome- SESSION_MANAGER=local/ziqing-vm:@/tmp/.ICE-unix/1168,unix/ziqing-vm:/tmp/.ICE-unix/1168 DISPLAY=:1024 WAYLAND_DISPLAY=wayland-0 DESKTOP_AUTOSTART_ID=10902675ebe263f9c1158808801628955900000011680006 GIO_LAUNCHED_DESKTOP_FILE=/etc/xdg/autostart/org.gnome.SettingsDaemon.Keyboard.desktop GIO_LAUNCHED_DESKTOP_FILE_PID=1698
gdm           -  0.0    -      -     - -        Sl+  23:33   0:00 -
gdm           -  0.0    -      -     - -        Sl+  23:34   0:00 -
gdm           -  0.0    -      -     - -        Sl+  23:34   0:00 -
gdm           -  0.0    -      -     - -        Sl+  23:34   0:00 -
gdm        1701  0.0  1.7 954484 51656 tty1     -    23:33   0:00 /usr/lib/gnome-settings-daemon/gsd-media-keys USER=gdm LANGUAGE=zh_CN:zh:en_US:en LC_TIME=zh_CN.UTF-8 XDG_SEAT=seat0 XDG_SESSION_TYPE=wayland HOME=/var/lib/gdm3 DCONF_PROFILE=gdm GDM_VERSION=3.28.3 GNOME_SHELL_SESSION_MODE=gdm LC_MONETARY=zh_CN.UTF-8 DBUS_SESSION_BUS_ADDRESS=unix:path=/run/user/121/bus LOGNAME=gdm XDG_SESSION_CLASS=greeter USERNAME=gdm XDG_SESSION_ID=c1 GVFS_REMOTE_VOLUME_MONITOR_IGNORE=1 PATH=/usr/local/sbin:/usr/local/bin:/usr/sbin:/usr/bin:/sbin:/bin:/snap/bin LC_ADDRESS=zh_CN.UTF-8 XDG_RUNTIME_DIR=/run/user/121 LANG=zh_CN.UTF-8 LC_TELEPHONE=zh_CN.UTF-8 XDG_CURRENT_DESKTOP=GNOME-Greeter:GNOME GVFS_DISABLE_FUSE=1 SHELL=/bin/false LC_NAME=zh_CN.UTF-8 LC_MEASUREMENT=zh_CN.UTF-8 LC_IDENTIFICATION=zh_CN.UTF-8 XDG_VTNR=1 RUNNING_UNDER_GDM=true PWD=/var/lib/gdm3 GDM_SEAT_ID=seat0 XDG_DATA_DIRS=/usr/share/gdm/greeter:/usr/local/share/:/usr/share/ LC_NUMERIC=zh_CN.UTF-8 LC_PAPER=zh_CN.UTF-8 GIO_USE_VFS=local QT_IM_MODULE=ibus XMODIFIERS=@im=ibus GNOME_DESKTOP_SESSION_ID=this-is-deprecated XDG_MENU_PREFIX=gnome- SESSION_MANAGER=local/ziqing-vm:@/tmp/.ICE-unix/1168,unix/ziqing-vm:/tmp/.ICE-unix/1168 DISPLAY=:1024 WAYLAND_DISPLAY=wayland-0 DESKTOP_AUTOSTART_ID=10902675ebe263f9c1158808801629027800000011680007 GIO_LAUNCHED_DESKTOP_FILE=/etc/xdg/autostart/org.gnome.SettingsDaemon.MediaKeys.desktop GIO_LAUNCHED_DESKTOP_FILE_PID=1701
gdm           -  0.0    -      -     - -        Sl+  23:33   0:00 -
gdm           -  0.0    -      -     - -        Sl+  23:34   0:00 -
gdm           -  0.0    -      -     - -        Sl+  23:34   0:00 -
gdm           -  0.0    -      -     - -        Sl+  23:34   0:00 -
gdm        1703  0.0  0.1 202144  4592 tty1     -    23:33   0:00 /usr/lib/gnome-settings-daemon/gsd-mouse USER=gdm LANGUAGE=zh_CN:zh:en_US:en LC_TIME=zh_CN.UTF-8 XDG_SEAT=seat0 XDG_SESSION_TYPE=wayland HOME=/var/lib/gdm3 DCONF_PROFILE=gdm GDM_VERSION=3.28.3 GNOME_SHELL_SESSION_MODE=gdm LC_MONETARY=zh_CN.UTF-8 DBUS_SESSION_BUS_ADDRESS=unix:path=/run/user/121/bus LOGNAME=gdm XDG_SESSION_CLASS=greeter USERNAME=gdm XDG_SESSION_ID=c1 GVFS_REMOTE_VOLUME_MONITOR_IGNORE=1 PATH=/usr/local/sbin:/usr/local/bin:/usr/sbin:/usr/bin:/sbin:/bin:/snap/bin LC_ADDRESS=zh_CN.UTF-8 XDG_RUNTIME_DIR=/run/user/121 LANG=zh_CN.UTF-8 LC_TELEPHONE=zh_CN.UTF-8 XDG_CURRENT_DESKTOP=GNOME-Greeter:GNOME GVFS_DISABLE_FUSE=1 SHELL=/bin/false LC_NAME=zh_CN.UTF-8 LC_MEASUREMENT=zh_CN.UTF-8 LC_IDENTIFICATION=zh_CN.UTF-8 XDG_VTNR=1 RUNNING_UNDER_GDM=true PWD=/var/lib/gdm3 GDM_SEAT_ID=seat0 XDG_DATA_DIRS=/usr/share/gdm/greeter:/usr/local/share/:/usr/share/ LC_NUMERIC=zh_CN.UTF-8 LC_PAPER=zh_CN.UTF-8 GIO_USE_VFS=local QT_IM_MODULE=ibus XMODIFIERS=@im=ibus GNOME_DESKTOP_SESSION_ID=this-is-deprecated XDG_MENU_PREFIX=gnome- SESSION_MANAGER=local/ziqing-vm:@/tmp/.ICE-unix/1168,unix/ziqing-vm:/tmp/.ICE-unix/1168 DISPLAY=:1024 WAYLAND_DISPLAY=wayland-0 DESKTOP_AUTOSTART_ID=10902675ebe263f9c1158808801629098500000011680008 GIO_LAUNCHED_DESKTOP_FILE=/etc/xdg/autostart/org.gnome.SettingsDaemon.Mouse.desktop GIO_LAUNCHED_DESKTOP_FILE_PID=1703
gdm           -  0.0    -      -     - -        Sl+  23:33   0:00 -
gdm           -  0.0    -      -     - -        Sl+  23:33   0:00 -
gdm           -  0.0    -      -     - -        Sl+  23:33   0:00 -
gdm        1704  0.0  1.6 678792 50572 tty1     -    23:33   0:00 /usr/lib/gnome-settings-daemon/gsd-power USER=gdm LANGUAGE=zh_CN:zh:en_US:en LC_TIME=zh_CN.UTF-8 XDG_SEAT=seat0 XDG_SESSION_TYPE=wayland HOME=/var/lib/gdm3 DCONF_PROFILE=gdm GDM_VERSION=3.28.3 GNOME_SHELL_SESSION_MODE=gdm LC_MONETARY=zh_CN.UTF-8 DBUS_SESSION_BUS_ADDRESS=unix:path=/run/user/121/bus LOGNAME=gdm XDG_SESSION_CLASS=greeter USERNAME=gdm XDG_SESSION_ID=c1 GVFS_REMOTE_VOLUME_MONITOR_IGNORE=1 PATH=/usr/local/sbin:/usr/local/bin:/usr/sbin:/usr/bin:/sbin:/bin:/snap/bin LC_ADDRESS=zh_CN.UTF-8 XDG_RUNTIME_DIR=/run/user/121 LANG=zh_CN.UTF-8 LC_TELEPHONE=zh_CN.UTF-8 XDG_CURRENT_DESKTOP=GNOME-Greeter:GNOME GVFS_DISABLE_FUSE=1 SHELL=/bin/false LC_NAME=zh_CN.UTF-8 LC_MEASUREMENT=zh_CN.UTF-8 LC_IDENTIFICATION=zh_CN.UTF-8 XDG_VTNR=1 RUNNING_UNDER_GDM=true PWD=/var/lib/gdm3 GDM_SEAT_ID=seat0 XDG_DATA_DIRS=/usr/share/gdm/greeter:/usr/local/share/:/usr/share/ LC_NUMERIC=zh_CN.UTF-8 LC_PAPER=zh_CN.UTF-8 GIO_USE_VFS=local QT_IM_MODULE=ibus XMODIFIERS=@im=ibus GNOME_DESKTOP_SESSION_ID=this-is-deprecated XDG_MENU_PREFIX=gnome- SESSION_MANAGER=local/ziqing-vm:@/tmp/.ICE-unix/1168,unix/ziqing-vm:/tmp/.ICE-unix/1168 DISPLAY=:1024 WAYLAND_DISPLAY=wayland-0 DESKTOP_AUTOSTART_ID=10902675ebe263f9c1158808801629164300000011680009 GIO_LAUNCHED_DESKTOP_FILE=/etc/xdg/autostart/org.gnome.SettingsDaemon.Power.desktop GIO_LAUNCHED_DESKTOP_FILE_PID=1704
gdm           -  0.0    -      -     - -        Sl+  23:33   0:00 -
gdm           -  0.0    -      -     - -        Sl+  23:34   0:00 -
gdm           -  0.0    -      -     - -        Sl+  23:34   0:00 -
gdm           -  0.0    -      -     - -        Sl+  23:34   0:00 -
gdm        1706  0.0  0.2 267160  8716 tty1     -    23:33   0:00 /usr/lib/gnome-settings-daemon/gsd-print-notifications USER=gdm LANGUAGE=zh_CN:zh:en_US:en LC_TIME=zh_CN.UTF-8 XDG_SEAT=seat0 XDG_SESSION_TYPE=wayland HOME=/var/lib/gdm3 DCONF_PROFILE=gdm GDM_VERSION=3.28.3 GNOME_SHELL_SESSION_MODE=gdm LC_MONETARY=zh_CN.UTF-8 DBUS_SESSION_BUS_ADDRESS=unix:path=/run/user/121/bus LOGNAME=gdm XDG_SESSION_CLASS=greeter USERNAME=gdm XDG_SESSION_ID=c1 GVFS_REMOTE_VOLUME_MONITOR_IGNORE=1 PATH=/usr/local/sbin:/usr/local/bin:/usr/sbin:/usr/bin:/sbin:/bin:/snap/bin LC_ADDRESS=zh_CN.UTF-8 XDG_RUNTIME_DIR=/run/user/121 LANG=zh_CN.UTF-8 LC_TELEPHONE=zh_CN.UTF-8 XDG_CURRENT_DESKTOP=GNOME-Greeter:GNOME GVFS_DISABLE_FUSE=1 SHELL=/bin/false LC_NAME=zh_CN.UTF-8 LC_MEASUREMENT=zh_CN.UTF-8 LC_IDENTIFICATION=zh_CN.UTF-8 XDG_VTNR=1 RUNNING_UNDER_GDM=true PWD=/var/lib/gdm3 GDM_SEAT_ID=seat0 XDG_DATA_DIRS=/usr/share/gdm/greeter:/usr/local/share/:/usr/share/ LC_NUMERIC=zh_CN.UTF-8 LC_PAPER=zh_CN.UTF-8 GIO_USE_VFS=local QT_IM_MODULE=ibus XMODIFIERS=@im=ibus GNOME_DESKTOP_SESSION_ID=this-is-deprecated XDG_MENU_PREFIX=gnome- SESSION_MANAGER=local/ziqing-vm:@/tmp/.ICE-unix/1168,unix/ziqing-vm:/tmp/.ICE-unix/1168 DISPLAY=:1024 WAYLAND_DISPLAY=wayland-0 DESKTOP_AUTOSTART_ID=10902675ebe263f9c1158808801629234500000011680010 GIO_LAUNCHED_DESKTOP_FILE=/etc/xdg/autostart/org.gnome.SettingsDaemon.PrintNotifications.desktop GIO_LAUNCHED_DESKTOP_FILE_PID=1706
gdm           -  0.0    -      -     - -        Sl+  23:33   0:00 -
gdm           -  0.0    -      -     - -        Sl+  23:33   0:00 -
gdm           -  0.0    -      -     - -        Sl+  23:33   0:00 -
gdm        1708  0.0  0.1 202164  4684 tty1     -    23:33   0:00 /usr/lib/gnome-settings-daemon/gsd-rfkill USER=gdm LANGUAGE=zh_CN:zh:en_US:en LC_TIME=zh_CN.UTF-8 XDG_SEAT=seat0 XDG_SESSION_TYPE=wayland HOME=/var/lib/gdm3 DCONF_PROFILE=gdm GDM_VERSION=3.28.3 GNOME_SHELL_SESSION_MODE=gdm LC_MONETARY=zh_CN.UTF-8 DBUS_SESSION_BUS_ADDRESS=unix:path=/run/user/121/bus LOGNAME=gdm XDG_SESSION_CLASS=greeter USERNAME=gdm XDG_SESSION_ID=c1 GVFS_REMOTE_VOLUME_MONITOR_IGNORE=1 PATH=/usr/local/sbin:/usr/local/bin:/usr/sbin:/usr/bin:/sbin:/bin:/snap/bin LC_ADDRESS=zh_CN.UTF-8 XDG_RUNTIME_DIR=/run/user/121 LANG=zh_CN.UTF-8 LC_TELEPHONE=zh_CN.UTF-8 XDG_CURRENT_DESKTOP=GNOME-Greeter:GNOME GVFS_DISABLE_FUSE=1 SHELL=/bin/false LC_NAME=zh_CN.UTF-8 LC_MEASUREMENT=zh_CN.UTF-8 LC_IDENTIFICATION=zh_CN.UTF-8 XDG_VTNR=1 RUNNING_UNDER_GDM=true PWD=/var/lib/gdm3 GDM_SEAT_ID=seat0 XDG_DATA_DIRS=/usr/share/gdm/greeter:/usr/local/share/:/usr/share/ LC_NUMERIC=zh_CN.UTF-8 LC_PAPER=zh_CN.UTF-8 GIO_USE_VFS=local QT_IM_MODULE=ibus XMODIFIERS=@im=ibus GNOME_DESKTOP_SESSION_ID=this-is-deprecated XDG_MENU_PREFIX=gnome- SESSION_MANAGER=local/ziqing-vm:@/tmp/.ICE-unix/1168,unix/ziqing-vm:/tmp/.ICE-unix/1168 DISPLAY=:1024 WAYLAND_DISPLAY=wayland-0 DESKTOP_AUTOSTART_ID=10902675ebe263f9c1158808801629298000000011680011 GIO_LAUNCHED_DESKTOP_FILE=/etc/xdg/autostart/org.gnome.SettingsDaemon.Rfkill.desktop GIO_LAUNCHED_DESKTOP_FILE_PID=1708
gdm           -  0.0    -      -     - -        Sl+  23:33   0:00 -
gdm           -  0.0    -      -     - -        Sl+  23:33   0:00 -
gdm           -  0.0    -      -     - -        Sl+  23:33   0:00 -
gdm        1709  0.0  0.1 275880  4780 tty1     -    23:33   0:00 /usr/lib/gnome-settings-daemon/gsd-screensaver-proxy USER=gdm LANGUAGE=zh_CN:zh:en_US:en LC_TIME=zh_CN.UTF-8 XDG_SEAT=seat0 XDG_SESSION_TYPE=wayland HOME=/var/lib/gdm3 DCONF_PROFILE=gdm GDM_VERSION=3.28.3 GNOME_SHELL_SESSION_MODE=gdm LC_MONETARY=zh_CN.UTF-8 DBUS_SESSION_BUS_ADDRESS=unix:path=/run/user/121/bus LOGNAME=gdm XDG_SESSION_CLASS=greeter USERNAME=gdm XDG_SESSION_ID=c1 GVFS_REMOTE_VOLUME_MONITOR_IGNORE=1 PATH=/usr/local/sbin:/usr/local/bin:/usr/sbin:/usr/bin:/sbin:/bin:/snap/bin LC_ADDRESS=zh_CN.UTF-8 XDG_RUNTIME_DIR=/run/user/121 LANG=zh_CN.UTF-8 LC_TELEPHONE=zh_CN.UTF-8 XDG_CURRENT_DESKTOP=GNOME-Greeter:GNOME GVFS_DISABLE_FUSE=1 SHELL=/bin/false LC_NAME=zh_CN.UTF-8 LC_MEASUREMENT=zh_CN.UTF-8 LC_IDENTIFICATION=zh_CN.UTF-8 XDG_VTNR=1 RUNNING_UNDER_GDM=true PWD=/var/lib/gdm3 GDM_SEAT_ID=seat0 XDG_DATA_DIRS=/usr/share/gdm/greeter:/usr/local/share/:/usr/share/ LC_NUMERIC=zh_CN.UTF-8 LC_PAPER=zh_CN.UTF-8 GIO_USE_VFS=local QT_IM_MODULE=ibus XMODIFIERS=@im=ibus GNOME_DESKTOP_SESSION_ID=this-is-deprecated XDG_MENU_PREFIX=gnome- SESSION_MANAGER=local/ziqing-vm:@/tmp/.ICE-unix/1168,unix/ziqing-vm:/tmp/.ICE-unix/1168 DISPLAY=:1024 WAYLAND_DISPLAY=wayland-0 DESKTOP_AUTOSTART_ID=10902675ebe263f9c1158808801629936800000011680012 GIO_LAUNCHED_DESKTOP_FILE=/etc/xdg/autostart/org.gnome.SettingsDaemon.ScreensaverProxy.desktop GIO_LAUNCHED_DESKTOP_FILE_PID=1709
gdm           -  0.0    -      -     - -        Sl+  23:33   0:00 -
gdm           -  0.0    -      -     - -        Sl+  23:33   0:00 -
gdm           -  0.0    -      -     - -        Sl+  23:33   0:00 -
gdm        1715  0.0  0.2 305400  8608 tty1     -    23:33   0:00 /usr/lib/gnome-settings-daemon/gsd-sharing USER=gdm LANGUAGE=zh_CN:zh:en_US:en LC_TIME=zh_CN.UTF-8 XDG_SEAT=seat0 XDG_SESSION_TYPE=wayland HOME=/var/lib/gdm3 DCONF_PROFILE=gdm GDM_VERSION=3.28.3 GNOME_SHELL_SESSION_MODE=gdm LC_MONETARY=zh_CN.UTF-8 DBUS_SESSION_BUS_ADDRESS=unix:path=/run/user/121/bus LOGNAME=gdm XDG_SESSION_CLASS=greeter USERNAME=gdm XDG_SESSION_ID=c1 GVFS_REMOTE_VOLUME_MONITOR_IGNORE=1 PATH=/usr/local/sbin:/usr/local/bin:/usr/sbin:/usr/bin:/sbin:/bin:/snap/bin LC_ADDRESS=zh_CN.UTF-8 XDG_RUNTIME_DIR=/run/user/121 LANG=zh_CN.UTF-8 LC_TELEPHONE=zh_CN.UTF-8 XDG_CURRENT_DESKTOP=GNOME-Greeter:GNOME GVFS_DISABLE_FUSE=1 SHELL=/bin/false LC_NAME=zh_CN.UTF-8 LC_MEASUREMENT=zh_CN.UTF-8 LC_IDENTIFICATION=zh_CN.UTF-8 XDG_VTNR=1 RUNNING_UNDER_GDM=true PWD=/var/lib/gdm3 GDM_SEAT_ID=seat0 XDG_DATA_DIRS=/usr/share/gdm/greeter:/usr/local/share/:/usr/share/ LC_NUMERIC=zh_CN.UTF-8 LC_PAPER=zh_CN.UTF-8 GIO_USE_VFS=local QT_IM_MODULE=ibus XMODIFIERS=@im=ibus GNOME_DESKTOP_SESSION_ID=this-is-deprecated XDG_MENU_PREFIX=gnome- SESSION_MANAGER=local/ziqing-vm:@/tmp/.ICE-unix/1168,unix/ziqing-vm:/tmp/.ICE-unix/1168 DISPLAY=:1024 WAYLAND_DISPLAY=wayland-0 DESKTOP_AUTOSTART_ID=10902675ebe263f9c1158808801629967500000011680013 GIO_LAUNCHED_DESKTOP_FILE=/etc/xdg/autostart/org.gnome.SettingsDaemon.Sharing.desktop GIO_LAUNCHED_DESKTOP_FILE_PID=1715
gdm           -  0.0    -      -     - -        Sl+  23:33   0:00 -
gdm           -  0.0    -      -     - -        Sl+  23:33   0:00 -
gdm           -  0.0    -      -     - -        Sl+  23:33   0:00 -
gdm           -  0.0    -      -     - -        Sl+  23:33   0:00 -
gdm        1719  0.0  0.3 378228  9372 tty1     -    23:33   0:00 /usr/lib/gnome-settings-daemon/gsd-smartcard USER=gdm LANGUAGE=zh_CN:zh:en_US:en LC_TIME=zh_CN.UTF-8 XDG_SEAT=seat0 XDG_SESSION_TYPE=wayland HOME=/var/lib/gdm3 DCONF_PROFILE=gdm GDM_VERSION=3.28.3 GNOME_SHELL_SESSION_MODE=gdm LC_MONETARY=zh_CN.UTF-8 DBUS_SESSION_BUS_ADDRESS=unix:path=/run/user/121/bus LOGNAME=gdm XDG_SESSION_CLASS=greeter USERNAME=gdm XDG_SESSION_ID=c1 GVFS_REMOTE_VOLUME_MONITOR_IGNORE=1 PATH=/usr/local/sbin:/usr/local/bin:/usr/sbin:/usr/bin:/sbin:/bin:/snap/bin LC_ADDRESS=zh_CN.UTF-8 XDG_RUNTIME_DIR=/run/user/121 LANG=zh_CN.UTF-8 LC_TELEPHONE=zh_CN.UTF-8 XDG_CURRENT_DESKTOP=GNOME-Greeter:GNOME GVFS_DISABLE_FUSE=1 SHELL=/bin/false LC_NAME=zh_CN.UTF-8 LC_MEASUREMENT=zh_CN.UTF-8 LC_IDENTIFICATION=zh_CN.UTF-8 XDG_VTNR=1 RUNNING_UNDER_GDM=true PWD=/var/lib/gdm3 GDM_SEAT_ID=seat0 XDG_DATA_DIRS=/usr/share/gdm/greeter:/usr/local/share/:/usr/share/ LC_NUMERIC=zh_CN.UTF-8 LC_PAPER=zh_CN.UTF-8 GIO_USE_VFS=local QT_IM_MODULE=ibus XMODIFIERS=@im=ibus GNOME_DESKTOP_SESSION_ID=this-is-deprecated XDG_MENU_PREFIX=gnome- SESSION_MANAGER=local/ziqing-vm:@/tmp/.ICE-unix/1168,unix/ziqing-vm:/tmp/.ICE-unix/1168 DISPLAY=:1024 WAYLAND_DISPLAY=wayland-0 DESKTOP_AUTOSTART_ID=10902675ebe263f9c1158808801629992500000011680014 GIO_LAUNCHED_DESKTOP_FILE=/etc/xdg/autostart/org.gnome.SettingsDaemon.Smartcard.desktop GIO_LAUNCHED_DESKTOP_FILE_PID=1719
gdm           -  0.0    -      -     - -        Sl+  23:33   0:00 -
gdm           -  0.0    -      -     - -        Sl+  23:33   0:00 -
gdm           -  0.0    -      -     - -        Sl+  23:33   0:00 -
gdm           -  0.0    -      -     - -        Sl+  23:33   0:00 -
gdm           -  0.0    -      -     - -        Sl+  23:33   0:00 -
gdm        1721  0.0  0.2 333144  8164 tty1     -    23:33   0:00 /usr/lib/gnome-settings-daemon/gsd-sound USER=gdm LANGUAGE=zh_CN:zh:en_US:en LC_TIME=zh_CN.UTF-8 XDG_SEAT=seat0 XDG_SESSION_TYPE=wayland HOME=/var/lib/gdm3 DCONF_PROFILE=gdm GDM_VERSION=3.28.3 GNOME_SHELL_SESSION_MODE=gdm LC_MONETARY=zh_CN.UTF-8 DBUS_SESSION_BUS_ADDRESS=unix:path=/run/user/121/bus LOGNAME=gdm XDG_SESSION_CLASS=greeter USERNAME=gdm XDG_SESSION_ID=c1 GVFS_REMOTE_VOLUME_MONITOR_IGNORE=1 PATH=/usr/local/sbin:/usr/local/bin:/usr/sbin:/usr/bin:/sbin:/bin:/snap/bin LC_ADDRESS=zh_CN.UTF-8 XDG_RUNTIME_DIR=/run/user/121 LANG=zh_CN.UTF-8 LC_TELEPHONE=zh_CN.UTF-8 XDG_CURRENT_DESKTOP=GNOME-Greeter:GNOME GVFS_DISABLE_FUSE=1 SHELL=/bin/false LC_NAME=zh_CN.UTF-8 LC_MEASUREMENT=zh_CN.UTF-8 LC_IDENTIFICATION=zh_CN.UTF-8 XDG_VTNR=1 RUNNING_UNDER_GDM=true PWD=/var/lib/gdm3 GDM_SEAT_ID=seat0 XDG_DATA_DIRS=/usr/share/gdm/greeter:/usr/local/share/:/usr/share/ LC_NUMERIC=zh_CN.UTF-8 LC_PAPER=zh_CN.UTF-8 GIO_USE_VFS=local QT_IM_MODULE=ibus XMODIFIERS=@im=ibus GNOME_DESKTOP_SESSION_ID=this-is-deprecated XDG_MENU_PREFIX=gnome- SESSION_MANAGER=local/ziqing-vm:@/tmp/.ICE-unix/1168,unix/ziqing-vm:/tmp/.ICE-unix/1168 DISPLAY=:1024 WAYLAND_DISPLAY=wayland-0 DESKTOP_AUTOSTART_ID=10902675ebe263f9c1158808801630013500000011680015 GIO_LAUNCHED_DESKTOP_FILE=/etc/xdg/autostart/org.gnome.SettingsDaemon.Sound.desktop GIO_LAUNCHED_DESKTOP_FILE_PID=1721
gdm           -  0.0    -      -     - -        Sl+  23:33   0:00 -
gdm           -  0.0    -      -     - -        Sl+  23:33   0:00 -
gdm           -  0.0    -      -     - -        Sl+  23:33   0:00 -
gdm           -  0.0    -      -     - -        Sl+  23:33   0:00 -
gdm        1722  0.0  1.6 590072 49488 tty1     -    23:33   0:00 /usr/lib/gnome-settings-daemon/gsd-wacom USER=gdm LANGUAGE=zh_CN:zh:en_US:en LC_TIME=zh_CN.UTF-8 XDG_SEAT=seat0 XDG_SESSION_TYPE=wayland HOME=/var/lib/gdm3 DCONF_PROFILE=gdm GDM_VERSION=3.28.3 GNOME_SHELL_SESSION_MODE=gdm LC_MONETARY=zh_CN.UTF-8 DBUS_SESSION_BUS_ADDRESS=unix:path=/run/user/121/bus LOGNAME=gdm XDG_SESSION_CLASS=greeter USERNAME=gdm XDG_SESSION_ID=c1 GVFS_REMOTE_VOLUME_MONITOR_IGNORE=1 PATH=/usr/local/sbin:/usr/local/bin:/usr/sbin:/usr/bin:/sbin:/bin:/snap/bin LC_ADDRESS=zh_CN.UTF-8 XDG_RUNTIME_DIR=/run/user/121 LANG=zh_CN.UTF-8 LC_TELEPHONE=zh_CN.UTF-8 XDG_CURRENT_DESKTOP=GNOME-Greeter:GNOME GVFS_DISABLE_FUSE=1 SHELL=/bin/false LC_NAME=zh_CN.UTF-8 LC_MEASUREMENT=zh_CN.UTF-8 LC_IDENTIFICATION=zh_CN.UTF-8 XDG_VTNR=1 RUNNING_UNDER_GDM=true PWD=/var/lib/gdm3 GDM_SEAT_ID=seat0 XDG_DATA_DIRS=/usr/share/gdm/greeter:/usr/local/share/:/usr/share/ LC_NUMERIC=zh_CN.UTF-8 LC_PAPER=zh_CN.UTF-8 GIO_USE_VFS=local QT_IM_MODULE=ibus XMODIFIERS=@im=ibus GNOME_DESKTOP_SESSION_ID=this-is-deprecated XDG_MENU_PREFIX=gnome- SESSION_MANAGER=local/ziqing-vm:@/tmp/.ICE-unix/1168,unix/ziqing-vm:/tmp/.ICE-unix/1168 DISPLAY=:1024 WAYLAND_DISPLAY=wayland-0 DESKTOP_AUTOSTART_ID=10902675ebe263f9c1158808801630058500000011680016 GIO_LAUNCHED_DESKTOP_FILE=/etc/xdg/autostart/org.gnome.SettingsDaemon.Wacom.desktop GIO_LAUNCHED_DESKTOP_FILE_PID=1722
gdm           -  0.0    -      -     - -        Sl+  23:33   0:00 -
gdm           -  0.0    -      -     - -        Sl+  23:34   0:00 -
gdm           -  0.0    -      -     - -        Sl+  23:34   0:00 -
gdm        1738  0.0  0.2 205124  6168 tty1     -    23:34   0:00 /usr/lib/ibus/ibus-engine-simple USER=gdm LANGUAGE=zh_CN:zh:en_US:en LC_TIME=zh_CN.UTF-8 XDG_SEAT=seat0 XDG_SESSION_TYPE=wayland HOME=/var/lib/gdm3 DCONF_PROFILE=gdm GDM_VERSION=3.28.3 GNOME_SHELL_SESSION_MODE=gdm LC_MONETARY=zh_CN.UTF-8 DBUS_SESSION_BUS_ADDRESS=unix:path=/run/user/121/bus LOGNAME=gdm XDG_SESSION_CLASS=greeter USERNAME=gdm XDG_SESSION_ID=c1 GVFS_REMOTE_VOLUME_MONITOR_IGNORE=1 PATH=/usr/local/sbin:/usr/local/bin:/usr/sbin:/usr/bin:/sbin:/bin:/snap/bin LC_ADDRESS=zh_CN.UTF-8 XDG_RUNTIME_DIR=/run/user/121 LANG=zh_CN.UTF-8 LC_TELEPHONE=zh_CN.UTF-8 XDG_CURRENT_DESKTOP=GNOME-Greeter:GNOME GVFS_DISABLE_FUSE=1 SHELL=/bin/false LC_NAME=zh_CN.UTF-8 LC_MEASUREMENT=zh_CN.UTF-8 LC_IDENTIFICATION=zh_CN.UTF-8 XDG_VTNR=1 RUNNING_UNDER_GDM=true PWD=/var/lib/gdm3 GDM_SEAT_ID=seat0 XDG_DATA_DIRS=/usr/share/gdm/greeter:/usr/local/share/:/usr/share/ LC_NUMERIC=zh_CN.UTF-8 LC_PAPER=zh_CN.UTF-8 GIO_USE_VFS=local QT_IM_MODULE=ibus XMODIFIERS=@im=ibus GNOME_DESKTOP_SESSION_ID=this-is-deprecated XDG_MENU_PREFIX=gnome- SESSION_MANAGER=local/ziqing-vm:@/tmp/.ICE-unix/1168,unix/ziqing-vm:/tmp/.ICE-unix/1168 DESKTOP_AUTOSTART_ID=10902675ebe263f9c1158808801628351000000011680000 GIO_LAUNCHED_DESKTOP_FILE=/usr/share/applications/org.gnome.Shell.desktop GIO_LAUNCHED_DESKTOP_FILE_PID=1201 DISPLAY=:1024 WAYLAND_DISPLAY=wayland-0 GJS_DEBUG_OUTPUT=stderr GJS_DEBUG_TOPICS=JS ERROR;JS LOG
gdm           -  0.0    -      -     - -        Sl   23:34   0:00 -
gdm           -  0.0    -      -     - -        Sl   23:34   0:00 -
gdm           -  0.0    -      -     - -        Sl   23:34   0:00 -
colord     1771  0.0  0.4 325092 14440 ?        -    23:34   0:00 /usr/lib/colord/colord LANG=zh_CN.UTF-8 LANGUAGE=zh_CN:zh:en_US:en LC_ADDRESS=zh_CN.UTF-8 LC_IDENTIFICATION=zh_CN.UTF-8 LC_MEASUREMENT=zh_CN.UTF-8 LC_MONETARY=zh_CN.UTF-8 LC_NAME=zh_CN.UTF-8 LC_NUMERIC=zh_CN.UTF-8 LC_PAPER=zh_CN.UTF-8 LC_TELEPHONE=zh_CN.UTF-8 LC_TIME=zh_CN.UTF-8 PATH=/usr/local/sbin:/usr/local/bin:/usr/sbin:/usr/bin:/sbin:/bin:/snap/bin HOME=/var/lib/colord LOGNAME=colord USER=colord INVOCATION_ID=75e2a8c61de647e990e79c9ff099fbc4 JOURNAL_STREAM=9:46906
colord        -  0.0    -      -     - -        Ssl  23:34   0:00 -
colord        -  0.0    -      -     - -        Ssl  23:34   0:00 -
colord        -  0.0    -      -     - -        Ssl  23:34   0:00 -
root       1798  0.0  0.2 267980  8608 ?        -    23:34   0:00 gdm-session-worker [pam/gdm-password] LC_MONETARY=zh_CN.UTF-8 LC_TIME=zh_CN.UTF-8 LC_TELEPHONE=zh_CN.UTF-8 LC_MEASUREMENT=zh_CN.UTF-8 LANG=zh_CN.UTF-8 LC_NAME=zh_CN.UTF-8 LC_IDENTIFICATION=zh_CN.UTF-8 LC_NUMERIC=zh_CN.UTF-8 INVOCATION_ID=cfef1fe070f74d54a156e52ac8c0b3b8 LANGUAGE=zh_CN:zh:en_US:en GDM_SESSION_DBUS_ADDRESS=unix:abstract=/tmp/dbus-G0MBNvCY JOURNAL_STREAM=9:39428 LC_ADDRESS=zh_CN.UTF-8 PATH=/usr/local/sbin:/usr/local/bin:/usr/sbin:/usr/bin:/sbin:/bin:/snap/bin LC_PAPER=zh_CN.UTF-8
root          -  0.0    -      -     - -        Sl   23:34   0:00 -
root          -  0.0    -      -     - -        Sl   23:34   0:00 -
root          -  0.0    -      -     - -        Sl   23:34   0:00 -
ziqing     1801  0.0  0.2  77052  8336 ?        -    23:34   0:00 /lib/systemd/systemd --user LANG=zh_CN.UTF-8 LANGUAGE=zh_CN:zh:en_US:en LC_ADDRESS=zh_CN.UTF-8 LC_IDENTIFICATION=zh_CN.UTF-8 LC_MEASUREMENT=zh_CN.UTF-8 LC_MONETARY=zh_CN.UTF-8 LC_NAME=zh_CN.UTF-8 LC_NUMERIC=zh_CN.UTF-8 LC_PAPER=zh_CN.UTF-8 LC_TELEPHONE=zh_CN.UTF-8 LC_TIME=zh_CN.UTF-8 PATH=/usr/local/sbin:/usr/local/bin:/usr/sbin:/usr/bin:/sbin:/bin:/snap/bin NOTIFY_SOCKET=/run/systemd/notify HOME=/home/ziqing LOGNAME=ziqing USER=ziqing SHELL=/bin/bash INVOCATION_ID=4875ce6a377240f2bd165bea8914e6c6 JOURNAL_STREAM=9:48417 XDG_RUNTIME_DIR=/run/user/1000
ziqing        -  0.0    -      -     - -        Ss   23:34   0:00 -
ziqing     1802  0.0  0.0 114116  2740 ?        -    23:34   0:00 (sd-pam) HOME=/ init=/sbin/init NETWORK_SKIP_ENSLAVED= recovery= TERM=linux drop_caps= BOOT_IMAGE=/boot/vmlinuz-5.3.0-46-generic PATH=/sbin:/usr/sbin:/bin:/usr/bin PWD=/ rootmnt=/root
ziqing        -  0.0    -      -     - -        S    23:34   0:00 -
ziqing     1816  0.0  0.2 288636  7992 ?        -    23:34   0:00 /usr/bin/gnome-keyring-daemon --daemonize --login XDG_SEAT=seat0 LOGNAME=ziqing USER=ziqing USERNAME=ziqing HOME=/home/ziqing PWD=/home/ziqing SHELL=/bin/bash PATH=/usr/local/sbin:/usr/local/bin:/usr/sbin:/usr/bin:/sbin:/bin:/usr/games:/usr/local/games XDG_SESSION_TYPE=x11 XDG_VTNR=2 LANG=zh_CN.UTF-8 LANGUAGE=zh_CN:zh:en_US:en LC_NUMERIC=zh_CN.UTF-8 LC_TIME=zh_CN.UTF-8 LC_MONETARY=zh_CN.UTF-8 LC_PAPER=zh_CN.UTF-8 LC_IDENTIFICATION=zh_CN.UTF-8 LC_NAME=zh_CN.UTF-8 LC_ADDRESS=zh_CN.UTF-8 LC_TELEPHONE=zh_CN.UTF-8 LC_MEASUREMENT=zh_CN.UTF-8 XDG_SESSION_ID=2 XDG_RUNTIME_DIR=/run/user/1000 DBUS_SESSION_BUS_ADDRESS=unix:path=/run/user/1000/bus
ziqing        -  0.0    -      -     - -        Sl   23:34   0:00 -
ziqing        -  0.0    -      -     - -        Sl   23:34   0:00 -
ziqing        -  0.0    -      -     - -        Sl   23:34   0:00 -
ziqing        -  0.0    -      -     - -        Sl   23:34   0:00 -
ziqing     1820  0.0  0.1 212248  6048 tty2     -    23:34   0:00 /usr/lib/gdm3/gdm-x-session --run-script env GNOME_SHELL_SESSION_MODE=ubuntu gnome-session --session=ubuntu XDG_SEAT=seat0 LOGNAME=ziqing USER=ziqing USERNAME=ziqing HOME=/home/ziqing PWD=/home/ziqing SHELL=/bin/bash PATH=/usr/local/sbin:/usr/local/bin:/usr/sbin:/usr/bin:/sbin:/bin:/usr/games:/usr/local/games XDG_SESSION_TYPE=x11 XDG_VTNR=2 LANG=zh_CN.UTF-8 LANGUAGE=zh_CN:zh:en_US:en LC_NUMERIC=zh_CN.UTF-8 LC_TIME=zh_CN.UTF-8 LC_MONETARY=zh_CN.UTF-8 LC_PAPER=zh_CN.UTF-8 LC_IDENTIFICATION=zh_CN.UTF-8 LC_NAME=zh_CN.UTF-8 LC_ADDRESS=zh_CN.UTF-8 LC_TELEPHONE=zh_CN.UTF-8 LC_MEASUREMENT=zh_CN.UTF-8 XDG_SESSION_ID=2 XDG_RUNTIME_DIR=/run/user/1000 DBUS_SESSION_BUS_ADDRESS=unix:path=/run/user/1000/bus GDMSESSION=ubuntu XDG_SESSION_DESKTOP=ubuntu DESKTOP_SESSION=ubuntu XDG_CURRENT_DESKTOP=ubuntu:GNOME
ziqing        -  0.0    -      -     - -        Ssl+ 23:34   0:00 -
ziqing        -  0.0    -      -     - -        Ssl+ 23:34   0:00 -
ziqing        -  0.0    -      -     - -        Ssl+ 23:34   0:00 -
ziqing     1822  1.6  2.4 428888 74088 tty2     -    23:34   0:15 /usr/lib/xorg/Xorg vt2 -displayfd 3 -auth /run/user/1000/gdm/Xauthority -background none -noreset -keeptty -verbose 3 USER=ziqing LANGUAGE=zh_CN:zh:en_US:en LC_TIME=zh_CN.UTF-8 XDG_SEAT=seat0 XDG_SESSION_TYPE=x11 HOME=/home/ziqing DESKTOP_SESSION=ubuntu LC_MONETARY=zh_CN.UTF-8 XORG_RUN_AS_USER_OK=1 DBUS_SESSION_BUS_ADDRESS=unix:path=/run/user/1000/bus LOGNAME=ziqing USERNAME=ziqing XDG_SESSION_ID=2 PATH=/usr/local/sbin:/usr/local/bin:/usr/sbin:/usr/bin:/sbin:/bin:/usr/games:/usr/local/games LC_ADDRESS=zh_CN.UTF-8 XDG_RUNTIME_DIR=/run/user/1000 LANG=zh_CN.UTF-8 LC_TELEPHONE=zh_CN.UTF-8 XDG_CURRENT_DESKTOP=ubuntu:GNOME XDG_SESSION_DESKTOP=ubuntu SHELL=/bin/bash LC_NAME=zh_CN.UTF-8 GDMSESSION=ubuntu LC_MEASUREMENT=zh_CN.UTF-8 LC_IDENTIFICATION=zh_CN.UTF-8 XDG_VTNR=2 PWD=/home/ziqing LC_NUMERIC=zh_CN.UTF-8 LC_PAPER=zh_CN.UTF-8
ziqing        -  1.3    -      -     - -        Sl+  23:34   0:12 -
ziqing        -  0.2    -      -     - -        Sl+  23:34   0:02 -
ziqing     1828  0.0  0.1  51468  5920 ?        -    23:34   0:00 /usr/bin/dbus-daemon --session --address=systemd: --nofork --nopidfile --systemd-activation --syslog-only DBUS_SESSION_BUS_ADDRESS=unix:path=/run/user/1000/bus HOME=/home/ziqing LANG=zh_CN.UTF-8 LANGUAGE=zh_CN:zh:en_US:en LC_ADDRESS=zh_CN.UTF-8 LC_IDENTIFICATION=zh_CN.UTF-8 LC_MEASUREMENT=zh_CN.UTF-8 LC_MONETARY=zh_CN.UTF-8 LC_NAME=zh_CN.UTF-8 LC_NUMERIC=zh_CN.UTF-8 LC_PAPER=zh_CN.UTF-8 LC_TELEPHONE=zh_CN.UTF-8 LC_TIME=zh_CN.UTF-8 LOGNAME=ziqing PATH=/usr/local/sbin:/usr/local/bin:/usr/sbin:/usr/bin:/sbin:/bin:/usr/games:/usr/local/games:/snap/bin SHELL=/bin/bash USER=ziqing XDG_DATA_DIRS=/usr/local/share/:/usr/share/:/var/lib/snapd/desktop XDG_RUNTIME_DIR=/run/user/1000 MANAGERPID=1801 LISTEN_PID=1828 LISTEN_FDS=1 LISTEN_FDNAMES=dbus.socket INVOCATION_ID=63f0a07fca4d43e9b244cf87b970f6da JOURNAL_STREAM=9:48575
ziqing        -  0.0    -      -     - -        Ss   23:34   0:00 -
ziqing     1831  0.0  0.4 707452 15056 tty2     -    23:34   0:00 /usr/lib/gnome-session/gnome-session-binary --session=ubuntu USER=ziqing LANGUAGE=zh_CN:zh:en_US:en LC_TIME=zh_CN.UTF-8 TEXTDOMAIN=im-config XDG_SEAT=seat0 XDG_SESSION_TYPE=x11 SSH_AGENT_PID=1921 SHLVL=0 QT4_IM_MODULE=fcitx HOME=/home/ziqing DESKTOP_SESSION=ubuntu GTK_MODULES=gail:atk-bridge GNOME_SHELL_SESSION_MODE=ubuntu LC_MONETARY=zh_CN.UTF-8 DBUS_SESSION_BUS_ADDRESS=unix:path=/run/user/1000/bus IM_CONFIG_PHASE=2 LOGNAME=ziqing GTK_IM_MODULE=fcitx USERNAME=ziqing XDG_SESSION_ID=2 WINDOWPATH=2 PATH=/home/ziqing/.local/bin:/usr/local/sbin:/usr/local/bin:/usr/sbin:/usr/bin:/sbin:/bin:/usr/games:/usr/local/games:/snap/bin LC_ADDRESS=zh_CN.UTF-8 XDG_RUNTIME_DIR=/run/user/1000 DISPLAY=:0 LANG=zh_CN.UTF-8 XDG_CURRENT_DESKTOP=ubuntu:GNOME LC_TELEPHONE=zh_CN.UTF-8 XDG_SESSION_DESKTOP=ubuntu XMODIFIERS=@im=fcitx XAUTHORITY=/run/user/1000/gdm/Xauthority SSH_AUTH_SOCK=/tmp/ssh-Ycrxg3kr4Nzr/agent.1831 LC_NAME=zh_CN.UTF-8 SHELL=/bin/bash QT_ACCESSIBILITY=1 GDMSESSION=ubuntu LC_MEASUREMENT=zh_CN.UTF-8 TEXTDOMAINDIR=/usr/share/locale/ GPG_AGENT_INFO=/run/user/1000/gnupg/S.gpg-agent:0:1 LC_IDENTIFICATION=zh_CN.UTF-8 XDG_VTNR=2 QT_IM_MODULE=fcitx PWD=/home/ziqing CLUTTER_IM_MODULE=xim XDG_DATA_DIRS=/usr/share/ubuntu:/usr/local/share/:/usr/share/:/var/lib/snapd/desktop XDG_CONFIG_DIRS=/etc/xdg/xdg-ubuntu:/etc/xdg LC_NUMERIC=zh_CN.UTF-8 LC_PAPER=zh_CN.UTF-8
ziqing        -  0.0    -      -     - -        Sl+  23:34   0:00 -
ziqing        -  0.0    -      -     - -        Sl+  23:34   0:00 -
ziqing        -  0.0    -      -     - -        Sl+  23:34   0:00 -
ziqing        -  0.0    -      -     - -        Sl+  23:34   0:00 -
ziqing     1862  0.1  1.8 419904 55840 ?        -    23:34   0:01 /usr/bin/fcitx CLUTTER_IM_MODULE=xim LC_MEASUREMENT=zh_CN.UTF-8 LC_PAPER=zh_CN.UTF-8 LC_MONETARY=zh_CN.UTF-8 LANG=zh_CN.UTF-8 DISPLAY=:0 USERNAME=ziqing XDG_VTNR=2 LC_NAME=zh_CN.UTF-8 XDG_SESSION_ID=2 USER=ziqing DESKTOP_SESSION=ubuntu QT4_IM_MODULE=fcitx TEXTDOMAINDIR=/usr/share/locale/ PWD=/home/ziqing HOME=/home/ziqing TEXTDOMAIN=im-config XDG_SESSION_TYPE=x11 XDG_DATA_DIRS=/usr/local/share/:/usr/share/:/var/lib/snapd/desktop XDG_SESSION_DESKTOP=ubuntu LC_ADDRESS=zh_CN.UTF-8 LC_NUMERIC=zh_CN.UTF-8 WINDOWPATH=2 SHELL=/bin/bash QT_IM_MODULE=fcitx XMODIFIERS=@im=fcitx IM_CONFIG_PHASE=2 XDG_CURRENT_DESKTOP=ubuntu:GNOME SHLVL=1 XDG_SEAT=seat0 LANGUAGE=zh_CN:zh:en_US:en LC_TELEPHONE=zh_CN.UTF-8 GDMSESSION=ubuntu LOGNAME=ziqing DBUS_SESSION_BUS_ADDRESS=unix:path=/run/user/1000/bus XDG_RUNTIME_DIR=/run/user/1000 XAUTHORITY=/run/user/1000/gdm/Xauthority PATH=/usr/local/sbin:/usr/local/bin:/usr/sbin:/usr/bin:/sbin:/bin:/usr/games:/usr/local/games:/snap/bin LC_IDENTIFICATION=zh_CN.UTF-8 GTK_IM_MODULE=fcitx LC_TIME=zh_CN.UTF-8 _=/usr/bin/fcitx
ziqing        -  0.1    -      -     - -        Sl   23:34   0:01 -
ziqing        -  0.0    -      -     - -        Sl   23:34   0:00 -
ziqing     1911  0.0  0.1  49940  3428 ?        -    23:34   0:00 /usr/bin/dbus-daemon --syslog --fork --print-pid 5 --print-address 7 --config-file /usr/share/fcitx/dbus/daemon.conf USER=ziqing LANGUAGE=zh_CN:zh:en_US:en LC_TIME=zh_CN.UTF-8 TEXTDOMAIN=im-config XDG_SEAT=seat0 XDG_SESSION_TYPE=x11 SHLVL=1 QT4_IM_MODULE=fcitx HOME=/home/ziqing DESKTOP_SESSION=ubuntu LC_MONETARY=zh_CN.UTF-8 DBUS_SESSION_BUS_ADDRESS=unix:path=/run/user/1000/bus IM_CONFIG_PHASE=2 LOGNAME=ziqing GTK_IM_MODULE=fcitx _=/usr/bin/fcitx USERNAME=ziqing XDG_SESSION_ID=2 WINDOWPATH=2 PATH=/usr/local/sbin:/usr/local/bin:/usr/sbin:/usr/bin:/sbin:/bin:/usr/games:/usr/local/games:/snap/bin LC_ADDRESS=zh_CN.UTF-8 XDG_RUNTIME_DIR=/run/user/1000 DISPLAY=:0 LANG=zh_CN.UTF-8 XDG_CURRENT_DESKTOP=ubuntu:GNOME LC_TELEPHONE=zh_CN.UTF-8 XDG_SESSION_DESKTOP=ubuntu XMODIFIERS=@im=fcitx XAUTHORITY=/run/user/1000/gdm/Xauthority LC_NAME=zh_CN.UTF-8 SHELL=/bin/bash GDMSESSION=ubuntu LC_MEASUREMENT=zh_CN.UTF-8 TEXTDOMAINDIR=/usr/share/locale/ LC_IDENTIFICATION=zh_CN.UTF-8 XDG_VTNR=2 QT_IM_MODULE=fcitx PWD=/ CLUTTER_IM_MODULE=xim XDG_DATA_DIRS=/usr/local/share/:/usr/share/:/var/lib/snapd/desktop LC_NUMERIC=zh_CN.UTF-8 LC_PAPER=zh_CN.UTF-8
ziqing        -  0.0    -      -     - -        Ss   23:34   0:00 -
ziqing     1920  0.0  0.0  27592   212 ?        -    23:34   0:00 /usr/bin/fcitx-dbus-watcher unix:abstract=/tmp/dbus-dxqjBxlaoi,guid=5f75603ca25e5ffe3748c7d55ea84d01 1911 CLUTTER_IM_MODULE=xim LC_MEASUREMENT=zh_CN.UTF-8 LC_PAPER=zh_CN.UTF-8 LC_MONETARY=zh_CN.UTF-8 LANG=zh_CN.UTF-8 DISPLAY=:0 USERNAME=ziqing XDG_VTNR=2 LC_NAME=zh_CN.UTF-8 XDG_SESSION_ID=2 USER=ziqing DESKTOP_SESSION=ubuntu QT4_IM_MODULE=fcitx TEXTDOMAINDIR=/usr/share/locale/ PWD=/home/ziqing HOME=/home/ziqing TEXTDOMAIN=im-config XDG_SESSION_TYPE=x11 XDG_DATA_DIRS=/usr/local/share/:/usr/share/:/var/lib/snapd/desktop XDG_SESSION_DESKTOP=ubuntu LC_ADDRESS=zh_CN.UTF-8 LC_NUMERIC=zh_CN.UTF-8 WINDOWPATH=2 SHELL=/bin/bash QT_IM_MODULE=fcitx XMODIFIERS=@im=fcitx IM_CONFIG_PHASE=2 XDG_CURRENT_DESKTOP=ubuntu:GNOME SHLVL=1 XDG_SEAT=seat0 LANGUAGE=zh_CN:zh:en_US:en LC_TELEPHONE=zh_CN.UTF-8 GDMSESSION=ubuntu LOGNAME=ziqing DBUS_SESSION_BUS_ADDRESS=unix:path=/run/user/1000/bus XDG_RUNTIME_DIR=/run/user/1000 XAUTHORITY=/run/user/1000/gdm/Xauthority PATH=/usr/local/sbin:/usr/local/bin:/usr/sbin:/usr/bin:/sbin:/bin:/usr/games:/usr/local/games:/snap/bin LC_IDENTIFICATION=zh_CN.UTF-8 GTK_IM_MODULE=fcitx LC_TIME=zh_CN.UTF-8 _=/usr/bin/fcitx
ziqing        -  0.0    -      -     - -        SN   23:34   0:00 -
ziqing     1921  0.0  0.0  11300   316 ?        -    23:34   0:00 /usr/bin/ssh-agent /usr/bin/sogou-session /usr/bin/im-launch env GNOME_SHELL_SESSION_MODE=ubuntu gnome-session --session=ubuntu CLUTTER_IM_MODULE=xim LC_MEASUREMENT=zh_CN.UTF-8 LC_PAPER=zh_CN.UTF-8 LC_MONETARY=zh_CN.UTF-8 LANG=zh_CN.UTF-8 DISPLAY=:0 USERNAME=ziqing XDG_VTNR=2 LC_NAME=zh_CN.UTF-8 XDG_SESSION_ID=2 USER=ziqing DESKTOP_SESSION=ubuntu QT4_IM_MODULE=fcitx TEXTDOMAINDIR=/usr/share/locale/ PWD=/home/ziqing HOME=/home/ziqing TEXTDOMAIN=im-config QT_ACCESSIBILITY=1 XDG_SESSION_TYPE=x11 XDG_DATA_DIRS=/usr/share/ubuntu:/usr/local/share/:/usr/share/:/var/lib/snapd/desktop XDG_SESSION_DESKTOP=ubuntu LC_ADDRESS=zh_CN.UTF-8 LC_NUMERIC=zh_CN.UTF-8 GTK_MODULES=gail:atk-bridge WINDOWPATH=2 SHELL=/bin/bash QT_IM_MODULE=fcitx XMODIFIERS=@im=fcitx IM_CONFIG_PHASE=2 XDG_CURRENT_DESKTOP=ubuntu:GNOME GPG_AGENT_INFO=/run/user/1000/gnupg/S.gpg-agent:0:1 SHLVL=0 XDG_SEAT=seat0 LANGUAGE=zh_CN:zh:en_US:en LC_TELEPHONE=zh_CN.UTF-8 GDMSESSION=ubuntu LOGNAME=ziqing DBUS_SESSION_BUS_ADDRESS=unix:path=/run/user/1000/bus XDG_RUNTIME_DIR=/run/user/1000 XAUTHORITY=/run/user/1000/gdm/Xauthority XDG_CONFIG_DIRS=/etc/xdg/xdg-ubuntu:/etc/xdg PATH=/home/ziqing/.local/bin:/usr/local/sbin:/usr/local/bin:/usr/sbin:/usr/bin:/sbin:/bin:/usr/games:/usr/local/games:/snap/bin LC_IDENTIFICATION=zh_CN.UTF-8 GTK_IM_MODULE=fcitx LC_TIME=zh_CN.UTF-8
ziqing        -  0.0    -      -     - -        Ss   23:34   0:00 -
ziqing     1929  0.0  0.2 349296  6160 ?        -    23:34   0:00 /usr/lib/at-spi2-core/at-spi-bus-launcher CLUTTER_IM_MODULE=xim DBUS_SESSION_BUS_ADDRESS=unix:path=/run/user/1000/bus DESKTOP_SESSION=ubuntu DISPLAY=:0 GDMSESSION=ubuntu GPG_AGENT_INFO=/run/user/1000/gnupg/S.gpg-agent:0:1 GTK_IM_MODULE=fcitx GTK_MODULES=gail:atk-bridge HOME=/home/ziqing IM_CONFIG_PHASE=2 LANG=zh_CN.UTF-8 LANGUAGE=zh_CN:zh:en_US:en LC_ADDRESS=zh_CN.UTF-8 LC_IDENTIFICATION=zh_CN.UTF-8 LC_MEASUREMENT=zh_CN.UTF-8 LC_MONETARY=zh_CN.UTF-8 LC_NAME=zh_CN.UTF-8 LC_NUMERIC=zh_CN.UTF-8 LC_PAPER=zh_CN.UTF-8 LC_TELEPHONE=zh_CN.UTF-8 LC_TIME=zh_CN.UTF-8 LOGNAME=ziqing PATH=/home/ziqing/.local/bin:/usr/local/sbin:/usr/local/bin:/usr/sbin:/usr/bin:/sbin:/bin:/usr/games:/usr/local/games:/snap/bin PWD=/home/ziqing QT4_IM_MODULE=fcitx QT_ACCESSIBILITY=1 QT_IM_MODULE=fcitx SHELL=/bin/bash SHLVL=1 TEXTDOMAIN=im-config TEXTDOMAINDIR=/usr/share/locale/ USER=ziqing USERNAME=ziqing WINDOWPATH=2 XAUTHORITY=/run/user/1000/gdm/Xauthority XDG_CONFIG_DIRS=/etc/xdg/xdg-ubuntu:/etc/xdg XDG_CURRENT_DESKTOP=ubuntu:GNOME XDG_DATA_DIRS=/usr/share/ubuntu:/usr/local/share/:/usr/share/:/var/lib/snapd/desktop XDG_RUNTIME_DIR=/run/user/1000 XDG_SESSION_DESKTOP=ubuntu XDG_SESSION_TYPE=x11 XMODIFIERS=@im=fcitx _=/usr/bin/dbus-update-activation-environment MANAGERPID=1801 INVOCATION_ID=5b1c4780731b4b0faddb4024aeca36c9 JOURNAL_STREAM=9:49611
ziqing        -  0.0    -      -     - -        Ssl  23:34   0:00 -
ziqing        -  0.0    -      -     - -        Ssl  23:34   0:00 -
ziqing        -  0.0    -      -     - -        Ssl  23:34   0:00 -
ziqing        -  0.0    -      -     - -        Ssl  23:34   0:00 -
ziqing     1934  0.0  0.1  49928  4236 ?        -    23:34   0:00 /usr/bin/dbus-daemon --config-file=/usr/share/defaults/at-spi2/accessibility.conf --nofork --print-address 3 CLUTTER_IM_MODULE=xim DBUS_SESSION_BUS_ADDRESS=unix:path=/run/user/1000/bus DESKTOP_SESSION=ubuntu DISPLAY=:0 GDMSESSION=ubuntu GPG_AGENT_INFO=/run/user/1000/gnupg/S.gpg-agent:0:1 GTK_IM_MODULE=fcitx GTK_MODULES=gail:atk-bridge HOME=/home/ziqing IM_CONFIG_PHASE=2 LANG=zh_CN.UTF-8 LANGUAGE=zh_CN:zh:en_US:en LC_ADDRESS=zh_CN.UTF-8 LC_IDENTIFICATION=zh_CN.UTF-8 LC_MEASUREMENT=zh_CN.UTF-8 LC_MONETARY=zh_CN.UTF-8 LC_NAME=zh_CN.UTF-8 LC_NUMERIC=zh_CN.UTF-8 LC_PAPER=zh_CN.UTF-8 LC_TELEPHONE=zh_CN.UTF-8 LC_TIME=zh_CN.UTF-8 LOGNAME=ziqing PATH=/home/ziqing/.local/bin:/usr/local/sbin:/usr/local/bin:/usr/sbin:/usr/bin:/sbin:/bin:/usr/games:/usr/local/games:/snap/bin PWD=/home/ziqing QT4_IM_MODULE=fcitx QT_ACCESSIBILITY=1 QT_IM_MODULE=fcitx SHELL=/bin/bash SHLVL=1 TEXTDOMAIN=im-config TEXTDOMAINDIR=/usr/share/locale/ USER=ziqing USERNAME=ziqing WINDOWPATH=2 XAUTHORITY=/run/user/1000/gdm/Xauthority XDG_CONFIG_DIRS=/etc/xdg/xdg-ubuntu:/etc/xdg XDG_CURRENT_DESKTOP=ubuntu:GNOME XDG_DATA_DIRS=/usr/share/ubuntu:/usr/local/share/:/usr/share/:/var/lib/snapd/desktop XDG_RUNTIME_DIR=/run/user/1000 XDG_SESSION_DESKTOP=ubuntu XDG_SESSION_TYPE=x11 XMODIFIERS=@im=fcitx _=/usr/bin/dbus-update-activation-environment MANAGERPID=1801 INVOCATION_ID=5b1c4780731b4b0faddb4024aeca36c9 JOURNAL_STREAM=9:49611
ziqing        -  0.0    -      -     - -        S    23:34   0:00 -
ziqing     1936  0.0  0.2 220776  6876 ?        -    23:34   0:00 /usr/lib/at-spi2-core/at-spi2-registryd --use-gnome-session XDG_RUNTIME_DIR=/run/user/1000 XMODIFIERS=@im=fcitx XDG_SESSION_TYPE=x11 DBUS_SESSION_BUS_ADDRESS=unix:path=/run/user/1000/bus QT_IM_MODULE=fcitx USER=ziqing XAUTHORITY=/run/user/1000/gdm/Xauthority LC_ADDRESS=zh_CN.UTF-8 DBUS_STARTER_BUS_TYPE=accessibility SHLVL=1 XDG_SESSION_DESKTOP=ubuntu SHELL=/bin/bash QT_ACCESSIBILITY=1 LC_NAME=zh_CN.UTF-8 LC_MEASUREMENT=zh_CN.UTF-8 LC_MONETARY=zh_CN.UTF-8 LC_TIME=zh_CN.UTF-8 WINDOWPATH=2 USERNAME=ziqing XDG_DATA_DIRS=/usr/share/ubuntu:/usr/local/share/:/usr/share/:/var/lib/snapd/desktop LANGUAGE=zh_CN:zh:en_US:en IM_CONFIG_PHASE=2 QT4_IM_MODULE=fcitx LC_TELEPHONE=zh_CN.UTF-8 TEXTDOMAINDIR=/usr/share/locale/ PWD=/home/ziqing HOME=/home/ziqing _=/usr/bin/dbus-update-activation-environment CLUTTER_IM_MODULE=xim DBUS_STARTER_ADDRESS=unix:abstract=/tmp/dbus-O13G6wuIAq,guid=175056b77440f5b1ba71519b5ea84d03 DISPLAY=:0 LC_PAPER=zh_CN.UTF-8 LC_NUMERIC=zh_CN.UTF-8 PATH=/home/ziqing/.local/bin:/usr/local/sbin:/usr/local/bin:/usr/sbin:/usr/bin:/sbin:/bin:/usr/games:/usr/local/games:/snap/bin GTK_MODULES=gail:atk-bridge GTK_IM_MODULE=fcitx GDMSESSION=ubuntu JOURNAL_STREAM=9:49611 GPG_AGENT_INFO=/run/user/1000/gnupg/S.gpg-agent:0:1 INVOCATION_ID=5b1c4780731b4b0faddb4024aeca36c9 LANG=zh_CN.UTF-8 LOGNAME=ziqing TEXTDOMAIN=im-config XDG_CURRENT_DESKTOP=ubuntu:GNOME DESKTOP_SESSION=ubuntu LC_IDENTIFICATION=zh_CN.UTF-8 MANAGERPID=1801 XDG_CONFIG_DIRS=/etc/xdg/xdg-ubuntu:/etc/xdg
ziqing        -  0.0    -      -     - -        Sl   23:34   0:00 -
ziqing        -  0.0    -      -     - -        Sl   23:34   0:00 -
ziqing        -  0.0    -      -     - -        Sl   23:34   0:00 -
ziqing     1944  0.0  0.5 159036 17844 ?        -    23:34   0:00 sogou-qimpanel-watchdog CLUTTER_IM_MODULE=xim LC_MEASUREMENT=zh_CN.UTF-8 LC_PAPER=zh_CN.UTF-8 LC_MONETARY=zh_CN.UTF-8 LANG=zh_CN.UTF-8 DISPLAY=:0 USERNAME=ziqing XDG_VTNR=2 LC_NAME=zh_CN.UTF-8 XDG_SESSION_ID=2 USER=ziqing DESKTOP_SESSION=ubuntu QT4_IM_MODULE=fcitx TEXTDOMAINDIR=/usr/share/locale/ PWD=/home/ziqing HOME=/home/ziqing TEXTDOMAIN=im-config XDG_SESSION_TYPE=x11 XDG_DATA_DIRS=/usr/local/share/:/usr/share/:/var/lib/snapd/desktop XDG_SESSION_DESKTOP=ubuntu LC_ADDRESS=zh_CN.UTF-8 LC_NUMERIC=zh_CN.UTF-8 WINDOWPATH=2 SHELL=/bin/bash QT_IM_MODULE=fcitx XMODIFIERS=@im=fcitx IM_CONFIG_PHASE=2 XDG_CURRENT_DESKTOP=ubuntu:GNOME SHLVL=1 XDG_SEAT=seat0 LANGUAGE=zh_CN:zh:en_US:en LC_TELEPHONE=zh_CN.UTF-8 GDMSESSION=ubuntu LOGNAME=ziqing DBUS_SESSION_BUS_ADDRESS=unix:path=/run/user/1000/bus XDG_RUNTIME_DIR=/run/user/1000 XAUTHORITY=/run/user/1000/gdm/Xauthority PATH=/usr/local/sbin:/usr/local/bin:/usr/sbin:/usr/bin:/sbin:/bin:/usr/games:/usr/local/games:/snap/bin LC_IDENTIFICATION=zh_CN.UTF-8 GTK_IM_MODULE=fcitx LC_TIME=zh_CN.UTF-8 _=/usr/bin/fcitx
ziqing        -  0.0    -      -     - -        S    23:34   0:00 -
ziqing     1974  2.4  6.5 3444516 198252 tty2   -    23:34   0:22 /usr/bin/gnome-shell USER=ziqing LANGUAGE=zh_CN:zh:en_US:en LC_TIME=zh_CN.UTF-8 TEXTDOMAIN=im-config XDG_SEAT=seat0 XDG_SESSION_TYPE=x11 SSH_AGENT_PID=1921 SHLVL=0 QT4_IM_MODULE=fcitx HOME=/home/ziqing DESKTOP_SESSION=ubuntu GTK_MODULES=gail:atk-bridge GNOME_SHELL_SESSION_MODE=ubuntu LC_MONETARY=zh_CN.UTF-8 DBUS_SESSION_BUS_ADDRESS=unix:path=/run/user/1000/bus IM_CONFIG_PHASE=2 LOGNAME=ziqing GTK_IM_MODULE=fcitx USERNAME=ziqing XDG_SESSION_ID=2 WINDOWPATH=2 PATH=/home/ziqing/.local/bin:/usr/local/sbin:/usr/local/bin:/usr/sbin:/usr/bin:/sbin:/bin:/usr/games:/usr/local/games:/snap/bin LC_ADDRESS=zh_CN.UTF-8 XDG_RUNTIME_DIR=/run/user/1000 DISPLAY=:0 LANG=zh_CN.UTF-8 XDG_CURRENT_DESKTOP=ubuntu:GNOME LC_TELEPHONE=zh_CN.UTF-8 XDG_SESSION_DESKTOP=ubuntu XMODIFIERS=@im=fcitx XAUTHORITY=/run/user/1000/gdm/Xauthority SSH_AUTH_SOCK=/run/user/1000/keyring/ssh LC_NAME=zh_CN.UTF-8 SHELL=/bin/bash QT_ACCESSIBILITY=1 GDMSESSION=ubuntu LC_MEASUREMENT=zh_CN.UTF-8 TEXTDOMAINDIR=/usr/share/locale/ GPG_AGENT_INFO=/run/user/1000/gnupg/S.gpg-agent:0:1 LC_IDENTIFICATION=zh_CN.UTF-8 XDG_VTNR=2 QT_IM_MODULE=fcitx PWD=/home/ziqing CLUTTER_IM_MODULE=xim XDG_DATA_DIRS=/usr/share/ubuntu:/usr/local/share/:/usr/share/:/var/lib/snapd/desktop XDG_CONFIG_DIRS=/etc/xdg/xdg-ubuntu:/etc/xdg LC_NUMERIC=zh_CN.UTF-8 LC_PAPER=zh_CN.UTF-8 GNOME_DESKTOP_SESSION_ID=this-is-deprecated XDG_MENU_PREFIX=gnome- SESSION_MANAGER=local/ziqing-vm:@/tmp/.ICE-unix/1831,unix/ziqing-vm:/tmp/.ICE-unix/1831 DESKTOP_AUTOSTART_ID=10c87d8a2e316a905a158808806848462000000018310000 GIO_LAUNCHED_DESKTOP_FILE=/usr/share/applications/org.gnome.Shell.desktop GIO_LAUNCHED_DESKTOP_FILE_PID=1974
ziqing        -  2.2    -      -     - -        Sl+  23:34   0:21 -
ziqing        -  0.0    -      -     - -        Sl+  23:34   0:00 -
ziqing        -  0.0    -      -     - -        Sl+  23:34   0:00 -
ziqing        -  0.0    -      -     - -        Sl+  23:34   0:00 -
ziqing        -  0.0    -      -     - -        Sl+  23:34   0:00 -
ziqing        -  0.0    -      -     - -        Sl+  23:34   0:00 -
ziqing        -  0.0    -      -     - -        Sl+  23:34   0:00 -
ziqing        -  0.0    -      -     - -        Sl+  23:34   0:00 -
ziqing        -  0.0    -      -     - -        Sl+  23:34   0:00 -
ziqing        -  0.0    -      -     - -        Sl+  23:34   0:00 -
ziqing        -  0.0    -      -     - -        Sl+  23:34   0:00 -
ziqing     1998  0.0  0.0      0     0 ?        -    23:34   0:00 [sh] <defunct>
ziqing        -  0.0    -      -     - -        Z    23:34   0:00 -
ziqing     2003  0.0  0.2 292100  7264 ?        -    23:34   0:00 /usr/lib/gvfs/gvfsd CLUTTER_IM_MODULE=xim DBUS_SESSION_BUS_ADDRESS=unix:path=/run/user/1000/bus DESKTOP_SESSION=ubuntu DISPLAY=:0 GDMSESSION=ubuntu GNOME_DESKTOP_SESSION_ID=this-is-deprecated GNOME_SHELL_SESSION_MODE=ubuntu GPG_AGENT_INFO=/run/user/1000/gnupg/S.gpg-agent:0:1 GTK_IM_MODULE=fcitx GTK_MODULES=gail:atk-bridge HOME=/home/ziqing IM_CONFIG_PHASE=2 LANG=zh_CN.UTF-8 LANGUAGE=zh_CN:zh:en_US:en LC_ADDRESS=zh_CN.UTF-8 LC_IDENTIFICATION=zh_CN.UTF-8 LC_MEASUREMENT=zh_CN.UTF-8 LC_MONETARY=zh_CN.UTF-8 LC_NAME=zh_CN.UTF-8 LC_NUMERIC=zh_CN.UTF-8 LC_PAPER=zh_CN.UTF-8 LC_TELEPHONE=zh_CN.UTF-8 LC_TIME=zh_CN.UTF-8 LOGNAME=ziqing PATH=/home/ziqing/.local/bin:/usr/local/sbin:/usr/local/bin:/usr/sbin:/usr/bin:/sbin:/bin:/usr/games:/usr/local/games:/snap/bin PWD=/home/ziqing QT4_IM_MODULE=fcitx QT_ACCESSIBILITY=1 QT_IM_MODULE=fcitx SESSION_MANAGER=local/ziqing-vm:@/tmp/.ICE-unix/1831,unix/ziqing-vm:/tmp/.ICE-unix/1831 SHELL=/bin/bash SHLVL=0 SSH_AGENT_PID=1921 SSH_AUTH_SOCK=/run/user/1000/keyring/ssh TEXTDOMAIN=im-config TEXTDOMAINDIR=/usr/share/locale/ USER=ziqing USERNAME=ziqing WINDOWPATH=2 XAUTHORITY=/run/user/1000/gdm/Xauthority XDG_CONFIG_DIRS=/etc/xdg/xdg-ubuntu:/etc/xdg XDG_CURRENT_DESKTOP=ubuntu:GNOME XDG_DATA_DIRS=/usr/share/ubuntu:/usr/local/share/:/usr/share/:/var/lib/snapd/desktop XDG_MENU_PREFIX=gnome- XDG_RUNTIME_DIR=/run/user/1000 XDG_SEAT=seat0 XDG_SESSION_DESKTOP=ubuntu XDG_SESSION_ID=2 XDG_SESSION_TYPE=x11 XDG_VTNR=2 XMODIFIERS=@im=fcitx _=/usr/bin/dbus-update-activation-environment MANAGERPID=1801 INVOCATION_ID=d07bc196eff54c74b5f063826c51e181 JOURNAL_STREAM=9:48958
ziqing        -  0.0    -      -     - -        Ssl  23:34   0:00 -
ziqing        -  0.0    -      -     - -        Ssl  23:34   0:00 -
ziqing        -  0.0    -      -     - -        Ssl  23:34   0:00 -
ziqing     2008  0.0  0.1 416112  5300 ?        -    23:34   0:00 /usr/lib/gvfs/gvfsd-fuse /run/user/1000/gvfs -f -o big_writes CLUTTER_IM_MODULE=xim DBUS_SESSION_BUS_ADDRESS=unix:path=/run/user/1000/bus DESKTOP_SESSION=ubuntu DISPLAY=:0 GDMSESSION=ubuntu GNOME_DESKTOP_SESSION_ID=this-is-deprecated GNOME_SHELL_SESSION_MODE=ubuntu GPG_AGENT_INFO=/run/user/1000/gnupg/S.gpg-agent:0:1 GTK_IM_MODULE=fcitx GTK_MODULES=gail:atk-bridge HOME=/home/ziqing IM_CONFIG_PHASE=2 LANG=zh_CN.UTF-8 LANGUAGE=zh_CN:zh:en_US:en LC_ADDRESS=zh_CN.UTF-8 LC_IDENTIFICATION=zh_CN.UTF-8 LC_MEASUREMENT=zh_CN.UTF-8 LC_MONETARY=zh_CN.UTF-8 LC_NAME=zh_CN.UTF-8 LC_NUMERIC=zh_CN.UTF-8 LC_PAPER=zh_CN.UTF-8 LC_TELEPHONE=zh_CN.UTF-8 LC_TIME=zh_CN.UTF-8 LOGNAME=ziqing PATH=/home/ziqing/.local/bin:/usr/local/sbin:/usr/local/bin:/usr/sbin:/usr/bin:/sbin:/bin:/usr/games:/usr/local/games:/snap/bin PWD=/home/ziqing QT4_IM_MODULE=fcitx QT_ACCESSIBILITY=1 QT_IM_MODULE=fcitx SESSION_MANAGER=local/ziqing-vm:@/tmp/.ICE-unix/1831,unix/ziqing-vm:/tmp/.ICE-unix/1831 SHELL=/bin/bash SHLVL=0 SSH_AGENT_PID=1921 SSH_AUTH_SOCK=/run/user/1000/keyring/ssh TEXTDOMAIN=im-config TEXTDOMAINDIR=/usr/share/locale/ USER=ziqing USERNAME=ziqing WINDOWPATH=2 XAUTHORITY=/run/user/1000/gdm/Xauthority XDG_CONFIG_DIRS=/etc/xdg/xdg-ubuntu:/etc/xdg XDG_CURRENT_DESKTOP=ubuntu:GNOME XDG_DATA_DIRS=/usr/share/ubuntu:/usr/local/share/:/usr/share/:/var/lib/snapd/desktop XDG_MENU_PREFIX=gnome- XDG_RUNTIME_DIR=/run/user/1000 XDG_SEAT=seat0 XDG_SESSION_DESKTOP=ubuntu XDG_SESSION_ID=2 XDG_SESSION_TYPE=x11 XDG_VTNR=2 XMODIFIERS=@im=fcitx _=/usr/bin/dbus-update-activation-environment MANAGERPID=1801 INVOCATION_ID=d07bc196eff54c74b5f063826c51e181 JOURNAL_STREAM=9:48958
ziqing        -  0.0    -      -     - -        Sl   23:34   0:00 -
ziqing        -  0.0    -      -     - -        Sl   23:34   0:00 -
ziqing        -  0.0    -      -     - -        Sl   23:34   0:00 -
ziqing        -  0.0    -      -     - -        Sl   23:34   0:00 -
ziqing        -  0.0    -      -     - -        Sl   23:34   0:00 -
ziqing        -  0.0    -      -     - -        Sl   23:34   0:00 -
ziqing     2019  0.1  0.3 1172252 11744 ?       -    23:34   0:01 /usr/bin/pulseaudio --start --log-target=syslog USER=ziqing LANGUAGE=zh_CN:zh:en_US:en LC_TIME=zh_CN.UTF-8 TEXTDOMAIN=im-config XDG_SEAT=seat0 XDG_SESSION_TYPE=x11 SSH_AGENT_PID=1921 SHLVL=0 QT4_IM_MODULE=fcitx HOME=/home/ziqing DESKTOP_SESSION=ubuntu GTK_MODULES=gail:atk-bridge GNOME_SHELL_SESSION_MODE=ubuntu LC_MONETARY=zh_CN.UTF-8 DBUS_SESSION_BUS_ADDRESS=unix:path=/run/user/1000/bus IM_CONFIG_PHASE=2 LOGNAME=ziqing GTK_IM_MODULE=fcitx USERNAME=ziqing XDG_SESSION_ID=2 WINDOWPATH=2 PATH=/home/ziqing/.local/bin:/usr/local/sbin:/usr/local/bin:/usr/sbin:/usr/bin:/sbin:/bin:/usr/games:/usr/local/games:/snap/bin LC_ADDRESS=zh_CN.UTF-8 XDG_RUNTIME_DIR=/run/user/1000 DISPLAY=:0 LANG=zh_CN.UTF-8 XDG_CURRENT_DESKTOP=ubuntu:GNOME LC_TELEPHONE=zh_CN.UTF-8 XDG_SESSION_DESKTOP=ubuntu XMODIFIERS=@im=fcitx XAUTHORITY=/run/user/1000/gdm/Xauthority SSH_AUTH_SOCK=/run/user/1000/keyring/ssh LC_NAME=zh_CN.UTF-8 SHELL=/bin/bash QT_ACCESSIBILITY=1 GDMSESSION=ubuntu LC_MEASUREMENT=zh_CN.UTF-8 TEXTDOMAINDIR=/usr/share/locale/ GPG_AGENT_INFO=/run/user/1000/gnupg/S.gpg-agent:0:1 LC_IDENTIFICATION=zh_CN.UTF-8 XDG_VTNR=2 QT_IM_MODULE=fcitx PWD=/home/ziqing CLUTTER_IM_MODULE=xim XDG_DATA_DIRS=/usr/share/ubuntu:/usr/local/share/:/usr/share/:/var/lib/snapd/desktop XDG_CONFIG_DIRS=/etc/xdg/xdg-ubuntu:/etc/xdg LC_NUMERIC=zh_CN.UTF-8 LC_PAPER=zh_CN.UTF-8 GNOME_DESKTOP_SESSION_ID=this-is-deprecated XDG_MENU_PREFIX=gnome- SESSION_MANAGER=local/ziqing-vm:@/tmp/.ICE-unix/1831,unix/ziqing-vm:/tmp/.ICE-unix/1831 DESKTOP_AUTOSTART_ID=10c87d8a2e316a905a158808806848462000000018310000 GIO_LAUNCHED_DESKTOP_FILE=/usr/share/applications/org.gnome.Shell.desktop GIO_LAUNCHED_DESKTOP_FILE_PID=1974 GJS_DEBUG_OUTPUT=stderr GJS_DEBUG_TOPICS=JS ERROR;JS LOG LD_BIND_NOW=1
ziqing        -  0.0    -      -     - -        S<l  23:34   0:00 -
ziqing        -  0.0    -      -     - -        Sl   23:34   0:00 -
ziqing        -  0.0    -      -     - -        Sl   23:34   0:00 -
root       2031  0.0  0.0      0     0 ?        -    23:34   0:00 [krfcommd]
root          -  0.0    -      -     - -        S<   23:34   0:00 -
ziqing     2032  0.0  0.2 435468  8132 tty2     -    23:34   0:00 ibus-daemon --xim --panel disable USER=ziqing LANGUAGE=zh_CN:zh:en_US:en LC_TIME=zh_CN.UTF-8 TEXTDOMAIN=im-config XDG_SEAT=seat0 XDG_SESSION_TYPE=x11 SSH_AGENT_PID=1921 SHLVL=0 QT4_IM_MODULE=fcitx HOME=/home/ziqing DESKTOP_SESSION=ubuntu GTK_MODULES=gail:atk-bridge GNOME_SHELL_SESSION_MODE=ubuntu LC_MONETARY=zh_CN.UTF-8 DBUS_SESSION_BUS_ADDRESS=unix:path=/run/user/1000/bus IM_CONFIG_PHASE=2 LOGNAME=ziqing GTK_IM_MODULE=fcitx USERNAME=ziqing XDG_SESSION_ID=2 WINDOWPATH=2 PATH=/home/ziqing/.local/bin:/usr/local/sbin:/usr/local/bin:/usr/sbin:/usr/bin:/sbin:/bin:/usr/games:/usr/local/games:/snap/bin LC_ADDRESS=zh_CN.UTF-8 XDG_RUNTIME_DIR=/run/user/1000 DISPLAY=:0 LANG=zh_CN.UTF-8 XDG_CURRENT_DESKTOP=ubuntu:GNOME LC_TELEPHONE=zh_CN.UTF-8 XDG_SESSION_DESKTOP=ubuntu XMODIFIERS=@im=fcitx XAUTHORITY=/run/user/1000/gdm/Xauthority SSH_AUTH_SOCK=/run/user/1000/keyring/ssh LC_NAME=zh_CN.UTF-8 SHELL=/bin/bash QT_ACCESSIBILITY=1 GDMSESSION=ubuntu LC_MEASUREMENT=zh_CN.UTF-8 TEXTDOMAINDIR=/usr/share/locale/ GPG_AGENT_INFO=/run/user/1000/gnupg/S.gpg-agent:0:1 LC_IDENTIFICATION=zh_CN.UTF-8 XDG_VTNR=2 QT_IM_MODULE=fcitx PWD=/home/ziqing CLUTTER_IM_MODULE=xim XDG_DATA_DIRS=/usr/share/ubuntu:/usr/local/share/:/usr/share/:/var/lib/snapd/desktop XDG_CONFIG_DIRS=/etc/xdg/xdg-ubuntu:/etc/xdg LC_NUMERIC=zh_CN.UTF-8 LC_PAPER=zh_CN.UTF-8 GNOME_DESKTOP_SESSION_ID=this-is-deprecated XDG_MENU_PREFIX=gnome- SESSION_MANAGER=local/ziqing-vm:@/tmp/.ICE-unix/1831,unix/ziqing-vm:/tmp/.ICE-unix/1831 DESKTOP_AUTOSTART_ID=10c87d8a2e316a905a158808806848462000000018310000 GIO_LAUNCHED_DESKTOP_FILE=/usr/share/applications/org.gnome.Shell.desktop GIO_LAUNCHED_DESKTOP_FILE_PID=1974 GJS_DEBUG_OUTPUT=stderr GJS_DEBUG_TOPICS=JS ERROR;JS LOG
ziqing        -  0.0    -      -     - -        Sl   23:34   0:00 -
ziqing        -  0.0    -      -     - -        Sl   23:34   0:00 -
ziqing        -  0.0    -      -     - -        Sl   23:34   0:00 -
ziqing     2036  0.0  0.2 280984  6736 tty2     -    23:34   0:00 /usr/lib/ibus/ibus-dconf USER=ziqing LANGUAGE=zh_CN:zh:en_US:en LC_TIME=zh_CN.UTF-8 TEXTDOMAIN=im-config XDG_SEAT=seat0 XDG_SESSION_TYPE=x11 SSH_AGENT_PID=1921 SHLVL=0 QT4_IM_MODULE=fcitx HOME=/home/ziqing DESKTOP_SESSION=ubuntu GTK_MODULES=gail:atk-bridge GNOME_SHELL_SESSION_MODE=ubuntu LC_MONETARY=zh_CN.UTF-8 DBUS_SESSION_BUS_ADDRESS=unix:path=/run/user/1000/bus IM_CONFIG_PHASE=2 LOGNAME=ziqing GTK_IM_MODULE=fcitx USERNAME=ziqing XDG_SESSION_ID=2 WINDOWPATH=2 PATH=/home/ziqing/.local/bin:/usr/local/sbin:/usr/local/bin:/usr/sbin:/usr/bin:/sbin:/bin:/usr/games:/usr/local/games:/snap/bin LC_ADDRESS=zh_CN.UTF-8 XDG_RUNTIME_DIR=/run/user/1000 DISPLAY=:0 LANG=zh_CN.UTF-8 XDG_CURRENT_DESKTOP=ubuntu:GNOME LC_TELEPHONE=zh_CN.UTF-8 XDG_SESSION_DESKTOP=ubuntu XMODIFIERS=@im=fcitx XAUTHORITY=/run/user/1000/gdm/Xauthority SSH_AUTH_SOCK=/run/user/1000/keyring/ssh LC_NAME=zh_CN.UTF-8 SHELL=/bin/bash QT_ACCESSIBILITY=1 GDMSESSION=ubuntu LC_MEASUREMENT=zh_CN.UTF-8 TEXTDOMAINDIR=/usr/share/locale/ GPG_AGENT_INFO=/run/user/1000/gnupg/S.gpg-agent:0:1 LC_IDENTIFICATION=zh_CN.UTF-8 XDG_VTNR=2 QT_IM_MODULE=fcitx PWD=/home/ziqing CLUTTER_IM_MODULE=xim XDG_DATA_DIRS=/usr/share/ubuntu:/usr/local/share/:/usr/share/:/var/lib/snapd/desktop XDG_CONFIG_DIRS=/etc/xdg/xdg-ubuntu:/etc/xdg LC_NUMERIC=zh_CN.UTF-8 LC_PAPER=zh_CN.UTF-8 GNOME_DESKTOP_SESSION_ID=this-is-deprecated XDG_MENU_PREFIX=gnome- SESSION_MANAGER=local/ziqing-vm:@/tmp/.ICE-unix/1831,unix/ziqing-vm:/tmp/.ICE-unix/1831 DESKTOP_AUTOSTART_ID=10c87d8a2e316a905a158808806848462000000018310000 GIO_LAUNCHED_DESKTOP_FILE=/usr/share/applications/org.gnome.Shell.desktop GIO_LAUNCHED_DESKTOP_FILE_PID=1974 GJS_DEBUG_OUTPUT=stderr GJS_DEBUG_TOPICS=JS ERROR;JS LOG
ziqing        -  0.0    -      -     - -        Sl   23:34   0:00 -
ziqing        -  0.0    -      -     - -        Sl   23:34   0:00 -
ziqing        -  0.0    -      -     - -        Sl   23:34   0:00 -
ziqing        -  0.0    -      -     - -        Sl   23:34   0:00 -
ziqing     2039  0.0  0.7 344652 21540 tty2     -    23:34   0:00 /usr/lib/ibus/ibus-x11 --kill-daemon USER=ziqing LANGUAGE=zh_CN:zh:en_US:en LC_TIME=zh_CN.UTF-8 TEXTDOMAIN=im-config XDG_SEAT=seat0 XDG_SESSION_TYPE=x11 SSH_AGENT_PID=1921 SHLVL=0 QT4_IM_MODULE=fcitx HOME=/home/ziqing DESKTOP_SESSION=ubuntu GTK_MODULES=gail:atk-bridge GNOME_SHELL_SESSION_MODE=ubuntu LC_MONETARY=zh_CN.UTF-8 DBUS_SESSION_BUS_ADDRESS=unix:path=/run/user/1000/bus IM_CONFIG_PHASE=2 LOGNAME=ziqing GTK_IM_MODULE=fcitx USERNAME=ziqing XDG_SESSION_ID=2 WINDOWPATH=2 PATH=/home/ziqing/.local/bin:/usr/local/sbin:/usr/local/bin:/usr/sbin:/usr/bin:/sbin:/bin:/usr/games:/usr/local/games:/snap/bin LC_ADDRESS=zh_CN.UTF-8 XDG_RUNTIME_DIR=/run/user/1000 DISPLAY=:0 LANG=zh_CN.UTF-8 XDG_CURRENT_DESKTOP=ubuntu:GNOME LC_TELEPHONE=zh_CN.UTF-8 XDG_SESSION_DESKTOP=ubuntu XMODIFIERS=@im=fcitx XAUTHORITY=/run/user/1000/gdm/Xauthority SSH_AUTH_SOCK=/run/user/1000/keyring/ssh LC_NAME=zh_CN.UTF-8 SHELL=/bin/bash QT_ACCESSIBILITY=1 GDMSESSION=ubuntu LC_MEASUREMENT=zh_CN.UTF-8 TEXTDOMAINDIR=/usr/share/locale/ GPG_AGENT_INFO=/run/user/1000/gnupg/S.gpg-agent:0:1 LC_IDENTIFICATION=zh_CN.UTF-8 XDG_VTNR=2 QT_IM_MODULE=fcitx PWD=/home/ziqing CLUTTER_IM_MODULE=xim XDG_DATA_DIRS=/usr/share/ubuntu:/usr/local/share/:/usr/share/:/var/lib/snapd/desktop XDG_CONFIG_DIRS=/etc/xdg/xdg-ubuntu:/etc/xdg LC_NUMERIC=zh_CN.UTF-8 LC_PAPER=zh_CN.UTF-8 GNOME_DESKTOP_SESSION_ID=this-is-deprecated XDG_MENU_PREFIX=gnome- SESSION_MANAGER=local/ziqing-vm:@/tmp/.ICE-unix/1831,unix/ziqing-vm:/tmp/.ICE-unix/1831 DESKTOP_AUTOSTART_ID=10c87d8a2e316a905a158808806848462000000018310000 GIO_LAUNCHED_DESKTOP_FILE=/usr/share/applications/org.gnome.Shell.desktop GIO_LAUNCHED_DESKTOP_FILE_PID=1974 GJS_DEBUG_OUTPUT=stderr GJS_DEBUG_TOPICS=JS ERROR;JS LOG
ziqing        -  0.0    -      -     - -        Sl   23:34   0:00 -
ziqing        -  0.0    -      -     - -        Sl   23:34   0:00 -
ziqing        -  0.0    -      -     - -        Sl   23:34   0:00 -
ziqing     2041  0.0  0.2 278924  6204 ?        -    23:34   0:00 /usr/lib/ibus/ibus-portal XDG_RUNTIME_DIR=/run/user/1000 SESSION_MANAGER=local/ziqing-vm:@/tmp/.ICE-unix/1831,unix/ziqing-vm:/tmp/.ICE-unix/1831 XMODIFIERS=@im=fcitx XDG_SESSION_TYPE=x11 DBUS_SESSION_BUS_ADDRESS=unix:path=/run/user/1000/bus,guid=2d15b942b53ed742402bd7705ea84d00 USER=ziqing XAUTHORITY=/run/user/1000/gdm/Xauthority QT_IM_MODULE=fcitx DBUS_STARTER_BUS_TYPE=session LC_ADDRESS=zh_CN.UTF-8 SHLVL=0 XDG_MENU_PREFIX=gnome- XDG_SESSION_DESKTOP=ubuntu SHELL=/bin/bash QT_ACCESSIBILITY=1 LC_NAME=zh_CN.UTF-8 LC_MEASUREMENT=zh_CN.UTF-8 LC_MONETARY=zh_CN.UTF-8 LC_TIME=zh_CN.UTF-8 WINDOWPATH=2 USERNAME=ziqing XDG_DATA_DIRS=/usr/share/ubuntu:/usr/local/share/:/usr/share/:/var/lib/snapd/desktop LANGUAGE=zh_CN:zh:en_US:en QT4_IM_MODULE=fcitx IM_CONFIG_PHASE=2 GNOME_SHELL_SESSION_MODE=ubuntu LC_TELEPHONE=zh_CN.UTF-8 TEXTDOMAINDIR=/usr/share/locale/ PWD=/home/ziqing HOME=/home/ziqing _=/usr/bin/dbus-update-activation-environment DBUS_STARTER_ADDRESS=unix:path=/run/user/1000/bus,guid=2d15b942b53ed742402bd7705ea84d00 CLUTTER_IM_MODULE=xim DISPLAY=:0 SSH_AUTH_SOCK=/run/user/1000/keyring/ssh LC_PAPER=zh_CN.UTF-8 LC_NUMERIC=zh_CN.UTF-8 PATH=/home/ziqing/.local/bin:/usr/local/sbin:/usr/local/bin:/usr/sbin:/usr/bin:/sbin:/bin:/usr/games:/usr/local/games:/snap/bin GNOME_DESKTOP_SESSION_ID=this-is-deprecated XDG_VTNR=2 GTK_MODULES=gail:atk-bridge GDMSESSION=ubuntu GTK_IM_MODULE=fcitx XDG_SESSION_ID=2 JOURNAL_STREAM=9:48575 GPG_AGENT_INFO=/run/user/1000/gnupg/S.gpg-agent:0:1 XDG_SEAT=seat0 INVOCATION_ID=63f0a07fca4d43e9b244cf87b970f6da LANG=zh_CN.UTF-8 LOGNAME=ziqing TEXTDOMAIN=im-config XDG_CURRENT_DESKTOP=ubuntu:GNOME DESKTOP_SESSION=ubuntu LC_IDENTIFICATION=zh_CN.UTF-8 SSH_AGENT_PID=1921 MANAGERPID=1801 XDG_CONFIG_DIRS=/etc/xdg/xdg-ubuntu:/etc/xdg
ziqing        -  0.0    -      -     - -        Sl   23:34   0:00 -
ziqing        -  0.0    -      -     - -        Sl   23:34   0:00 -
ziqing        -  0.0    -      -     - -        Sl   23:34   0:00 -
ziqing     2048  0.0  0.1 271792  5660 ?        -    23:34   0:00 /usr/libexec/xdg-permission-store CLUTTER_IM_MODULE=xim DBUS_SESSION_BUS_ADDRESS=unix:path=/run/user/1000/bus DESKTOP_SESSION=ubuntu DISPLAY=:0 GDMSESSION=ubuntu GNOME_DESKTOP_SESSION_ID=this-is-deprecated GNOME_SHELL_SESSION_MODE=ubuntu GPG_AGENT_INFO=/run/user/1000/gnupg/S.gpg-agent:0:1 GTK_IM_MODULE=fcitx GTK_MODULES=gail:atk-bridge HOME=/home/ziqing IM_CONFIG_PHASE=2 LANG=zh_CN.UTF-8 LANGUAGE=zh_CN:zh:en_US:en LC_ADDRESS=zh_CN.UTF-8 LC_IDENTIFICATION=zh_CN.UTF-8 LC_MEASUREMENT=zh_CN.UTF-8 LC_MONETARY=zh_CN.UTF-8 LC_NAME=zh_CN.UTF-8 LC_NUMERIC=zh_CN.UTF-8 LC_PAPER=zh_CN.UTF-8 LC_TELEPHONE=zh_CN.UTF-8 LC_TIME=zh_CN.UTF-8 LOGNAME=ziqing PATH=/home/ziqing/.local/bin:/usr/local/sbin:/usr/local/bin:/usr/sbin:/usr/bin:/sbin:/bin:/usr/games:/usr/local/games:/snap/bin PWD=/home/ziqing QT4_IM_MODULE=fcitx QT_ACCESSIBILITY=1 QT_IM_MODULE=fcitx SESSION_MANAGER=local/ziqing-vm:@/tmp/.ICE-unix/1831,unix/ziqing-vm:/tmp/.ICE-unix/1831 SHELL=/bin/bash SHLVL=0 SSH_AGENT_PID=1921 SSH_AUTH_SOCK=/run/user/1000/keyring/ssh TEXTDOMAIN=im-config TEXTDOMAINDIR=/usr/share/locale/ USER=ziqing USERNAME=ziqing WINDOWPATH=2 XAUTHORITY=/run/user/1000/gdm/Xauthority XDG_CONFIG_DIRS=/etc/xdg/xdg-ubuntu:/etc/xdg XDG_CURRENT_DESKTOP=ubuntu:GNOME XDG_DATA_DIRS=/usr/share/ubuntu:/usr/local/share/:/usr/share/:/var/lib/snapd/desktop XDG_MENU_PREFIX=gnome- XDG_RUNTIME_DIR=/run/user/1000 XDG_SEAT=seat0 XDG_SESSION_DESKTOP=ubuntu XDG_SESSION_ID=2 XDG_SESSION_TYPE=x11 XDG_VTNR=2 XMODIFIERS=@im=fcitx _=/usr/bin/dbus-update-activation-environment MANAGERPID=1801 INVOCATION_ID=7eeac0fa3aba49b6b52b69a52e102ae1 JOURNAL_STREAM=9:49115
ziqing        -  0.0    -      -     - -        Ssl  23:34   0:00 -
ziqing        -  0.0    -      -     - -        Ssl  23:34   0:00 -
ziqing        -  0.0    -      -     - -        Ssl  23:34   0:00 -
ziqing     2056  0.0  0.6 689908 20728 ?        -    23:34   0:00 /usr/lib/gnome-shell/gnome-shell-calendar-server XDG_RUNTIME_DIR=/run/user/1000 SESSION_MANAGER=local/ziqing-vm:@/tmp/.ICE-unix/1831,unix/ziqing-vm:/tmp/.ICE-unix/1831 XMODIFIERS=@im=fcitx XDG_SESSION_TYPE=x11 DBUS_SESSION_BUS_ADDRESS=unix:path=/run/user/1000/bus,guid=2d15b942b53ed742402bd7705ea84d00 USER=ziqing XAUTHORITY=/run/user/1000/gdm/Xauthority QT_IM_MODULE=fcitx DBUS_STARTER_BUS_TYPE=session LC_ADDRESS=zh_CN.UTF-8 SHLVL=0 XDG_MENU_PREFIX=gnome- XDG_SESSION_DESKTOP=ubuntu SHELL=/bin/bash QT_ACCESSIBILITY=1 LC_NAME=zh_CN.UTF-8 LC_MEASUREMENT=zh_CN.UTF-8 LC_MONETARY=zh_CN.UTF-8 LC_TIME=zh_CN.UTF-8 WINDOWPATH=2 USERNAME=ziqing XDG_DATA_DIRS=/usr/share/ubuntu:/usr/local/share/:/usr/share/:/var/lib/snapd/desktop LANGUAGE=zh_CN:zh:en_US:en QT4_IM_MODULE=fcitx IM_CONFIG_PHASE=2 GNOME_SHELL_SESSION_MODE=ubuntu LC_TELEPHONE=zh_CN.UTF-8 TEXTDOMAINDIR=/usr/share/locale/ PWD=/home/ziqing HOME=/home/ziqing _=/usr/bin/dbus-update-activation-environment DBUS_STARTER_ADDRESS=unix:path=/run/user/1000/bus,guid=2d15b942b53ed742402bd7705ea84d00 CLUTTER_IM_MODULE=xim DISPLAY=:0 SSH_AUTH_SOCK=/run/user/1000/keyring/ssh LC_PAPER=zh_CN.UTF-8 LC_NUMERIC=zh_CN.UTF-8 PATH=/home/ziqing/.local/bin:/usr/local/sbin:/usr/local/bin:/usr/sbin:/usr/bin:/sbin:/bin:/usr/games:/usr/local/games:/snap/bin GNOME_DESKTOP_SESSION_ID=this-is-deprecated XDG_VTNR=2 GTK_MODULES=gail:atk-bridge GDMSESSION=ubuntu GTK_IM_MODULE=fcitx XDG_SESSION_ID=2 JOURNAL_STREAM=9:48575 GPG_AGENT_INFO=/run/user/1000/gnupg/S.gpg-agent:0:1 XDG_SEAT=seat0 INVOCATION_ID=63f0a07fca4d43e9b244cf87b970f6da LANG=zh_CN.UTF-8 LOGNAME=ziqing TEXTDOMAIN=im-config XDG_CURRENT_DESKTOP=ubuntu:GNOME DESKTOP_SESSION=ubuntu LC_IDENTIFICATION=zh_CN.UTF-8 SSH_AGENT_PID=1921 MANAGERPID=1801 XDG_CONFIG_DIRS=/etc/xdg/xdg-ubuntu:/etc/xdg
ziqing        -  0.0    -      -     - -        Sl   23:34   0:00 -
ziqing        -  0.0    -      -     - -        Sl   23:34   0:00 -
ziqing        -  0.0    -      -     - -        Sl   23:34   0:00 -
ziqing        -  0.0    -      -     - -        Sl   23:34   0:00 -
ziqing        -  0.0    -      -     - -        Sl   23:34   0:00 -
ziqing        -  0.0    -      -     - -        Sl   23:34   0:00 -
ziqing     2068  0.0  0.1 188020  5072 ?        -    23:34   0:00 /usr/lib/dconf/dconf-service XDG_RUNTIME_DIR=/run/user/1000 SESSION_MANAGER=local/ziqing-vm:@/tmp/.ICE-unix/1831,unix/ziqing-vm:/tmp/.ICE-unix/1831 XMODIFIERS=@im=fcitx XDG_SESSION_TYPE=x11 DBUS_SESSION_BUS_ADDRESS=unix:path=/run/user/1000/bus,guid=2d15b942b53ed742402bd7705ea84d00 USER=ziqing XAUTHORITY=/run/user/1000/gdm/Xauthority QT_IM_MODULE=fcitx DBUS_STARTER_BUS_TYPE=session LC_ADDRESS=zh_CN.UTF-8 SHLVL=0 XDG_MENU_PREFIX=gnome- XDG_SESSION_DESKTOP=ubuntu SHELL=/bin/bash QT_ACCESSIBILITY=1 LC_NAME=zh_CN.UTF-8 LC_MEASUREMENT=zh_CN.UTF-8 LC_MONETARY=zh_CN.UTF-8 LC_TIME=zh_CN.UTF-8 WINDOWPATH=2 USERNAME=ziqing XDG_DATA_DIRS=/usr/share/ubuntu:/usr/local/share/:/usr/share/:/var/lib/snapd/desktop LANGUAGE=zh_CN:zh:en_US:en QT4_IM_MODULE=fcitx IM_CONFIG_PHASE=2 GNOME_SHELL_SESSION_MODE=ubuntu LC_TELEPHONE=zh_CN.UTF-8 TEXTDOMAINDIR=/usr/share/locale/ PWD=/home/ziqing HOME=/home/ziqing _=/usr/bin/dbus-update-activation-environment DBUS_STARTER_ADDRESS=unix:path=/run/user/1000/bus,guid=2d15b942b53ed742402bd7705ea84d00 CLUTTER_IM_MODULE=xim DISPLAY=:0 SSH_AUTH_SOCK=/run/user/1000/keyring/ssh LC_PAPER=zh_CN.UTF-8 LC_NUMERIC=zh_CN.UTF-8 PATH=/home/ziqing/.local/bin:/usr/local/sbin:/usr/local/bin:/usr/sbin:/usr/bin:/sbin:/bin:/usr/games:/usr/local/games:/snap/bin GNOME_DESKTOP_SESSION_ID=this-is-deprecated XDG_VTNR=2 GTK_MODULES=gail:atk-bridge GDMSESSION=ubuntu GTK_IM_MODULE=fcitx XDG_SESSION_ID=2 JOURNAL_STREAM=9:48575 GPG_AGENT_INFO=/run/user/1000/gnupg/S.gpg-agent:0:1 XDG_SEAT=seat0 INVOCATION_ID=63f0a07fca4d43e9b244cf87b970f6da LANG=zh_CN.UTF-8 LOGNAME=ziqing TEXTDOMAIN=im-config XDG_CURRENT_DESKTOP=ubuntu:GNOME DESKTOP_SESSION=ubuntu LC_IDENTIFICATION=zh_CN.UTF-8 SSH_AGENT_PID=1921 MANAGERPID=1801 XDG_CONFIG_DIRS=/etc/xdg/xdg-ubuntu:/etc/xdg
ziqing        -  0.0    -      -     - -        Sl   23:34   0:00 -
ziqing        -  0.0    -      -     - -        Sl   23:34   0:00 -
ziqing        -  0.0    -      -     - -        Sl   23:34   0:00 -
ziqing     2071  0.0  0.2 306744  8880 ?        -    23:34   0:00 /usr/lib/gvfs/gvfs-udisks2-volume-monitor CLUTTER_IM_MODULE=xim DBUS_SESSION_BUS_ADDRESS=unix:path=/run/user/1000/bus DESKTOP_SESSION=ubuntu DISPLAY=:0 GDMSESSION=ubuntu GNOME_DESKTOP_SESSION_ID=this-is-deprecated GNOME_SHELL_SESSION_MODE=ubuntu GPG_AGENT_INFO=/run/user/1000/gnupg/S.gpg-agent:0:1 GTK_IM_MODULE=fcitx GTK_MODULES=gail:atk-bridge HOME=/home/ziqing IM_CONFIG_PHASE=2 LANG=zh_CN.UTF-8 LANGUAGE=zh_CN:zh:en_US:en LC_ADDRESS=zh_CN.UTF-8 LC_IDENTIFICATION=zh_CN.UTF-8 LC_MEASUREMENT=zh_CN.UTF-8 LC_MONETARY=zh_CN.UTF-8 LC_NAME=zh_CN.UTF-8 LC_NUMERIC=zh_CN.UTF-8 LC_PAPER=zh_CN.UTF-8 LC_TELEPHONE=zh_CN.UTF-8 LC_TIME=zh_CN.UTF-8 LOGNAME=ziqing PATH=/home/ziqing/.local/bin:/usr/local/sbin:/usr/local/bin:/usr/sbin:/usr/bin:/sbin:/bin:/usr/games:/usr/local/games:/snap/bin PWD=/home/ziqing QT4_IM_MODULE=fcitx QT_ACCESSIBILITY=1 QT_IM_MODULE=fcitx SESSION_MANAGER=local/ziqing-vm:@/tmp/.ICE-unix/1831,unix/ziqing-vm:/tmp/.ICE-unix/1831 SHELL=/bin/bash SHLVL=0 SSH_AGENT_PID=1921 SSH_AUTH_SOCK=/run/user/1000/keyring/ssh TEXTDOMAIN=im-config TEXTDOMAINDIR=/usr/share/locale/ USER=ziqing USERNAME=ziqing WINDOWPATH=2 XAUTHORITY=/run/user/1000/gdm/Xauthority XDG_CONFIG_DIRS=/etc/xdg/xdg-ubuntu:/etc/xdg XDG_CURRENT_DESKTOP=ubuntu:GNOME XDG_DATA_DIRS=/usr/share/ubuntu:/usr/local/share/:/usr/share/:/var/lib/snapd/desktop XDG_MENU_PREFIX=gnome- XDG_RUNTIME_DIR=/run/user/1000 XDG_SEAT=seat0 XDG_SESSION_DESKTOP=ubuntu XDG_SESSION_ID=2 XDG_SESSION_TYPE=x11 XDG_VTNR=2 XMODIFIERS=@im=fcitx _=/usr/bin/dbus-update-activation-environment MANAGERPID=1801 INVOCATION_ID=0de47d7a42dc42c0af8eaa01354a38ad JOURNAL_STREAM=9:50222
ziqing        -  0.0    -      -     - -        Ssl  23:34   0:00 -
ziqing        -  0.0    -      -     - -        Ssl  23:34   0:00 -
ziqing        -  0.0    -      -     - -        Ssl  23:34   0:00 -
ziqing     2075  0.0  0.1 275972  4812 ?        -    23:34   0:00 /usr/lib/gvfs/gvfs-mtp-volume-monitor CLUTTER_IM_MODULE=xim DBUS_SESSION_BUS_ADDRESS=unix:path=/run/user/1000/bus DESKTOP_SESSION=ubuntu DISPLAY=:0 GDMSESSION=ubuntu GNOME_DESKTOP_SESSION_ID=this-is-deprecated GNOME_SHELL_SESSION_MODE=ubuntu GPG_AGENT_INFO=/run/user/1000/gnupg/S.gpg-agent:0:1 GTK_IM_MODULE=fcitx GTK_MODULES=gail:atk-bridge HOME=/home/ziqing IM_CONFIG_PHASE=2 LANG=zh_CN.UTF-8 LANGUAGE=zh_CN:zh:en_US:en LC_ADDRESS=zh_CN.UTF-8 LC_IDENTIFICATION=zh_CN.UTF-8 LC_MEASUREMENT=zh_CN.UTF-8 LC_MONETARY=zh_CN.UTF-8 LC_NAME=zh_CN.UTF-8 LC_NUMERIC=zh_CN.UTF-8 LC_PAPER=zh_CN.UTF-8 LC_TELEPHONE=zh_CN.UTF-8 LC_TIME=zh_CN.UTF-8 LOGNAME=ziqing PATH=/home/ziqing/.local/bin:/usr/local/sbin:/usr/local/bin:/usr/sbin:/usr/bin:/sbin:/bin:/usr/games:/usr/local/games:/snap/bin PWD=/home/ziqing QT4_IM_MODULE=fcitx QT_ACCESSIBILITY=1 QT_IM_MODULE=fcitx SESSION_MANAGER=local/ziqing-vm:@/tmp/.ICE-unix/1831,unix/ziqing-vm:/tmp/.ICE-unix/1831 SHELL=/bin/bash SHLVL=0 SSH_AGENT_PID=1921 SSH_AUTH_SOCK=/run/user/1000/keyring/ssh TEXTDOMAIN=im-config TEXTDOMAINDIR=/usr/share/locale/ USER=ziqing USERNAME=ziqing WINDOWPATH=2 XAUTHORITY=/run/user/1000/gdm/Xauthority XDG_CONFIG_DIRS=/etc/xdg/xdg-ubuntu:/etc/xdg XDG_CURRENT_DESKTOP=ubuntu:GNOME XDG_DATA_DIRS=/usr/share/ubuntu:/usr/local/share/:/usr/share/:/var/lib/snapd/desktop XDG_MENU_PREFIX=gnome- XDG_RUNTIME_DIR=/run/user/1000 XDG_SEAT=seat0 XDG_SESSION_DESKTOP=ubuntu XDG_SESSION_ID=2 XDG_SESSION_TYPE=x11 XDG_VTNR=2 XMODIFIERS=@im=fcitx _=/usr/bin/dbus-update-activation-environment MANAGERPID=1801 INVOCATION_ID=caa220af839a4e159258334dbee5cf08 JOURNAL_STREAM=9:50264
ziqing        -  0.0    -      -     - -        Ssl  23:34   0:00 -
ziqing        -  0.0    -      -     - -        Ssl  23:34   0:00 -
ziqing        -  0.0    -      -     - -        Ssl  23:34   0:00 -
ziqing     2079  0.0  0.1 274176  5948 ?        -    23:34   0:00 /usr/lib/gvfs/gvfs-goa-volume-monitor CLUTTER_IM_MODULE=xim DBUS_SESSION_BUS_ADDRESS=unix:path=/run/user/1000/bus DESKTOP_SESSION=ubuntu DISPLAY=:0 GDMSESSION=ubuntu GNOME_DESKTOP_SESSION_ID=this-is-deprecated GNOME_SHELL_SESSION_MODE=ubuntu GPG_AGENT_INFO=/run/user/1000/gnupg/S.gpg-agent:0:1 GTK_IM_MODULE=fcitx GTK_MODULES=gail:atk-bridge HOME=/home/ziqing IM_CONFIG_PHASE=2 LANG=zh_CN.UTF-8 LANGUAGE=zh_CN:zh:en_US:en LC_ADDRESS=zh_CN.UTF-8 LC_IDENTIFICATION=zh_CN.UTF-8 LC_MEASUREMENT=zh_CN.UTF-8 LC_MONETARY=zh_CN.UTF-8 LC_NAME=zh_CN.UTF-8 LC_NUMERIC=zh_CN.UTF-8 LC_PAPER=zh_CN.UTF-8 LC_TELEPHONE=zh_CN.UTF-8 LC_TIME=zh_CN.UTF-8 LOGNAME=ziqing PATH=/home/ziqing/.local/bin:/usr/local/sbin:/usr/local/bin:/usr/sbin:/usr/bin:/sbin:/bin:/usr/games:/usr/local/games:/snap/bin PWD=/home/ziqing QT4_IM_MODULE=fcitx QT_ACCESSIBILITY=1 QT_IM_MODULE=fcitx SESSION_MANAGER=local/ziqing-vm:@/tmp/.ICE-unix/1831,unix/ziqing-vm:/tmp/.ICE-unix/1831 SHELL=/bin/bash SHLVL=0 SSH_AGENT_PID=1921 SSH_AUTH_SOCK=/run/user/1000/keyring/ssh TEXTDOMAIN=im-config TEXTDOMAINDIR=/usr/share/locale/ USER=ziqing USERNAME=ziqing WINDOWPATH=2 XAUTHORITY=/run/user/1000/gdm/Xauthority XDG_CONFIG_DIRS=/etc/xdg/xdg-ubuntu:/etc/xdg XDG_CURRENT_DESKTOP=ubuntu:GNOME XDG_DATA_DIRS=/usr/share/ubuntu:/usr/local/share/:/usr/share/:/var/lib/snapd/desktop XDG_MENU_PREFIX=gnome- XDG_RUNTIME_DIR=/run/user/1000 XDG_SEAT=seat0 XDG_SESSION_DESKTOP=ubuntu XDG_SESSION_ID=2 XDG_SESSION_TYPE=x11 XDG_VTNR=2 XMODIFIERS=@im=fcitx _=/usr/bin/dbus-update-activation-environment MANAGERPID=1801 INVOCATION_ID=72c40366bb1b431aabf4b3a2188cdc48 JOURNAL_STREAM=9:50152
ziqing        -  0.0    -      -     - -        Ssl  23:34   0:00 -
ziqing        -  0.0    -      -     - -        Ssl  23:34   0:00 -
ziqing        -  0.0    -      -     - -        Ssl  23:34   0:00 -
ziqing     2085  0.0  0.8 692544 26524 ?        -    23:34   0:00 /usr/lib/evolution/evolution-source-registry CLUTTER_IM_MODULE=xim DBUS_SESSION_BUS_ADDRESS=unix:path=/run/user/1000/bus DESKTOP_SESSION=ubuntu DISPLAY=:0 GDMSESSION=ubuntu GNOME_DESKTOP_SESSION_ID=this-is-deprecated GNOME_SHELL_SESSION_MODE=ubuntu GPG_AGENT_INFO=/run/user/1000/gnupg/S.gpg-agent:0:1 GTK_IM_MODULE=fcitx GTK_MODULES=gail:atk-bridge HOME=/home/ziqing IM_CONFIG_PHASE=2 LANG=zh_CN.UTF-8 LANGUAGE=zh_CN:zh:en_US:en LC_ADDRESS=zh_CN.UTF-8 LC_IDENTIFICATION=zh_CN.UTF-8 LC_MEASUREMENT=zh_CN.UTF-8 LC_MONETARY=zh_CN.UTF-8 LC_NAME=zh_CN.UTF-8 LC_NUMERIC=zh_CN.UTF-8 LC_PAPER=zh_CN.UTF-8 LC_TELEPHONE=zh_CN.UTF-8 LC_TIME=zh_CN.UTF-8 LOGNAME=ziqing PATH=/home/ziqing/.local/bin:/usr/local/sbin:/usr/local/bin:/usr/sbin:/usr/bin:/sbin:/bin:/usr/games:/usr/local/games:/snap/bin PWD=/home/ziqing QT4_IM_MODULE=fcitx QT_ACCESSIBILITY=1 QT_IM_MODULE=fcitx SESSION_MANAGER=local/ziqing-vm:@/tmp/.ICE-unix/1831,unix/ziqing-vm:/tmp/.ICE-unix/1831 SHELL=/bin/bash SHLVL=0 SSH_AGENT_PID=1921 SSH_AUTH_SOCK=/run/user/1000/keyring/ssh TEXTDOMAIN=im-config TEXTDOMAINDIR=/usr/share/locale/ USER=ziqing USERNAME=ziqing WINDOWPATH=2 XAUTHORITY=/run/user/1000/gdm/Xauthority XDG_CONFIG_DIRS=/etc/xdg/xdg-ubuntu:/etc/xdg XDG_CURRENT_DESKTOP=ubuntu:GNOME XDG_DATA_DIRS=/usr/share/ubuntu:/usr/local/share/:/usr/share/:/var/lib/snapd/desktop XDG_MENU_PREFIX=gnome- XDG_RUNTIME_DIR=/run/user/1000 XDG_SEAT=seat0 XDG_SESSION_DESKTOP=ubuntu XDG_SESSION_ID=2 XDG_SESSION_TYPE=x11 XDG_VTNR=2 XMODIFIERS=@im=fcitx _=/usr/bin/dbus-update-activation-environment MANAGERPID=1801 INVOCATION_ID=3537a6c59608476dbc1fe904b5902eeb JOURNAL_STREAM=9:51216
ziqing        -  0.0    -      -     - -        Ssl  23:34   0:00 -
ziqing        -  0.0    -      -     - -        Ssl  23:34   0:00 -
ziqing        -  0.0    -      -     - -        Ssl  23:34   0:00 -
ziqing        -  0.0    -      -     - -        Ssl  23:34   0:00 -
ziqing     2087  0.0  1.0 784008 32788 ?        -    23:34   0:00 /usr/lib/gnome-online-accounts/goa-daemon XDG_RUNTIME_DIR=/run/user/1000 SESSION_MANAGER=local/ziqing-vm:@/tmp/.ICE-unix/1831,unix/ziqing-vm:/tmp/.ICE-unix/1831 XMODIFIERS=@im=fcitx XDG_SESSION_TYPE=x11 DBUS_SESSION_BUS_ADDRESS=unix:path=/run/user/1000/bus,guid=2d15b942b53ed742402bd7705ea84d00 USER=ziqing XAUTHORITY=/run/user/1000/gdm/Xauthority QT_IM_MODULE=fcitx DBUS_STARTER_BUS_TYPE=session LC_ADDRESS=zh_CN.UTF-8 SHLVL=0 XDG_MENU_PREFIX=gnome- XDG_SESSION_DESKTOP=ubuntu SHELL=/bin/bash QT_ACCESSIBILITY=1 LC_NAME=zh_CN.UTF-8 LC_MEASUREMENT=zh_CN.UTF-8 LC_MONETARY=zh_CN.UTF-8 LC_TIME=zh_CN.UTF-8 WINDOWPATH=2 USERNAME=ziqing XDG_DATA_DIRS=/usr/share/ubuntu:/usr/local/share/:/usr/share/:/var/lib/snapd/desktop LANGUAGE=zh_CN:zh:en_US:en QT4_IM_MODULE=fcitx IM_CONFIG_PHASE=2 GNOME_SHELL_SESSION_MODE=ubuntu LC_TELEPHONE=zh_CN.UTF-8 TEXTDOMAINDIR=/usr/share/locale/ PWD=/home/ziqing HOME=/home/ziqing _=/usr/bin/dbus-update-activation-environment DBUS_STARTER_ADDRESS=unix:path=/run/user/1000/bus,guid=2d15b942b53ed742402bd7705ea84d00 CLUTTER_IM_MODULE=xim DISPLAY=:0 SSH_AUTH_SOCK=/run/user/1000/keyring/ssh LC_PAPER=zh_CN.UTF-8 LC_NUMERIC=zh_CN.UTF-8 PATH=/home/ziqing/.local/bin:/usr/local/sbin:/usr/local/bin:/usr/sbin:/usr/bin:/sbin:/bin:/usr/games:/usr/local/games:/snap/bin GNOME_DESKTOP_SESSION_ID=this-is-deprecated XDG_VTNR=2 GTK_MODULES=gail:atk-bridge GDMSESSION=ubuntu GTK_IM_MODULE=fcitx XDG_SESSION_ID=2 JOURNAL_STREAM=9:48575 GPG_AGENT_INFO=/run/user/1000/gnupg/S.gpg-agent:0:1 XDG_SEAT=seat0 INVOCATION_ID=63f0a07fca4d43e9b244cf87b970f6da LANG=zh_CN.UTF-8 LOGNAME=ziqing TEXTDOMAIN=im-config XDG_CURRENT_DESKTOP=ubuntu:GNOME DESKTOP_SESSION=ubuntu LC_IDENTIFICATION=zh_CN.UTF-8 SSH_AGENT_PID=1921 MANAGERPID=1801 XDG_CONFIG_DIRS=/etc/xdg/xdg-ubuntu:/etc/xdg
ziqing        -  0.0    -      -     - -        Sl   23:34   0:00 -
ziqing        -  0.0    -      -     - -        Sl   23:34   0:00 -
ziqing        -  0.0    -      -     - -        Sl   23:34   0:00 -
ziqing        -  0.0    -      -     - -        Sl   23:34   0:00 -
ziqing     2102  0.0  0.2 303612  7916 ?        -    23:34   0:00 /usr/lib/gnome-online-accounts/goa-identity-service XDG_RUNTIME_DIR=/run/user/1000 SESSION_MANAGER=local/ziqing-vm:@/tmp/.ICE-unix/1831,unix/ziqing-vm:/tmp/.ICE-unix/1831 XMODIFIERS=@im=fcitx XDG_SESSION_TYPE=x11 DBUS_SESSION_BUS_ADDRESS=unix:path=/run/user/1000/bus,guid=2d15b942b53ed742402bd7705ea84d00 USER=ziqing XAUTHORITY=/run/user/1000/gdm/Xauthority QT_IM_MODULE=fcitx DBUS_STARTER_BUS_TYPE=session LC_ADDRESS=zh_CN.UTF-8 SHLVL=0 XDG_MENU_PREFIX=gnome- XDG_SESSION_DESKTOP=ubuntu SHELL=/bin/bash QT_ACCESSIBILITY=1 LC_NAME=zh_CN.UTF-8 LC_MEASUREMENT=zh_CN.UTF-8 LC_MONETARY=zh_CN.UTF-8 LC_TIME=zh_CN.UTF-8 WINDOWPATH=2 USERNAME=ziqing XDG_DATA_DIRS=/usr/share/ubuntu:/usr/local/share/:/usr/share/:/var/lib/snapd/desktop LANGUAGE=zh_CN:zh:en_US:en QT4_IM_MODULE=fcitx IM_CONFIG_PHASE=2 GNOME_SHELL_SESSION_MODE=ubuntu LC_TELEPHONE=zh_CN.UTF-8 TEXTDOMAINDIR=/usr/share/locale/ PWD=/home/ziqing HOME=/home/ziqing _=/usr/bin/dbus-update-activation-environment DBUS_STARTER_ADDRESS=unix:path=/run/user/1000/bus,guid=2d15b942b53ed742402bd7705ea84d00 CLUTTER_IM_MODULE=xim DISPLAY=:0 SSH_AUTH_SOCK=/run/user/1000/keyring/ssh LC_PAPER=zh_CN.UTF-8 LC_NUMERIC=zh_CN.UTF-8 PATH=/home/ziqing/.local/bin:/usr/local/sbin:/usr/local/bin:/usr/sbin:/usr/bin:/sbin:/bin:/usr/games:/usr/local/games:/snap/bin GNOME_DESKTOP_SESSION_ID=this-is-deprecated XDG_VTNR=2 GTK_MODULES=gail:atk-bridge GDMSESSION=ubuntu GTK_IM_MODULE=fcitx XDG_SESSION_ID=2 JOURNAL_STREAM=9:48575 GPG_AGENT_INFO=/run/user/1000/gnupg/S.gpg-agent:0:1 XDG_SEAT=seat0 INVOCATION_ID=63f0a07fca4d43e9b244cf87b970f6da LANG=zh_CN.UTF-8 LOGNAME=ziqing TEXTDOMAIN=im-config XDG_CURRENT_DESKTOP=ubuntu:GNOME DESKTOP_SESSION=ubuntu LC_IDENTIFICATION=zh_CN.UTF-8 SSH_AGENT_PID=1921 MANAGERPID=1801 XDG_CONFIG_DIRS=/etc/xdg/xdg-ubuntu:/etc/xdg
ziqing        -  0.0    -      -     - -        Sl   23:34   0:00 -
ziqing        -  0.0    -      -     - -        Sl   23:34   0:00 -
ziqing        -  0.0    -      -     - -        Sl   23:34   0:00 -
ziqing        -  0.0    -      -     - -        Sl   23:34   0:00 -
ziqing     2107  0.0  0.2 378952  7824 ?        -    23:34   0:00 /usr/lib/gvfs/gvfs-afc-volume-monitor CLUTTER_IM_MODULE=xim DBUS_SESSION_BUS_ADDRESS=unix:path=/run/user/1000/bus DESKTOP_SESSION=ubuntu DISPLAY=:0 GDMSESSION=ubuntu GNOME_DESKTOP_SESSION_ID=this-is-deprecated GNOME_SHELL_SESSION_MODE=ubuntu GPG_AGENT_INFO=/run/user/1000/gnupg/S.gpg-agent:0:1 GTK_IM_MODULE=fcitx GTK_MODULES=gail:atk-bridge HOME=/home/ziqing IM_CONFIG_PHASE=2 LANG=zh_CN.UTF-8 LANGUAGE=zh_CN:zh:en_US:en LC_ADDRESS=zh_CN.UTF-8 LC_IDENTIFICATION=zh_CN.UTF-8 LC_MEASUREMENT=zh_CN.UTF-8 LC_MONETARY=zh_CN.UTF-8 LC_NAME=zh_CN.UTF-8 LC_NUMERIC=zh_CN.UTF-8 LC_PAPER=zh_CN.UTF-8 LC_TELEPHONE=zh_CN.UTF-8 LC_TIME=zh_CN.UTF-8 LOGNAME=ziqing PATH=/home/ziqing/.local/bin:/usr/local/sbin:/usr/local/bin:/usr/sbin:/usr/bin:/sbin:/bin:/usr/games:/usr/local/games:/snap/bin PWD=/home/ziqing QT4_IM_MODULE=fcitx QT_ACCESSIBILITY=1 QT_IM_MODULE=fcitx SESSION_MANAGER=local/ziqing-vm:@/tmp/.ICE-unix/1831,unix/ziqing-vm:/tmp/.ICE-unix/1831 SHELL=/bin/bash SHLVL=0 SSH_AGENT_PID=1921 SSH_AUTH_SOCK=/run/user/1000/keyring/ssh TEXTDOMAIN=im-config TEXTDOMAINDIR=/usr/share/locale/ USER=ziqing USERNAME=ziqing WINDOWPATH=2 XAUTHORITY=/run/user/1000/gdm/Xauthority XDG_CONFIG_DIRS=/etc/xdg/xdg-ubuntu:/etc/xdg XDG_CURRENT_DESKTOP=ubuntu:GNOME XDG_DATA_DIRS=/usr/share/ubuntu:/usr/local/share/:/usr/share/:/var/lib/snapd/desktop XDG_MENU_PREFIX=gnome- XDG_RUNTIME_DIR=/run/user/1000 XDG_SEAT=seat0 XDG_SESSION_DESKTOP=ubuntu XDG_SESSION_ID=2 XDG_SESSION_TYPE=x11 XDG_VTNR=2 XMODIFIERS=@im=fcitx _=/usr/bin/dbus-update-activation-environment MANAGERPID=1801 INVOCATION_ID=d07497081ba143db97b6ebe118f684e4 JOURNAL_STREAM=9:50332
ziqing        -  0.0    -      -     - -        Ssl  23:34   0:00 -
ziqing        -  0.0    -      -     - -        Ssl  23:34   0:00 -
ziqing        -  0.0    -      -     - -        Ssl  23:34   0:00 -
ziqing        -  0.0    -      -     - -        Ssl  23:34   0:00 -
ziqing     2112  0.0  0.2 288760  6744 ?        -    23:34   0:00 /usr/lib/gvfs/gvfs-gphoto2-volume-monitor CLUTTER_IM_MODULE=xim DBUS_SESSION_BUS_ADDRESS=unix:path=/run/user/1000/bus DESKTOP_SESSION=ubuntu DISPLAY=:0 GDMSESSION=ubuntu GNOME_DESKTOP_SESSION_ID=this-is-deprecated GNOME_SHELL_SESSION_MODE=ubuntu GPG_AGENT_INFO=/run/user/1000/gnupg/S.gpg-agent:0:1 GTK_IM_MODULE=fcitx GTK_MODULES=gail:atk-bridge HOME=/home/ziqing IM_CONFIG_PHASE=2 LANG=zh_CN.UTF-8 LANGUAGE=zh_CN:zh:en_US:en LC_ADDRESS=zh_CN.UTF-8 LC_IDENTIFICATION=zh_CN.UTF-8 LC_MEASUREMENT=zh_CN.UTF-8 LC_MONETARY=zh_CN.UTF-8 LC_NAME=zh_CN.UTF-8 LC_NUMERIC=zh_CN.UTF-8 LC_PAPER=zh_CN.UTF-8 LC_TELEPHONE=zh_CN.UTF-8 LC_TIME=zh_CN.UTF-8 LOGNAME=ziqing PATH=/home/ziqing/.local/bin:/usr/local/sbin:/usr/local/bin:/usr/sbin:/usr/bin:/sbin:/bin:/usr/games:/usr/local/games:/snap/bin PWD=/home/ziqing QT4_IM_MODULE=fcitx QT_ACCESSIBILITY=1 QT_IM_MODULE=fcitx SESSION_MANAGER=local/ziqing-vm:@/tmp/.ICE-unix/1831,unix/ziqing-vm:/tmp/.ICE-unix/1831 SHELL=/bin/bash SHLVL=0 SSH_AGENT_PID=1921 SSH_AUTH_SOCK=/run/user/1000/keyring/ssh TEXTDOMAIN=im-config TEXTDOMAINDIR=/usr/share/locale/ USER=ziqing USERNAME=ziqing WINDOWPATH=2 XAUTHORITY=/run/user/1000/gdm/Xauthority XDG_CONFIG_DIRS=/etc/xdg/xdg-ubuntu:/etc/xdg XDG_CURRENT_DESKTOP=ubuntu:GNOME XDG_DATA_DIRS=/usr/share/ubuntu:/usr/local/share/:/usr/share/:/var/lib/snapd/desktop XDG_MENU_PREFIX=gnome- XDG_RUNTIME_DIR=/run/user/1000 XDG_SEAT=seat0 XDG_SESSION_DESKTOP=ubuntu XDG_SESSION_ID=2 XDG_SESSION_TYPE=x11 XDG_VTNR=2 XMODIFIERS=@im=fcitx _=/usr/bin/dbus-update-activation-environment MANAGERPID=1801 INVOCATION_ID=20a0163947444cf8ba71d296602859e5 JOURNAL_STREAM=9:51293
ziqing        -  0.0    -      -     - -        Ssl  23:34   0:00 -
ziqing        -  0.0    -      -     - -        Ssl  23:34   0:00 -
ziqing        -  0.0    -      -     - -        Ssl  23:34   0:00 -
ziqing     2118  0.0  0.7 517780 22740 tty2     -    23:34   0:00 /usr/lib/gnome-settings-daemon/gsd-power USER=ziqing LANGUAGE=zh_CN:zh:en_US:en LC_TIME=zh_CN.UTF-8 TEXTDOMAIN=im-config XDG_SEAT=seat0 XDG_SESSION_TYPE=x11 SSH_AGENT_PID=1921 SHLVL=0 QT4_IM_MODULE=fcitx HOME=/home/ziqing DESKTOP_SESSION=ubuntu GTK_MODULES=gail:atk-bridge GNOME_SHELL_SESSION_MODE=ubuntu LC_MONETARY=zh_CN.UTF-8 DBUS_SESSION_BUS_ADDRESS=unix:path=/run/user/1000/bus IM_CONFIG_PHASE=2 LOGNAME=ziqing GTK_IM_MODULE=fcitx USERNAME=ziqing XDG_SESSION_ID=2 WINDOWPATH=2 PATH=/home/ziqing/.local/bin:/usr/local/sbin:/usr/local/bin:/usr/sbin:/usr/bin:/sbin:/bin:/usr/games:/usr/local/games:/snap/bin LC_ADDRESS=zh_CN.UTF-8 XDG_RUNTIME_DIR=/run/user/1000 DISPLAY=:0 LANG=zh_CN.UTF-8 XDG_CURRENT_DESKTOP=ubuntu:GNOME LC_TELEPHONE=zh_CN.UTF-8 XDG_SESSION_DESKTOP=ubuntu XMODIFIERS=@im=fcitx XAUTHORITY=/run/user/1000/gdm/Xauthority SSH_AUTH_SOCK=/run/user/1000/keyring/ssh LC_NAME=zh_CN.UTF-8 SHELL=/bin/bash QT_ACCESSIBILITY=1 GDMSESSION=ubuntu LC_MEASUREMENT=zh_CN.UTF-8 TEXTDOMAINDIR=/usr/share/locale/ GPG_AGENT_INFO=/run/user/1000/gnupg/S.gpg-agent:0:1 LC_IDENTIFICATION=zh_CN.UTF-8 XDG_VTNR=2 QT_IM_MODULE=fcitx PWD=/home/ziqing CLUTTER_IM_MODULE=xim XDG_DATA_DIRS=/usr/share/ubuntu:/usr/local/share/:/usr/share/:/var/lib/snapd/desktop XDG_CONFIG_DIRS=/etc/xdg/xdg-ubuntu:/etc/xdg LC_NUMERIC=zh_CN.UTF-8 LC_PAPER=zh_CN.UTF-8 GNOME_DESKTOP_SESSION_ID=this-is-deprecated XDG_MENU_PREFIX=gnome- SESSION_MANAGER=local/ziqing-vm:@/tmp/.ICE-unix/1831,unix/ziqing-vm:/tmp/.ICE-unix/1831 DESKTOP_AUTOSTART_ID=10c87d8a2e316a905a158808806848751600000018310009 GIO_LAUNCHED_DESKTOP_FILE=/etc/xdg/autostart/org.gnome.SettingsDaemon.Power.desktop GIO_LAUNCHED_DESKTOP_FILE_PID=2118
ziqing        -  0.0    -      -     - -        Sl+  23:34   0:00 -
ziqing        -  0.0    -      -     - -        Sl+  23:34   0:00 -
ziqing        -  0.0    -      -     - -        Sl+  23:34   0:00 -
ziqing        -  0.0    -      -     - -        Sl+  23:34   0:00 -
ziqing     2119  0.0  0.3 349468 10340 tty2     -    23:34   0:00 /usr/lib/gnome-settings-daemon/gsd-print-notifications USER=ziqing LANGUAGE=zh_CN:zh:en_US:en LC_TIME=zh_CN.UTF-8 TEXTDOMAIN=im-config XDG_SEAT=seat0 XDG_SESSION_TYPE=x11 SSH_AGENT_PID=1921 SHLVL=0 QT4_IM_MODULE=fcitx HOME=/home/ziqing DESKTOP_SESSION=ubuntu GTK_MODULES=gail:atk-bridge GNOME_SHELL_SESSION_MODE=ubuntu LC_MONETARY=zh_CN.UTF-8 DBUS_SESSION_BUS_ADDRESS=unix:path=/run/user/1000/bus IM_CONFIG_PHASE=2 LOGNAME=ziqing GTK_IM_MODULE=fcitx USERNAME=ziqing XDG_SESSION_ID=2 WINDOWPATH=2 PATH=/home/ziqing/.local/bin:/usr/local/sbin:/usr/local/bin:/usr/sbin:/usr/bin:/sbin:/bin:/usr/games:/usr/local/games:/snap/bin LC_ADDRESS=zh_CN.UTF-8 XDG_RUNTIME_DIR=/run/user/1000 DISPLAY=:0 LANG=zh_CN.UTF-8 XDG_CURRENT_DESKTOP=ubuntu:GNOME LC_TELEPHONE=zh_CN.UTF-8 XDG_SESSION_DESKTOP=ubuntu XMODIFIERS=@im=fcitx XAUTHORITY=/run/user/1000/gdm/Xauthority SSH_AUTH_SOCK=/run/user/1000/keyring/ssh LC_NAME=zh_CN.UTF-8 SHELL=/bin/bash QT_ACCESSIBILITY=1 GDMSESSION=ubuntu LC_MEASUREMENT=zh_CN.UTF-8 TEXTDOMAINDIR=/usr/share/locale/ GPG_AGENT_INFO=/run/user/1000/gnupg/S.gpg-agent:0:1 LC_IDENTIFICATION=zh_CN.UTF-8 XDG_VTNR=2 QT_IM_MODULE=fcitx PWD=/home/ziqing CLUTTER_IM_MODULE=xim XDG_DATA_DIRS=/usr/share/ubuntu:/usr/local/share/:/usr/share/:/var/lib/snapd/desktop XDG_CONFIG_DIRS=/etc/xdg/xdg-ubuntu:/etc/xdg LC_NUMERIC=zh_CN.UTF-8 LC_PAPER=zh_CN.UTF-8 GNOME_DESKTOP_SESSION_ID=this-is-deprecated XDG_MENU_PREFIX=gnome- SESSION_MANAGER=local/ziqing-vm:@/tmp/.ICE-unix/1831,unix/ziqing-vm:/tmp/.ICE-unix/1831 DESKTOP_AUTOSTART_ID=10c87d8a2e316a905a158808806848796000000018310010 GIO_LAUNCHED_DESKTOP_FILE=/etc/xdg/autostart/org.gnome.SettingsDaemon.PrintNotifications.desktop GIO_LAUNCHED_DESKTOP_FILE_PID=2119
ziqing        -  0.0    -      -     - -        Sl+  23:34   0:00 -
ziqing        -  0.0    -      -     - -        Sl+  23:34   0:00 -
ziqing        -  0.0    -      -     - -        Sl+  23:34   0:00 -
ziqing     2120  0.0  0.1 423492  6060 tty2     -    23:34   0:00 /usr/lib/gnome-settings-daemon/gsd-rfkill USER=ziqing LANGUAGE=zh_CN:zh:en_US:en LC_TIME=zh_CN.UTF-8 TEXTDOMAIN=im-config XDG_SEAT=seat0 XDG_SESSION_TYPE=x11 SSH_AGENT_PID=1921 SHLVL=0 QT4_IM_MODULE=fcitx HOME=/home/ziqing DESKTOP_SESSION=ubuntu GTK_MODULES=gail:atk-bridge GNOME_SHELL_SESSION_MODE=ubuntu LC_MONETARY=zh_CN.UTF-8 DBUS_SESSION_BUS_ADDRESS=unix:path=/run/user/1000/bus IM_CONFIG_PHASE=2 LOGNAME=ziqing GTK_IM_MODULE=fcitx USERNAME=ziqing XDG_SESSION_ID=2 WINDOWPATH=2 PATH=/home/ziqing/.local/bin:/usr/local/sbin:/usr/local/bin:/usr/sbin:/usr/bin:/sbin:/bin:/usr/games:/usr/local/games:/snap/bin LC_ADDRESS=zh_CN.UTF-8 XDG_RUNTIME_DIR=/run/user/1000 DISPLAY=:0 LANG=zh_CN.UTF-8 XDG_CURRENT_DESKTOP=ubuntu:GNOME LC_TELEPHONE=zh_CN.UTF-8 XDG_SESSION_DESKTOP=ubuntu XMODIFIERS=@im=fcitx XAUTHORITY=/run/user/1000/gdm/Xauthority SSH_AUTH_SOCK=/run/user/1000/keyring/ssh LC_NAME=zh_CN.UTF-8 SHELL=/bin/bash QT_ACCESSIBILITY=1 GDMSESSION=ubuntu LC_MEASUREMENT=zh_CN.UTF-8 TEXTDOMAINDIR=/usr/share/locale/ GPG_AGENT_INFO=/run/user/1000/gnupg/S.gpg-agent:0:1 LC_IDENTIFICATION=zh_CN.UTF-8 XDG_VTNR=2 QT_IM_MODULE=fcitx PWD=/home/ziqing CLUTTER_IM_MODULE=xim XDG_DATA_DIRS=/usr/share/ubuntu:/usr/local/share/:/usr/share/:/var/lib/snapd/desktop XDG_CONFIG_DIRS=/etc/xdg/xdg-ubuntu:/etc/xdg LC_NUMERIC=zh_CN.UTF-8 LC_PAPER=zh_CN.UTF-8 GNOME_DESKTOP_SESSION_ID=this-is-deprecated XDG_MENU_PREFIX=gnome- SESSION_MANAGER=local/ziqing-vm:@/tmp/.ICE-unix/1831,unix/ziqing-vm:/tmp/.ICE-unix/1831 DESKTOP_AUTOSTART_ID=10c87d8a2e316a905a158808806848839400000018310011 GIO_LAUNCHED_DESKTOP_FILE=/etc/xdg/autostart/org.gnome.SettingsDaemon.Rfkill.desktop GIO_LAUNCHED_DESKTOP_FILE_PID=2120
ziqing        -  0.0    -      -     - -        Sl+  23:34   0:00 -
ziqing        -  0.0    -      -     - -        Sl+  23:34   0:00 -
ziqing        -  0.0    -      -     - -        Sl+  23:34   0:00 -
ziqing     2121  0.0  0.1 275880  4780 tty2     -    23:34   0:00 /usr/lib/gnome-settings-daemon/gsd-screensaver-proxy USER=ziqing LANGUAGE=zh_CN:zh:en_US:en LC_TIME=zh_CN.UTF-8 TEXTDOMAIN=im-config XDG_SEAT=seat0 XDG_SESSION_TYPE=x11 SSH_AGENT_PID=1921 SHLVL=0 QT4_IM_MODULE=fcitx HOME=/home/ziqing DESKTOP_SESSION=ubuntu GTK_MODULES=gail:atk-bridge GNOME_SHELL_SESSION_MODE=ubuntu LC_MONETARY=zh_CN.UTF-8 DBUS_SESSION_BUS_ADDRESS=unix:path=/run/user/1000/bus IM_CONFIG_PHASE=2 LOGNAME=ziqing GTK_IM_MODULE=fcitx USERNAME=ziqing XDG_SESSION_ID=2 WINDOWPATH=2 PATH=/home/ziqing/.local/bin:/usr/local/sbin:/usr/local/bin:/usr/sbin:/usr/bin:/sbin:/bin:/usr/games:/usr/local/games:/snap/bin LC_ADDRESS=zh_CN.UTF-8 XDG_RUNTIME_DIR=/run/user/1000 DISPLAY=:0 LANG=zh_CN.UTF-8 XDG_CURRENT_DESKTOP=ubuntu:GNOME LC_TELEPHONE=zh_CN.UTF-8 XDG_SESSION_DESKTOP=ubuntu XMODIFIERS=@im=fcitx XAUTHORITY=/run/user/1000/gdm/Xauthority SSH_AUTH_SOCK=/run/user/1000/keyring/ssh LC_NAME=zh_CN.UTF-8 SHELL=/bin/bash QT_ACCESSIBILITY=1 GDMSESSION=ubuntu LC_MEASUREMENT=zh_CN.UTF-8 TEXTDOMAINDIR=/usr/share/locale/ GPG_AGENT_INFO=/run/user/1000/gnupg/S.gpg-agent:0:1 LC_IDENTIFICATION=zh_CN.UTF-8 XDG_VTNR=2 QT_IM_MODULE=fcitx PWD=/home/ziqing CLUTTER_IM_MODULE=xim XDG_DATA_DIRS=/usr/share/ubuntu:/usr/local/share/:/usr/share/:/var/lib/snapd/desktop XDG_CONFIG_DIRS=/etc/xdg/xdg-ubuntu:/etc/xdg LC_NUMERIC=zh_CN.UTF-8 LC_PAPER=zh_CN.UTF-8 GNOME_DESKTOP_SESSION_ID=this-is-deprecated XDG_MENU_PREFIX=gnome- SESSION_MANAGER=local/ziqing-vm:@/tmp/.ICE-unix/1831,unix/ziqing-vm:/tmp/.ICE-unix/1831 DESKTOP_AUTOSTART_ID=10c87d8a2e316a905a158808806848885400000018310012 GIO_LAUNCHED_DESKTOP_FILE=/etc/xdg/autostart/org.gnome.SettingsDaemon.ScreensaverProxy.desktop GIO_LAUNCHED_DESKTOP_FILE_PID=2121
ziqing        -  0.0    -      -     - -        Sl+  23:34   0:00 -
ziqing        -  0.0    -      -     - -        Sl+  23:34   0:00 -
ziqing        -  0.0    -      -     - -        Sl+  23:34   0:00 -
ziqing     2122  0.0  0.3 453128  9312 tty2     -    23:34   0:00 /usr/lib/gnome-settings-daemon/gsd-sharing USER=ziqing LANGUAGE=zh_CN:zh:en_US:en LC_TIME=zh_CN.UTF-8 TEXTDOMAIN=im-config XDG_SEAT=seat0 XDG_SESSION_TYPE=x11 SSH_AGENT_PID=1921 SHLVL=0 QT4_IM_MODULE=fcitx HOME=/home/ziqing DESKTOP_SESSION=ubuntu GTK_MODULES=gail:atk-bridge GNOME_SHELL_SESSION_MODE=ubuntu LC_MONETARY=zh_CN.UTF-8 DBUS_SESSION_BUS_ADDRESS=unix:path=/run/user/1000/bus IM_CONFIG_PHASE=2 LOGNAME=ziqing GTK_IM_MODULE=fcitx USERNAME=ziqing XDG_SESSION_ID=2 WINDOWPATH=2 PATH=/home/ziqing/.local/bin:/usr/local/sbin:/usr/local/bin:/usr/sbin:/usr/bin:/sbin:/bin:/usr/games:/usr/local/games:/snap/bin LC_ADDRESS=zh_CN.UTF-8 XDG_RUNTIME_DIR=/run/user/1000 DISPLAY=:0 LANG=zh_CN.UTF-8 XDG_CURRENT_DESKTOP=ubuntu:GNOME LC_TELEPHONE=zh_CN.UTF-8 XDG_SESSION_DESKTOP=ubuntu XMODIFIERS=@im=fcitx XAUTHORITY=/run/user/1000/gdm/Xauthority SSH_AUTH_SOCK=/run/user/1000/keyring/ssh LC_NAME=zh_CN.UTF-8 SHELL=/bin/bash QT_ACCESSIBILITY=1 GDMSESSION=ubuntu LC_MEASUREMENT=zh_CN.UTF-8 TEXTDOMAINDIR=/usr/share/locale/ GPG_AGENT_INFO=/run/user/1000/gnupg/S.gpg-agent:0:1 LC_IDENTIFICATION=zh_CN.UTF-8 XDG_VTNR=2 QT_IM_MODULE=fcitx PWD=/home/ziqing CLUTTER_IM_MODULE=xim XDG_DATA_DIRS=/usr/share/ubuntu:/usr/local/share/:/usr/share/:/var/lib/snapd/desktop XDG_CONFIG_DIRS=/etc/xdg/xdg-ubuntu:/etc/xdg LC_NUMERIC=zh_CN.UTF-8 LC_PAPER=zh_CN.UTF-8 GNOME_DESKTOP_SESSION_ID=this-is-deprecated XDG_MENU_PREFIX=gnome- SESSION_MANAGER=local/ziqing-vm:@/tmp/.ICE-unix/1831,unix/ziqing-vm:/tmp/.ICE-unix/1831 DESKTOP_AUTOSTART_ID=10c87d8a2e316a905a158808806848931000000018310013 GIO_LAUNCHED_DESKTOP_FILE=/etc/xdg/autostart/org.gnome.SettingsDaemon.Sharing.desktop GIO_LAUNCHED_DESKTOP_FILE_PID=2122
ziqing        -  0.0    -      -     - -        Sl+  23:34   0:00 -
ziqing        -  0.0    -      -     - -        Sl+  23:34   0:00 -
ziqing        -  0.0    -      -     - -        Sl+  23:34   0:00 -
ziqing        -  0.0    -      -     - -        Sl+  23:34   0:00 -
ziqing     2124  0.0  0.2 378224  8240 tty2     -    23:34   0:00 /usr/lib/gnome-settings-daemon/gsd-smartcard USER=ziqing LANGUAGE=zh_CN:zh:en_US:en LC_TIME=zh_CN.UTF-8 TEXTDOMAIN=im-config XDG_SEAT=seat0 XDG_SESSION_TYPE=x11 SSH_AGENT_PID=1921 SHLVL=0 QT4_IM_MODULE=fcitx HOME=/home/ziqing DESKTOP_SESSION=ubuntu GTK_MODULES=gail:atk-bridge GNOME_SHELL_SESSION_MODE=ubuntu LC_MONETARY=zh_CN.UTF-8 DBUS_SESSION_BUS_ADDRESS=unix:path=/run/user/1000/bus IM_CONFIG_PHASE=2 LOGNAME=ziqing GTK_IM_MODULE=fcitx USERNAME=ziqing XDG_SESSION_ID=2 WINDOWPATH=2 PATH=/home/ziqing/.local/bin:/usr/local/sbin:/usr/local/bin:/usr/sbin:/usr/bin:/sbin:/bin:/usr/games:/usr/local/games:/snap/bin LC_ADDRESS=zh_CN.UTF-8 XDG_RUNTIME_DIR=/run/user/1000 DISPLAY=:0 LANG=zh_CN.UTF-8 XDG_CURRENT_DESKTOP=ubuntu:GNOME LC_TELEPHONE=zh_CN.UTF-8 XDG_SESSION_DESKTOP=ubuntu XMODIFIERS=@im=fcitx XAUTHORITY=/run/user/1000/gdm/Xauthority SSH_AUTH_SOCK=/run/user/1000/keyring/ssh LC_NAME=zh_CN.UTF-8 SHELL=/bin/bash QT_ACCESSIBILITY=1 GDMSESSION=ubuntu LC_MEASUREMENT=zh_CN.UTF-8 TEXTDOMAINDIR=/usr/share/locale/ GPG_AGENT_INFO=/run/user/1000/gnupg/S.gpg-agent:0:1 LC_IDENTIFICATION=zh_CN.UTF-8 XDG_VTNR=2 QT_IM_MODULE=fcitx PWD=/home/ziqing CLUTTER_IM_MODULE=xim XDG_DATA_DIRS=/usr/share/ubuntu:/usr/local/share/:/usr/share/:/var/lib/snapd/desktop XDG_CONFIG_DIRS=/etc/xdg/xdg-ubuntu:/etc/xdg LC_NUMERIC=zh_CN.UTF-8 LC_PAPER=zh_CN.UTF-8 GNOME_DESKTOP_SESSION_ID=this-is-deprecated XDG_MENU_PREFIX=gnome- SESSION_MANAGER=local/ziqing-vm:@/tmp/.ICE-unix/1831,unix/ziqing-vm:/tmp/.ICE-unix/1831 DESKTOP_AUTOSTART_ID=10c87d8a2e316a905a158808806848973600000018310014 GIO_LAUNCHED_DESKTOP_FILE=/etc/xdg/autostart/org.gnome.SettingsDaemon.Smartcard.desktop GIO_LAUNCHED_DESKTOP_FILE_PID=2124
ziqing        -  0.0    -      -     - -        Sl+  23:34   0:00 -
ziqing        -  0.0    -      -     - -        Sl+  23:34   0:00 -
ziqing        -  0.0    -      -     - -        Sl+  23:34   0:00 -
ziqing        -  0.0    -      -     - -        Sl+  23:34   0:00 -
ziqing        -  0.0    -      -     - -        Sl+  23:34   0:00 -
ziqing     2128  0.0  0.2 333152  8140 tty2     -    23:34   0:00 /usr/lib/gnome-settings-daemon/gsd-sound USER=ziqing LANGUAGE=zh_CN:zh:en_US:en LC_TIME=zh_CN.UTF-8 TEXTDOMAIN=im-config XDG_SEAT=seat0 XDG_SESSION_TYPE=x11 SSH_AGENT_PID=1921 SHLVL=0 QT4_IM_MODULE=fcitx HOME=/home/ziqing DESKTOP_SESSION=ubuntu GTK_MODULES=gail:atk-bridge GNOME_SHELL_SESSION_MODE=ubuntu LC_MONETARY=zh_CN.UTF-8 DBUS_SESSION_BUS_ADDRESS=unix:path=/run/user/1000/bus IM_CONFIG_PHASE=2 LOGNAME=ziqing GTK_IM_MODULE=fcitx USERNAME=ziqing XDG_SESSION_ID=2 WINDOWPATH=2 PATH=/home/ziqing/.local/bin:/usr/local/sbin:/usr/local/bin:/usr/sbin:/usr/bin:/sbin:/bin:/usr/games:/usr/local/games:/snap/bin LC_ADDRESS=zh_CN.UTF-8 XDG_RUNTIME_DIR=/run/user/1000 DISPLAY=:0 LANG=zh_CN.UTF-8 XDG_CURRENT_DESKTOP=ubuntu:GNOME LC_TELEPHONE=zh_CN.UTF-8 XDG_SESSION_DESKTOP=ubuntu XMODIFIERS=@im=fcitx XAUTHORITY=/run/user/1000/gdm/Xauthority SSH_AUTH_SOCK=/run/user/1000/keyring/ssh LC_NAME=zh_CN.UTF-8 SHELL=/bin/bash QT_ACCESSIBILITY=1 GDMSESSION=ubuntu LC_MEASUREMENT=zh_CN.UTF-8 TEXTDOMAINDIR=/usr/share/locale/ GPG_AGENT_INFO=/run/user/1000/gnupg/S.gpg-agent:0:1 LC_IDENTIFICATION=zh_CN.UTF-8 XDG_VTNR=2 QT_IM_MODULE=fcitx PWD=/home/ziqing CLUTTER_IM_MODULE=xim XDG_DATA_DIRS=/usr/share/ubuntu:/usr/local/share/:/usr/share/:/var/lib/snapd/desktop XDG_CONFIG_DIRS=/etc/xdg/xdg-ubuntu:/etc/xdg LC_NUMERIC=zh_CN.UTF-8 LC_PAPER=zh_CN.UTF-8 GNOME_DESKTOP_SESSION_ID=this-is-deprecated XDG_MENU_PREFIX=gnome- SESSION_MANAGER=local/ziqing-vm:@/tmp/.ICE-unix/1831,unix/ziqing-vm:/tmp/.ICE-unix/1831 DESKTOP_AUTOSTART_ID=10c87d8a2e316a905a158808806849022900000018310015 GIO_LAUNCHED_DESKTOP_FILE=/etc/xdg/autostart/org.gnome.SettingsDaemon.Sound.desktop GIO_LAUNCHED_DESKTOP_FILE_PID=2128
ziqing        -  0.0    -      -     - -        Sl+  23:34   0:00 -
ziqing        -  0.0    -      -     - -        Sl+  23:34   0:00 -
ziqing        -  0.0    -      -     - -        Sl+  23:34   0:00 -
ziqing        -  0.0    -      -     - -        Sl+  23:34   0:00 -
ziqing     2130  0.0  0.7 495296 22688 tty2     -    23:34   0:00 /usr/lib/gnome-settings-daemon/gsd-xsettings USER=ziqing LANGUAGE=zh_CN:zh:en_US:en LC_TIME=zh_CN.UTF-8 TEXTDOMAIN=im-config XDG_SEAT=seat0 XDG_SESSION_TYPE=x11 SSH_AGENT_PID=1921 SHLVL=0 QT4_IM_MODULE=fcitx HOME=/home/ziqing DESKTOP_SESSION=ubuntu GTK_MODULES=gail:atk-bridge GNOME_SHELL_SESSION_MODE=ubuntu LC_MONETARY=zh_CN.UTF-8 DBUS_SESSION_BUS_ADDRESS=unix:path=/run/user/1000/bus IM_CONFIG_PHASE=2 LOGNAME=ziqing GTK_IM_MODULE=fcitx USERNAME=ziqing XDG_SESSION_ID=2 WINDOWPATH=2 PATH=/home/ziqing/.local/bin:/usr/local/sbin:/usr/local/bin:/usr/sbin:/usr/bin:/sbin:/bin:/usr/games:/usr/local/games:/snap/bin LC_ADDRESS=zh_CN.UTF-8 XDG_RUNTIME_DIR=/run/user/1000 DISPLAY=:0 LANG=zh_CN.UTF-8 XDG_CURRENT_DESKTOP=ubuntu:GNOME LC_TELEPHONE=zh_CN.UTF-8 XDG_SESSION_DESKTOP=ubuntu XMODIFIERS=@im=fcitx XAUTHORITY=/run/user/1000/gdm/Xauthority SSH_AUTH_SOCK=/run/user/1000/keyring/ssh LC_NAME=zh_CN.UTF-8 SHELL=/bin/bash QT_ACCESSIBILITY=1 GDMSESSION=ubuntu LC_MEASUREMENT=zh_CN.UTF-8 TEXTDOMAINDIR=/usr/share/locale/ GPG_AGENT_INFO=/run/user/1000/gnupg/S.gpg-agent:0:1 LC_IDENTIFICATION=zh_CN.UTF-8 XDG_VTNR=2 QT_IM_MODULE=fcitx PWD=/home/ziqing CLUTTER_IM_MODULE=xim XDG_DATA_DIRS=/usr/share/ubuntu:/usr/local/share/:/usr/share/:/var/lib/snapd/desktop XDG_CONFIG_DIRS=/etc/xdg/xdg-ubuntu:/etc/xdg LC_NUMERIC=zh_CN.UTF-8 LC_PAPER=zh_CN.UTF-8 GNOME_DESKTOP_SESSION_ID=this-is-deprecated XDG_MENU_PREFIX=gnome- SESSION_MANAGER=local/ziqing-vm:@/tmp/.ICE-unix/1831,unix/ziqing-vm:/tmp/.ICE-unix/1831 DESKTOP_AUTOSTART_ID=10c87d8a2e316a905a158808806849126300000018310017 GIO_LAUNCHED_DESKTOP_FILE=/etc/xdg/autostart/org.gnome.SettingsDaemon.XSettings.desktop GIO_LAUNCHED_DESKTOP_FILE_PID=2130
ziqing        -  0.0    -      -     - -        Sl+  23:34   0:00 -
ziqing        -  0.0    -      -     - -        Sl+  23:34   0:00 -
ziqing        -  0.0    -      -     - -        Sl+  23:34   0:00 -
ziqing        -  0.0    -      -     - -        Sl+  23:34   0:00 -
ziqing     2131  0.0  0.7 429156 21752 tty2     -    23:34   0:00 /usr/lib/gnome-settings-daemon/gsd-wacom USER=ziqing LANGUAGE=zh_CN:zh:en_US:en LC_TIME=zh_CN.UTF-8 TEXTDOMAIN=im-config XDG_SEAT=seat0 XDG_SESSION_TYPE=x11 SSH_AGENT_PID=1921 SHLVL=0 QT4_IM_MODULE=fcitx HOME=/home/ziqing DESKTOP_SESSION=ubuntu GTK_MODULES=gail:atk-bridge GNOME_SHELL_SESSION_MODE=ubuntu LC_MONETARY=zh_CN.UTF-8 DBUS_SESSION_BUS_ADDRESS=unix:path=/run/user/1000/bus IM_CONFIG_PHASE=2 LOGNAME=ziqing GTK_IM_MODULE=fcitx USERNAME=ziqing XDG_SESSION_ID=2 WINDOWPATH=2 PATH=/home/ziqing/.local/bin:/usr/local/sbin:/usr/local/bin:/usr/sbin:/usr/bin:/sbin:/bin:/usr/games:/usr/local/games:/snap/bin LC_ADDRESS=zh_CN.UTF-8 XDG_RUNTIME_DIR=/run/user/1000 DISPLAY=:0 LANG=zh_CN.UTF-8 XDG_CURRENT_DESKTOP=ubuntu:GNOME LC_TELEPHONE=zh_CN.UTF-8 XDG_SESSION_DESKTOP=ubuntu XMODIFIERS=@im=fcitx XAUTHORITY=/run/user/1000/gdm/Xauthority SSH_AUTH_SOCK=/run/user/1000/keyring/ssh LC_NAME=zh_CN.UTF-8 SHELL=/bin/bash QT_ACCESSIBILITY=1 GDMSESSION=ubuntu LC_MEASUREMENT=zh_CN.UTF-8 TEXTDOMAINDIR=/usr/share/locale/ GPG_AGENT_INFO=/run/user/1000/gnupg/S.gpg-agent:0:1 LC_IDENTIFICATION=zh_CN.UTF-8 XDG_VTNR=2 QT_IM_MODULE=fcitx PWD=/home/ziqing CLUTTER_IM_MODULE=xim XDG_DATA_DIRS=/usr/share/ubuntu:/usr/local/share/:/usr/share/:/var/lib/snapd/desktop XDG_CONFIG_DIRS=/etc/xdg/xdg-ubuntu:/etc/xdg LC_NUMERIC=zh_CN.UTF-8 LC_PAPER=zh_CN.UTF-8 GNOME_DESKTOP_SESSION_ID=this-is-deprecated XDG_MENU_PREFIX=gnome- SESSION_MANAGER=local/ziqing-vm:@/tmp/.ICE-unix/1831,unix/ziqing-vm:/tmp/.ICE-unix/1831 DESKTOP_AUTOSTART_ID=10c87d8a2e316a905a158808806849064800000018310016 GIO_LAUNCHED_DESKTOP_FILE=/etc/xdg/autostart/org.gnome.SettingsDaemon.Wacom.desktop GIO_LAUNCHED_DESKTOP_FILE_PID=2131
ziqing        -  0.0    -      -     - -        Sl+  23:34   0:00 -
ziqing        -  0.0    -      -     - -        Sl+  23:34   0:00 -
ziqing        -  0.0    -      -     - -        Sl+  23:34   0:00 -
ziqing     2149  0.0  0.6 344312 20692 tty2     -    23:34   0:00 /usr/lib/gnome-settings-daemon/gsd-clipboard USER=ziqing LANGUAGE=zh_CN:zh:en_US:en LC_TIME=zh_CN.UTF-8 TEXTDOMAIN=im-config XDG_SEAT=seat0 XDG_SESSION_TYPE=x11 SSH_AGENT_PID=1921 SHLVL=0 QT4_IM_MODULE=fcitx HOME=/home/ziqing DESKTOP_SESSION=ubuntu GTK_MODULES=gail:atk-bridge GNOME_SHELL_SESSION_MODE=ubuntu LC_MONETARY=zh_CN.UTF-8 DBUS_SESSION_BUS_ADDRESS=unix:path=/run/user/1000/bus IM_CONFIG_PHASE=2 LOGNAME=ziqing GTK_IM_MODULE=fcitx USERNAME=ziqing XDG_SESSION_ID=2 WINDOWPATH=2 PATH=/home/ziqing/.local/bin:/usr/local/sbin:/usr/local/bin:/usr/sbin:/usr/bin:/sbin:/bin:/usr/games:/usr/local/games:/snap/bin LC_ADDRESS=zh_CN.UTF-8 XDG_RUNTIME_DIR=/run/user/1000 DISPLAY=:0 LANG=zh_CN.UTF-8 XDG_CURRENT_DESKTOP=ubuntu:GNOME LC_TELEPHONE=zh_CN.UTF-8 XDG_SESSION_DESKTOP=ubuntu XMODIFIERS=@im=fcitx XAUTHORITY=/run/user/1000/gdm/Xauthority SSH_AUTH_SOCK=/run/user/1000/keyring/ssh LC_NAME=zh_CN.UTF-8 SHELL=/bin/bash QT_ACCESSIBILITY=1 GDMSESSION=ubuntu LC_MEASUREMENT=zh_CN.UTF-8 TEXTDOMAINDIR=/usr/share/locale/ GPG_AGENT_INFO=/run/user/1000/gnupg/S.gpg-agent:0:1 LC_IDENTIFICATION=zh_CN.UTF-8 XDG_VTNR=2 QT_IM_MODULE=fcitx PWD=/home/ziqing CLUTTER_IM_MODULE=xim XDG_DATA_DIRS=/usr/share/ubuntu:/usr/local/share/:/usr/share/:/var/lib/snapd/desktop XDG_CONFIG_DIRS=/etc/xdg/xdg-ubuntu:/etc/xdg LC_NUMERIC=zh_CN.UTF-8 LC_PAPER=zh_CN.UTF-8 GNOME_DESKTOP_SESSION_ID=this-is-deprecated XDG_MENU_PREFIX=gnome- SESSION_MANAGER=local/ziqing-vm:@/tmp/.ICE-unix/1831,unix/ziqing-vm:/tmp/.ICE-unix/1831 DESKTOP_AUTOSTART_ID=10c87d8a2e316a905a158808806848523600000018310002 GIO_LAUNCHED_DESKTOP_FILE=/etc/xdg/autostart/org.gnome.SettingsDaemon.Clipboard.desktop GIO_LAUNCHED_DESKTOP_FILE_PID=2149
ziqing        -  0.0    -      -     - -        Sl+  23:34   0:00 -
ziqing        -  0.0    -      -     - -        Sl+  23:34   0:00 -
ziqing        -  0.0    -      -     - -        Sl+  23:34   0:00 -
ziqing     2151  0.0  0.1 278444  5916 tty2     -    23:34   0:00 /usr/lib/gnome-settings-daemon/gsd-a11y-settings USER=ziqing LANGUAGE=zh_CN:zh:en_US:en LC_TIME=zh_CN.UTF-8 TEXTDOMAIN=im-config XDG_SEAT=seat0 XDG_SESSION_TYPE=x11 SSH_AGENT_PID=1921 SHLVL=0 QT4_IM_MODULE=fcitx HOME=/home/ziqing DESKTOP_SESSION=ubuntu GTK_MODULES=gail:atk-bridge GNOME_SHELL_SESSION_MODE=ubuntu LC_MONETARY=zh_CN.UTF-8 DBUS_SESSION_BUS_ADDRESS=unix:path=/run/user/1000/bus IM_CONFIG_PHASE=2 LOGNAME=ziqing GTK_IM_MODULE=fcitx USERNAME=ziqing XDG_SESSION_ID=2 WINDOWPATH=2 PATH=/home/ziqing/.local/bin:/usr/local/sbin:/usr/local/bin:/usr/sbin:/usr/bin:/sbin:/bin:/usr/games:/usr/local/games:/snap/bin LC_ADDRESS=zh_CN.UTF-8 XDG_RUNTIME_DIR=/run/user/1000 DISPLAY=:0 LANG=zh_CN.UTF-8 XDG_CURRENT_DESKTOP=ubuntu:GNOME LC_TELEPHONE=zh_CN.UTF-8 XDG_SESSION_DESKTOP=ubuntu XMODIFIERS=@im=fcitx XAUTHORITY=/run/user/1000/gdm/Xauthority SSH_AUTH_SOCK=/run/user/1000/keyring/ssh LC_NAME=zh_CN.UTF-8 SHELL=/bin/bash QT_ACCESSIBILITY=1 GDMSESSION=ubuntu LC_MEASUREMENT=zh_CN.UTF-8 TEXTDOMAINDIR=/usr/share/locale/ GPG_AGENT_INFO=/run/user/1000/gnupg/S.gpg-agent:0:1 LC_IDENTIFICATION=zh_CN.UTF-8 XDG_VTNR=2 QT_IM_MODULE=fcitx PWD=/home/ziqing CLUTTER_IM_MODULE=xim XDG_DATA_DIRS=/usr/share/ubuntu:/usr/local/share/:/usr/share/:/var/lib/snapd/desktop XDG_CONFIG_DIRS=/etc/xdg/xdg-ubuntu:/etc/xdg LC_NUMERIC=zh_CN.UTF-8 LC_PAPER=zh_CN.UTF-8 GNOME_DESKTOP_SESSION_ID=this-is-deprecated XDG_MENU_PREFIX=gnome- SESSION_MANAGER=local/ziqing-vm:@/tmp/.ICE-unix/1831,unix/ziqing-vm:/tmp/.ICE-unix/1831 DESKTOP_AUTOSTART_ID=10c87d8a2e316a905a158808806848496700000018310001 GIO_LAUNCHED_DESKTOP_FILE=/etc/xdg/autostart/org.gnome.SettingsDaemon.A11ySettings.desktop GIO_LAUNCHED_DESKTOP_FILE_PID=2151
ziqing        -  0.0    -      -     - -        Sl+  23:34   0:00 -
ziqing        -  0.0    -      -     - -        Sl+  23:34   0:00 -
ziqing        -  0.0    -      -     - -        Sl+  23:34   0:00 -
ziqing        -  0.0    -      -     - -        Sl+  23:34   0:00 -
ziqing     2152  0.0  0.4 470028 13760 tty2     -    23:34   0:00 /usr/lib/gnome-settings-daemon/gsd-datetime USER=ziqing LANGUAGE=zh_CN:zh:en_US:en LC_TIME=zh_CN.UTF-8 TEXTDOMAIN=im-config XDG_SEAT=seat0 XDG_SESSION_TYPE=x11 SSH_AGENT_PID=1921 SHLVL=0 QT4_IM_MODULE=fcitx HOME=/home/ziqing DESKTOP_SESSION=ubuntu GTK_MODULES=gail:atk-bridge GNOME_SHELL_SESSION_MODE=ubuntu LC_MONETARY=zh_CN.UTF-8 DBUS_SESSION_BUS_ADDRESS=unix:path=/run/user/1000/bus IM_CONFIG_PHASE=2 LOGNAME=ziqing GTK_IM_MODULE=fcitx USERNAME=ziqing XDG_SESSION_ID=2 WINDOWPATH=2 PATH=/home/ziqing/.local/bin:/usr/local/sbin:/usr/local/bin:/usr/sbin:/usr/bin:/sbin:/bin:/usr/games:/usr/local/games:/snap/bin LC_ADDRESS=zh_CN.UTF-8 XDG_RUNTIME_DIR=/run/user/1000 DISPLAY=:0 LANG=zh_CN.UTF-8 XDG_CURRENT_DESKTOP=ubuntu:GNOME LC_TELEPHONE=zh_CN.UTF-8 XDG_SESSION_DESKTOP=ubuntu XMODIFIERS=@im=fcitx XAUTHORITY=/run/user/1000/gdm/Xauthority SSH_AUTH_SOCK=/run/user/1000/keyring/ssh LC_NAME=zh_CN.UTF-8 SHELL=/bin/bash QT_ACCESSIBILITY=1 GDMSESSION=ubuntu LC_MEASUREMENT=zh_CN.UTF-8 TEXTDOMAINDIR=/usr/share/locale/ GPG_AGENT_INFO=/run/user/1000/gnupg/S.gpg-agent:0:1 LC_IDENTIFICATION=zh_CN.UTF-8 XDG_VTNR=2 QT_IM_MODULE=fcitx PWD=/home/ziqing CLUTTER_IM_MODULE=xim XDG_DATA_DIRS=/usr/share/ubuntu:/usr/local/share/:/usr/share/:/var/lib/snapd/desktop XDG_CONFIG_DIRS=/etc/xdg/xdg-ubuntu:/etc/xdg LC_NUMERIC=zh_CN.UTF-8 LC_PAPER=zh_CN.UTF-8 GNOME_DESKTOP_SESSION_ID=this-is-deprecated XDG_MENU_PREFIX=gnome- SESSION_MANAGER=local/ziqing-vm:@/tmp/.ICE-unix/1831,unix/ziqing-vm:/tmp/.ICE-unix/1831 DESKTOP_AUTOSTART_ID=10c87d8a2e316a905a158808806848575700000018310004 GIO_LAUNCHED_DESKTOP_FILE=/etc/xdg/autostart/org.gnome.SettingsDaemon.Datetime.desktop GIO_LAUNCHED_DESKTOP_FILE_PID=2152
ziqing        -  0.0    -      -     - -        Sl+  23:34   0:00 -
ziqing        -  0.0    -      -     - -        Sl+  23:34   0:00 -
ziqing        -  0.0    -      -     - -        Sl+  23:34   0:00 -
ziqing        -  0.0    -      -     - -        Sl+  23:34   0:00 -
ziqing     2153  0.0  0.7 659364 22364 tty2     -    23:34   0:00 /usr/lib/gnome-settings-daemon/gsd-color USER=ziqing LANGUAGE=zh_CN:zh:en_US:en LC_TIME=zh_CN.UTF-8 TEXTDOMAIN=im-config XDG_SEAT=seat0 XDG_SESSION_TYPE=x11 SSH_AGENT_PID=1921 SHLVL=0 QT4_IM_MODULE=fcitx HOME=/home/ziqing DESKTOP_SESSION=ubuntu GTK_MODULES=gail:atk-bridge GNOME_SHELL_SESSION_MODE=ubuntu LC_MONETARY=zh_CN.UTF-8 DBUS_SESSION_BUS_ADDRESS=unix:path=/run/user/1000/bus IM_CONFIG_PHASE=2 LOGNAME=ziqing GTK_IM_MODULE=fcitx USERNAME=ziqing XDG_SESSION_ID=2 WINDOWPATH=2 PATH=/home/ziqing/.local/bin:/usr/local/sbin:/usr/local/bin:/usr/sbin:/usr/bin:/sbin:/bin:/usr/games:/usr/local/games:/snap/bin LC_ADDRESS=zh_CN.UTF-8 XDG_RUNTIME_DIR=/run/user/1000 DISPLAY=:0 LANG=zh_CN.UTF-8 XDG_CURRENT_DESKTOP=ubuntu:GNOME LC_TELEPHONE=zh_CN.UTF-8 XDG_SESSION_DESKTOP=ubuntu XMODIFIERS=@im=fcitx XAUTHORITY=/run/user/1000/gdm/Xauthority SSH_AUTH_SOCK=/run/user/1000/keyring/ssh LC_NAME=zh_CN.UTF-8 SHELL=/bin/bash QT_ACCESSIBILITY=1 GDMSESSION=ubuntu LC_MEASUREMENT=zh_CN.UTF-8 TEXTDOMAINDIR=/usr/share/locale/ GPG_AGENT_INFO=/run/user/1000/gnupg/S.gpg-agent:0:1 LC_IDENTIFICATION=zh_CN.UTF-8 XDG_VTNR=2 QT_IM_MODULE=fcitx PWD=/home/ziqing CLUTTER_IM_MODULE=xim XDG_DATA_DIRS=/usr/share/ubuntu:/usr/local/share/:/usr/share/:/var/lib/snapd/desktop XDG_CONFIG_DIRS=/etc/xdg/xdg-ubuntu:/etc/xdg LC_NUMERIC=zh_CN.UTF-8 LC_PAPER=zh_CN.UTF-8 GNOME_DESKTOP_SESSION_ID=this-is-deprecated XDG_MENU_PREFIX=gnome- SESSION_MANAGER=local/ziqing-vm:@/tmp/.ICE-unix/1831,unix/ziqing-vm:/tmp/.ICE-unix/1831 DESKTOP_AUTOSTART_ID=10c87d8a2e316a905a158808806848549800000018310003 GIO_LAUNCHED_DESKTOP_FILE=/etc/xdg/autostart/org.gnome.SettingsDaemon.Color.desktop GIO_LAUNCHED_DESKTOP_FILE_PID=2153
ziqing        -  0.0    -      -     - -        Sl+  23:34   0:00 -
ziqing        -  0.0    -      -     - -        Sl+  23:34   0:00 -
ziqing        -  0.0    -      -     - -        Sl+  23:34   0:00 -
ziqing        -  0.0    -      -     - -        Sl+  23:34   0:00 -
ziqing     2154  0.0  0.7 507148 22092 tty2     -    23:34   0:00 /usr/lib/gnome-settings-daemon/gsd-keyboard USER=ziqing LANGUAGE=zh_CN:zh:en_US:en LC_TIME=zh_CN.UTF-8 TEXTDOMAIN=im-config XDG_SEAT=seat0 XDG_SESSION_TYPE=x11 SSH_AGENT_PID=1921 SHLVL=0 QT4_IM_MODULE=fcitx HOME=/home/ziqing DESKTOP_SESSION=ubuntu GTK_MODULES=gail:atk-bridge GNOME_SHELL_SESSION_MODE=ubuntu LC_MONETARY=zh_CN.UTF-8 DBUS_SESSION_BUS_ADDRESS=unix:path=/run/user/1000/bus IM_CONFIG_PHASE=2 LOGNAME=ziqing GTK_IM_MODULE=fcitx USERNAME=ziqing XDG_SESSION_ID=2 WINDOWPATH=2 PATH=/home/ziqing/.local/bin:/usr/local/sbin:/usr/local/bin:/usr/sbin:/usr/bin:/sbin:/bin:/usr/games:/usr/local/games:/snap/bin LC_ADDRESS=zh_CN.UTF-8 XDG_RUNTIME_DIR=/run/user/1000 DISPLAY=:0 LANG=zh_CN.UTF-8 XDG_CURRENT_DESKTOP=ubuntu:GNOME LC_TELEPHONE=zh_CN.UTF-8 XDG_SESSION_DESKTOP=ubuntu XMODIFIERS=@im=fcitx XAUTHORITY=/run/user/1000/gdm/Xauthority SSH_AUTH_SOCK=/run/user/1000/keyring/ssh LC_NAME=zh_CN.UTF-8 SHELL=/bin/bash QT_ACCESSIBILITY=1 GDMSESSION=ubuntu LC_MEASUREMENT=zh_CN.UTF-8 TEXTDOMAINDIR=/usr/share/locale/ GPG_AGENT_INFO=/run/user/1000/gnupg/S.gpg-agent:0:1 LC_IDENTIFICATION=zh_CN.UTF-8 XDG_VTNR=2 QT_IM_MODULE=fcitx PWD=/home/ziqing CLUTTER_IM_MODULE=xim XDG_DATA_DIRS=/usr/share/ubuntu:/usr/local/share/:/usr/share/:/var/lib/snapd/desktop XDG_CONFIG_DIRS=/etc/xdg/xdg-ubuntu:/etc/xdg LC_NUMERIC=zh_CN.UTF-8 LC_PAPER=zh_CN.UTF-8 GNOME_DESKTOP_SESSION_ID=this-is-deprecated XDG_MENU_PREFIX=gnome- SESSION_MANAGER=local/ziqing-vm:@/tmp/.ICE-unix/1831,unix/ziqing-vm:/tmp/.ICE-unix/1831 DESKTOP_AUTOSTART_ID=10c87d8a2e316a905a158808806848636600000018310006 GIO_LAUNCHED_DESKTOP_FILE=/etc/xdg/autostart/org.gnome.SettingsDaemon.Keyboard.desktop GIO_LAUNCHED_DESKTOP_FILE_PID=2154
ziqing        -  0.0    -      -     - -        Sl+  23:34   0:00 -
ziqing        -  0.0    -      -     - -        Sl+  23:34   0:00 -
ziqing        -  0.0    -      -     - -        Sl+  23:34   0:00 -
ziqing        -  0.0    -      -     - -        Sl+  23:34   0:00 -
ziqing     2159  0.0  0.2 364748  7432 tty2     -    23:34   0:00 /usr/lib/gnome-settings-daemon/gsd-housekeeping USER=ziqing LANGUAGE=zh_CN:zh:en_US:en LC_TIME=zh_CN.UTF-8 TEXTDOMAIN=im-config XDG_SEAT=seat0 XDG_SESSION_TYPE=x11 SSH_AGENT_PID=1921 SHLVL=0 QT4_IM_MODULE=fcitx HOME=/home/ziqing DESKTOP_SESSION=ubuntu GTK_MODULES=gail:atk-bridge GNOME_SHELL_SESSION_MODE=ubuntu LC_MONETARY=zh_CN.UTF-8 DBUS_SESSION_BUS_ADDRESS=unix:path=/run/user/1000/bus IM_CONFIG_PHASE=2 LOGNAME=ziqing GTK_IM_MODULE=fcitx USERNAME=ziqing XDG_SESSION_ID=2 WINDOWPATH=2 PATH=/home/ziqing/.local/bin:/usr/local/sbin:/usr/local/bin:/usr/sbin:/usr/bin:/sbin:/bin:/usr/games:/usr/local/games:/snap/bin LC_ADDRESS=zh_CN.UTF-8 XDG_RUNTIME_DIR=/run/user/1000 DISPLAY=:0 LANG=zh_CN.UTF-8 XDG_CURRENT_DESKTOP=ubuntu:GNOME LC_TELEPHONE=zh_CN.UTF-8 XDG_SESSION_DESKTOP=ubuntu XMODIFIERS=@im=fcitx XAUTHORITY=/run/user/1000/gdm/Xauthority SSH_AUTH_SOCK=/run/user/1000/keyring/ssh LC_NAME=zh_CN.UTF-8 SHELL=/bin/bash QT_ACCESSIBILITY=1 GDMSESSION=ubuntu LC_MEASUREMENT=zh_CN.UTF-8 TEXTDOMAINDIR=/usr/share/locale/ GPG_AGENT_INFO=/run/user/1000/gnupg/S.gpg-agent:0:1 LC_IDENTIFICATION=zh_CN.UTF-8 XDG_VTNR=2 QT_IM_MODULE=fcitx PWD=/home/ziqing CLUTTER_IM_MODULE=xim XDG_DATA_DIRS=/usr/share/ubuntu:/usr/local/share/:/usr/share/:/var/lib/snapd/desktop XDG_CONFIG_DIRS=/etc/xdg/xdg-ubuntu:/etc/xdg LC_NUMERIC=zh_CN.UTF-8 LC_PAPER=zh_CN.UTF-8 GNOME_DESKTOP_SESSION_ID=this-is-deprecated XDG_MENU_PREFIX=gnome- SESSION_MANAGER=local/ziqing-vm:@/tmp/.ICE-unix/1831,unix/ziqing-vm:/tmp/.ICE-unix/1831 DESKTOP_AUTOSTART_ID=10c87d8a2e316a905a158808806848611400000018310005 GIO_LAUNCHED_DESKTOP_FILE=/etc/xdg/autostart/org.gnome.SettingsDaemon.Housekeeping.desktop GIO_LAUNCHED_DESKTOP_FILE_PID=2159
ziqing        -  0.0    -      -     - -        Sl+  23:34   0:00 -
ziqing        -  0.0    -      -     - -        Sl+  23:34   0:00 -
ziqing        -  0.0    -      -     - -        Sl+  23:34   0:00 -
ziqing        -  0.0    -      -     - -        Sl+  23:34   0:00 -
ziqing     2161  0.0  0.2 278448  6072 tty2     -    23:34   0:00 /usr/lib/gnome-settings-daemon/gsd-mouse USER=ziqing LANGUAGE=zh_CN:zh:en_US:en LC_TIME=zh_CN.UTF-8 TEXTDOMAIN=im-config XDG_SEAT=seat0 XDG_SESSION_TYPE=x11 SSH_AGENT_PID=1921 SHLVL=0 QT4_IM_MODULE=fcitx HOME=/home/ziqing DESKTOP_SESSION=ubuntu GTK_MODULES=gail:atk-bridge GNOME_SHELL_SESSION_MODE=ubuntu LC_MONETARY=zh_CN.UTF-8 DBUS_SESSION_BUS_ADDRESS=unix:path=/run/user/1000/bus IM_CONFIG_PHASE=2 LOGNAME=ziqing GTK_IM_MODULE=fcitx USERNAME=ziqing XDG_SESSION_ID=2 WINDOWPATH=2 PATH=/home/ziqing/.local/bin:/usr/local/sbin:/usr/local/bin:/usr/sbin:/usr/bin:/sbin:/bin:/usr/games:/usr/local/games:/snap/bin LC_ADDRESS=zh_CN.UTF-8 XDG_RUNTIME_DIR=/run/user/1000 DISPLAY=:0 LANG=zh_CN.UTF-8 XDG_CURRENT_DESKTOP=ubuntu:GNOME LC_TELEPHONE=zh_CN.UTF-8 XDG_SESSION_DESKTOP=ubuntu XMODIFIERS=@im=fcitx XAUTHORITY=/run/user/1000/gdm/Xauthority SSH_AUTH_SOCK=/run/user/1000/keyring/ssh LC_NAME=zh_CN.UTF-8 SHELL=/bin/bash QT_ACCESSIBILITY=1 GDMSESSION=ubuntu LC_MEASUREMENT=zh_CN.UTF-8 TEXTDOMAINDIR=/usr/share/locale/ GPG_AGENT_INFO=/run/user/1000/gnupg/S.gpg-agent:0:1 LC_IDENTIFICATION=zh_CN.UTF-8 XDG_VTNR=2 QT_IM_MODULE=fcitx PWD=/home/ziqing CLUTTER_IM_MODULE=xim XDG_DATA_DIRS=/usr/share/ubuntu:/usr/local/share/:/usr/share/:/var/lib/snapd/desktop XDG_CONFIG_DIRS=/etc/xdg/xdg-ubuntu:/etc/xdg LC_NUMERIC=zh_CN.UTF-8 LC_PAPER=zh_CN.UTF-8 GNOME_DESKTOP_SESSION_ID=this-is-deprecated XDG_MENU_PREFIX=gnome- SESSION_MANAGER=local/ziqing-vm:@/tmp/.ICE-unix/1831,unix/ziqing-vm:/tmp/.ICE-unix/1831 DESKTOP_AUTOSTART_ID=10c87d8a2e316a905a158808806848709700000018310008 GIO_LAUNCHED_DESKTOP_FILE=/etc/xdg/autostart/org.gnome.SettingsDaemon.Mouse.desktop GIO_LAUNCHED_DESKTOP_FILE_PID=2161
ziqing        -  0.0    -      -     - -        Sl+  23:34   0:00 -
ziqing        -  0.0    -      -     - -        Sl+  23:34   0:00 -
ziqing        -  0.0    -      -     - -        Sl+  23:34   0:00 -
ziqing        -  0.0    -      -     - -        Sl+  23:34   0:00 -
ziqing     2165  0.0  0.7 793480 23460 tty2     -    23:34   0:00 /usr/lib/gnome-settings-daemon/gsd-media-keys USER=ziqing LANGUAGE=zh_CN:zh:en_US:en LC_TIME=zh_CN.UTF-8 TEXTDOMAIN=im-config XDG_SEAT=seat0 XDG_SESSION_TYPE=x11 SSH_AGENT_PID=1921 SHLVL=0 QT4_IM_MODULE=fcitx HOME=/home/ziqing DESKTOP_SESSION=ubuntu GTK_MODULES=gail:atk-bridge GNOME_SHELL_SESSION_MODE=ubuntu LC_MONETARY=zh_CN.UTF-8 DBUS_SESSION_BUS_ADDRESS=unix:path=/run/user/1000/bus IM_CONFIG_PHASE=2 LOGNAME=ziqing GTK_IM_MODULE=fcitx USERNAME=ziqing XDG_SESSION_ID=2 WINDOWPATH=2 PATH=/home/ziqing/.local/bin:/usr/local/sbin:/usr/local/bin:/usr/sbin:/usr/bin:/sbin:/bin:/usr/games:/usr/local/games:/snap/bin LC_ADDRESS=zh_CN.UTF-8 XDG_RUNTIME_DIR=/run/user/1000 DISPLAY=:0 LANG=zh_CN.UTF-8 XDG_CURRENT_DESKTOP=ubuntu:GNOME LC_TELEPHONE=zh_CN.UTF-8 XDG_SESSION_DESKTOP=ubuntu XMODIFIERS=@im=fcitx XAUTHORITY=/run/user/1000/gdm/Xauthority SSH_AUTH_SOCK=/run/user/1000/keyring/ssh LC_NAME=zh_CN.UTF-8 SHELL=/bin/bash QT_ACCESSIBILITY=1 GDMSESSION=ubuntu LC_MEASUREMENT=zh_CN.UTF-8 TEXTDOMAINDIR=/usr/share/locale/ GPG_AGENT_INFO=/run/user/1000/gnupg/S.gpg-agent:0:1 LC_IDENTIFICATION=zh_CN.UTF-8 XDG_VTNR=2 QT_IM_MODULE=fcitx PWD=/home/ziqing CLUTTER_IM_MODULE=xim XDG_DATA_DIRS=/usr/share/ubuntu:/usr/local/share/:/usr/share/:/var/lib/snapd/desktop XDG_CONFIG_DIRS=/etc/xdg/xdg-ubuntu:/etc/xdg LC_NUMERIC=zh_CN.UTF-8 LC_PAPER=zh_CN.UTF-8 GNOME_DESKTOP_SESSION_ID=this-is-deprecated XDG_MENU_PREFIX=gnome- SESSION_MANAGER=local/ziqing-vm:@/tmp/.ICE-unix/1831,unix/ziqing-vm:/tmp/.ICE-unix/1831 DESKTOP_AUTOSTART_ID=10c87d8a2e316a905a158808806848661500000018310007 GIO_LAUNCHED_DESKTOP_FILE=/etc/xdg/autostart/org.gnome.SettingsDaemon.MediaKeys.desktop GIO_LAUNCHED_DESKTOP_FILE_PID=2165
ziqing        -  0.0    -      -     - -        Sl+  23:34   0:00 -
ziqing        -  0.0    -      -     - -        Sl+  23:34   0:00 -
ziqing        -  0.0    -      -     - -        Sl+  23:34   0:00 -
ziqing        -  0.0    -      -     - -        Sl+  23:34   0:00 -
ziqing     2184  0.0  0.4 508912 12776 tty2     -    23:34   0:00 /usr/lib/gnome-settings-daemon/gsd-printer USER=ziqing LANGUAGE=zh_CN:zh:en_US:en LC_TIME=zh_CN.UTF-8 TEXTDOMAIN=im-config XDG_SEAT=seat0 XDG_SESSION_TYPE=x11 SSH_AGENT_PID=1921 SHLVL=0 QT4_IM_MODULE=fcitx HOME=/home/ziqing DESKTOP_SESSION=ubuntu GTK_MODULES=gail:atk-bridge GNOME_SHELL_SESSION_MODE=ubuntu LC_MONETARY=zh_CN.UTF-8 DBUS_SESSION_BUS_ADDRESS=unix:path=/run/user/1000/bus IM_CONFIG_PHASE=2 LOGNAME=ziqing GTK_IM_MODULE=fcitx USERNAME=ziqing XDG_SESSION_ID=2 WINDOWPATH=2 PATH=/home/ziqing/.local/bin:/usr/local/sbin:/usr/local/bin:/usr/sbin:/usr/bin:/sbin:/bin:/usr/games:/usr/local/games:/snap/bin LC_ADDRESS=zh_CN.UTF-8 XDG_RUNTIME_DIR=/run/user/1000 DISPLAY=:0 LANG=zh_CN.UTF-8 XDG_CURRENT_DESKTOP=ubuntu:GNOME LC_TELEPHONE=zh_CN.UTF-8 XDG_SESSION_DESKTOP=ubuntu XMODIFIERS=@im=fcitx XAUTHORITY=/run/user/1000/gdm/Xauthority SSH_AUTH_SOCK=/run/user/1000/keyring/ssh LC_NAME=zh_CN.UTF-8 SHELL=/bin/bash QT_ACCESSIBILITY=1 GDMSESSION=ubuntu LC_MEASUREMENT=zh_CN.UTF-8 TEXTDOMAINDIR=/usr/share/locale/ GPG_AGENT_INFO=/run/user/1000/gnupg/S.gpg-agent:0:1 LC_IDENTIFICATION=zh_CN.UTF-8 XDG_VTNR=2 QT_IM_MODULE=fcitx PWD=/home/ziqing CLUTTER_IM_MODULE=xim XDG_DATA_DIRS=/usr/share/ubuntu:/usr/local/share/:/usr/share/:/var/lib/snapd/desktop XDG_CONFIG_DIRS=/etc/xdg/xdg-ubuntu:/etc/xdg LC_NUMERIC=zh_CN.UTF-8 LC_PAPER=zh_CN.UTF-8 GNOME_DESKTOP_SESSION_ID=this-is-deprecated XDG_MENU_PREFIX=gnome- SESSION_MANAGER=local/ziqing-vm:@/tmp/.ICE-unix/1831,unix/ziqing-vm:/tmp/.ICE-unix/1831 DESKTOP_AUTOSTART_ID=10c87d8a2e316a905a158808806848796000000018310010 GIO_LAUNCHED_DESKTOP_FILE=/etc/xdg/autostart/org.gnome.SettingsDaemon.PrintNotifications.desktop GIO_LAUNCHED_DESKTOP_FILE_PID=2119
ziqing        -  0.0    -      -     - -        Sl+  23:34   0:00 -
ziqing        -  0.0    -      -     - -        Sl+  23:34   0:00 -
ziqing        -  0.0    -      -     - -        Sl+  23:34   0:00 -
ziqing     2215  0.6  0.9 197912 27612 tty2     -    23:34   0:05 /usr/lib/vmware-tools/sbin64/vmtoolsd -n vmusr --blockFd 3 USER=ziqing LANGUAGE=zh_CN:zh:en_US:en LC_TIME=zh_CN.UTF-8 TEXTDOMAIN=im-config XDG_SEAT=seat0 XDG_SESSION_TYPE=x11 SSH_AGENT_PID=1921 SHLVL=0 QT4_IM_MODULE=fcitx HOME=/home/ziqing DESKTOP_SESSION=ubuntu GTK_MODULES=gail:atk-bridge GNOME_SHELL_SESSION_MODE=ubuntu LC_MONETARY=zh_CN.UTF-8 DBUS_SESSION_BUS_ADDRESS=unix:path=/run/user/1000/bus IM_CONFIG_PHASE=2 LOGNAME=ziqing GTK_IM_MODULE=fcitx USERNAME=ziqing XDG_SESSION_ID=2 WINDOWPATH=2 PATH=/home/ziqing/.local/bin:/usr/local/sbin:/usr/local/bin:/usr/sbin:/usr/bin:/sbin:/bin:/usr/games:/usr/local/games:/snap/bin LC_ADDRESS=zh_CN.UTF-8 XDG_RUNTIME_DIR=/run/user/1000 DISPLAY=:0 LANG=zh_CN.UTF-8 XDG_CURRENT_DESKTOP=ubuntu:GNOME LC_TELEPHONE=zh_CN.UTF-8 XDG_SESSION_DESKTOP=ubuntu XMODIFIERS=@im=fcitx XAUTHORITY=/run/user/1000/gdm/Xauthority SSH_AUTH_SOCK=/run/user/1000/keyring/ssh LC_NAME=zh_CN.UTF-8 SHELL=/bin/bash QT_ACCESSIBILITY=1 GDMSESSION=ubuntu LC_MEASUREMENT=zh_CN.UTF-8 TEXTDOMAINDIR=/usr/share/locale/ GPG_AGENT_INFO=/run/user/1000/gnupg/S.gpg-agent:0:1 LC_IDENTIFICATION=zh_CN.UTF-8 XDG_VTNR=2 QT_IM_MODULE=fcitx PWD=/home/ziqing CLUTTER_IM_MODULE=xim XDG_DATA_DIRS=/usr/share/ubuntu:/usr/local/share/:/usr/share/:/var/lib/snapd/desktop XDG_CONFIG_DIRS=/etc/xdg/xdg-ubuntu:/etc/xdg LC_NUMERIC=zh_CN.UTF-8 LC_PAPER=zh_CN.UTF-8 GNOME_DESKTOP_SESSION_ID=this-is-deprecated XDG_MENU_PREFIX=gnome- SESSION_MANAGER=local/ziqing-vm:@/tmp/.ICE-unix/1831,unix/ziqing-vm:/tmp/.ICE-unix/1831 DESKTOP_AUTOSTART_ID=10c87d8a2e316a905a158808806850612800000018310018 GIO_LAUNCHED_DESKTOP_FILE=/usr/share/gnome/autostart/vmware-user.desktop GIO_LAUNCHED_DESKTOP_FILE_PID=2214
ziqing        -  0.6    -      -     - -        S+   23:34   0:05 -
ziqing     2217  0.0  0.2 271932  6108 tty2     -    23:34   0:00 /usr/lib/gnome-disk-utility/gsd-disk-utility-notify USER=ziqing LANGUAGE=zh_CN:zh:en_US:en LC_TIME=zh_CN.UTF-8 TEXTDOMAIN=im-config XDG_SEAT=seat0 XDG_SESSION_TYPE=x11 SSH_AGENT_PID=1921 SHLVL=0 QT4_IM_MODULE=fcitx HOME=/home/ziqing DESKTOP_SESSION=ubuntu GTK_MODULES=gail:atk-bridge GNOME_SHELL_SESSION_MODE=ubuntu LC_MONETARY=zh_CN.UTF-8 DBUS_SESSION_BUS_ADDRESS=unix:path=/run/user/1000/bus IM_CONFIG_PHASE=2 LOGNAME=ziqing GTK_IM_MODULE=fcitx USERNAME=ziqing XDG_SESSION_ID=2 WINDOWPATH=2 PATH=/home/ziqing/.local/bin:/usr/local/sbin:/usr/local/bin:/usr/sbin:/usr/bin:/sbin:/bin:/usr/games:/usr/local/games:/snap/bin LC_ADDRESS=zh_CN.UTF-8 XDG_RUNTIME_DIR=/run/user/1000 DISPLAY=:0 LANG=zh_CN.UTF-8 XDG_CURRENT_DESKTOP=ubuntu:GNOME LC_TELEPHONE=zh_CN.UTF-8 XDG_SESSION_DESKTOP=ubuntu XMODIFIERS=@im=fcitx XAUTHORITY=/run/user/1000/gdm/Xauthority SSH_AUTH_SOCK=/run/user/1000/keyring/ssh LC_NAME=zh_CN.UTF-8 SHELL=/bin/bash QT_ACCESSIBILITY=1 GDMSESSION=ubuntu LC_MEASUREMENT=zh_CN.UTF-8 TEXTDOMAINDIR=/usr/share/locale/ GPG_AGENT_INFO=/run/user/1000/gnupg/S.gpg-agent:0:1 LC_IDENTIFICATION=zh_CN.UTF-8 XDG_VTNR=2 QT_IM_MODULE=fcitx PWD=/home/ziqing CLUTTER_IM_MODULE=xim XDG_DATA_DIRS=/usr/share/ubuntu:/usr/local/share/:/usr/share/:/var/lib/snapd/desktop XDG_CONFIG_DIRS=/etc/xdg/xdg-ubuntu:/etc/xdg LC_NUMERIC=zh_CN.UTF-8 LC_PAPER=zh_CN.UTF-8 GNOME_DESKTOP_SESSION_ID=this-is-deprecated XDG_MENU_PREFIX=gnome- SESSION_MANAGER=local/ziqing-vm:@/tmp/.ICE-unix/1831,unix/ziqing-vm:/tmp/.ICE-unix/1831 DESKTOP_AUTOSTART_ID=10c87d8a2e316a905a158808806858488200000018310052 GIO_LAUNCHED_DESKTOP_FILE=/etc/xdg/autostart/org.gnome.SettingsDaemon.DiskUtilityNotify.desktop GIO_LAUNCHED_DESKTOP_FILE_PID=2217
ziqing        -  0.0    -      -     - -        Sl+  23:34   0:00 -
ziqing        -  0.0    -      -     - -        Sl+  23:34   0:00 -
ziqing        -  0.0    -      -     - -        Sl+  23:34   0:00 -
ziqing     2221  0.2  2.0 890460 62800 tty2     -    23:34   0:02 nautilus-desktop USER=ziqing LANGUAGE=zh_CN:zh:en_US:en LC_TIME=zh_CN.UTF-8 TEXTDOMAIN=im-config XDG_SEAT=seat0 XDG_SESSION_TYPE=x11 SSH_AGENT_PID=1921 SHLVL=0 QT4_IM_MODULE=fcitx HOME=/home/ziqing DESKTOP_SESSION=ubuntu GTK_MODULES=gail:atk-bridge GNOME_SHELL_SESSION_MODE=ubuntu LC_MONETARY=zh_CN.UTF-8 DBUS_SESSION_BUS_ADDRESS=unix:path=/run/user/1000/bus IM_CONFIG_PHASE=2 LOGNAME=ziqing GTK_IM_MODULE=fcitx USERNAME=ziqing XDG_SESSION_ID=2 WINDOWPATH=2 PATH=/home/ziqing/.local/bin:/usr/local/sbin:/usr/local/bin:/usr/sbin:/usr/bin:/sbin:/bin:/usr/games:/usr/local/games:/snap/bin LC_ADDRESS=zh_CN.UTF-8 XDG_RUNTIME_DIR=/run/user/1000 DISPLAY=:0 LANG=zh_CN.UTF-8 XDG_CURRENT_DESKTOP=ubuntu:GNOME LC_TELEPHONE=zh_CN.UTF-8 XDG_SESSION_DESKTOP=ubuntu XMODIFIERS=@im=fcitx XAUTHORITY=/run/user/1000/gdm/Xauthority SSH_AUTH_SOCK=/run/user/1000/keyring/ssh LC_NAME=zh_CN.UTF-8 SHELL=/bin/bash QT_ACCESSIBILITY=1 GDMSESSION=ubuntu LC_MEASUREMENT=zh_CN.UTF-8 TEXTDOMAINDIR=/usr/share/locale/ GPG_AGENT_INFO=/run/user/1000/gnupg/S.gpg-agent:0:1 LC_IDENTIFICATION=zh_CN.UTF-8 XDG_VTNR=2 QT_IM_MODULE=fcitx PWD=/home/ziqing CLUTTER_IM_MODULE=xim XDG_DATA_DIRS=/usr/share/ubuntu:/usr/local/share/:/usr/share/:/var/lib/snapd/desktop XDG_CONFIG_DIRS=/etc/xdg/xdg-ubuntu:/etc/xdg LC_NUMERIC=zh_CN.UTF-8 LC_PAPER=zh_CN.UTF-8 GNOME_DESKTOP_SESSION_ID=this-is-deprecated XDG_MENU_PREFIX=gnome- SESSION_MANAGER=local/ziqing-vm:@/tmp/.ICE-unix/1831,unix/ziqing-vm:/tmp/.ICE-unix/1831 DESKTOP_AUTOSTART_ID=10c87d8a2e316a905a158808806857809700000018310048 GIO_LAUNCHED_DESKTOP_FILE=/etc/xdg/autostart/nautilus-autostart.desktop GIO_LAUNCHED_DESKTOP_FILE_PID=2221
ziqing        -  0.2    -      -     - -        Sl+  23:34   0:02 -
ziqing        -  0.0    -      -     - -        Sl+  23:34   0:00 -
ziqing        -  0.0    -      -     - -        Sl+  23:34   0:00 -
ziqing        -  0.0    -      -     - -        Sl+  23:34   0:00 -
ziqing     2244  0.0  0.2 368516  7872 ?        -    23:34   0:00 /usr/lib/gvfs/gvfsd-trash --spawner :1.26 /org/gtk/gvfs/exec_spaw/0 CLUTTER_IM_MODULE=xim DBUS_SESSION_BUS_ADDRESS=unix:path=/run/user/1000/bus DESKTOP_SESSION=ubuntu DISPLAY=:0 GDMSESSION=ubuntu GNOME_DESKTOP_SESSION_ID=this-is-deprecated GNOME_SHELL_SESSION_MODE=ubuntu GPG_AGENT_INFO=/run/user/1000/gnupg/S.gpg-agent:0:1 GTK_IM_MODULE=fcitx GTK_MODULES=gail:atk-bridge HOME=/home/ziqing IM_CONFIG_PHASE=2 LANG=zh_CN.UTF-8 LANGUAGE=zh_CN:zh:en_US:en LC_ADDRESS=zh_CN.UTF-8 LC_IDENTIFICATION=zh_CN.UTF-8 LC_MEASUREMENT=zh_CN.UTF-8 LC_MONETARY=zh_CN.UTF-8 LC_NAME=zh_CN.UTF-8 LC_NUMERIC=zh_CN.UTF-8 LC_PAPER=zh_CN.UTF-8 LC_TELEPHONE=zh_CN.UTF-8 LC_TIME=zh_CN.UTF-8 LOGNAME=ziqing PATH=/home/ziqing/.local/bin:/usr/local/sbin:/usr/local/bin:/usr/sbin:/usr/bin:/sbin:/bin:/usr/games:/usr/local/games:/snap/bin PWD=/home/ziqing QT4_IM_MODULE=fcitx QT_ACCESSIBILITY=1 QT_IM_MODULE=fcitx SESSION_MANAGER=local/ziqing-vm:@/tmp/.ICE-unix/1831,unix/ziqing-vm:/tmp/.ICE-unix/1831 SHELL=/bin/bash SHLVL=0 SSH_AGENT_PID=1921 SSH_AUTH_SOCK=/run/user/1000/keyring/ssh TEXTDOMAIN=im-config TEXTDOMAINDIR=/usr/share/locale/ USER=ziqing USERNAME=ziqing WINDOWPATH=2 XAUTHORITY=/run/user/1000/gdm/Xauthority XDG_CONFIG_DIRS=/etc/xdg/xdg-ubuntu:/etc/xdg XDG_CURRENT_DESKTOP=ubuntu:GNOME XDG_DATA_DIRS=/usr/share/ubuntu:/usr/local/share/:/usr/share/:/var/lib/snapd/desktop XDG_MENU_PREFIX=gnome- XDG_RUNTIME_DIR=/run/user/1000 XDG_SEAT=seat0 XDG_SESSION_DESKTOP=ubuntu XDG_SESSION_ID=2 XDG_SESSION_TYPE=x11 XDG_VTNR=2 XMODIFIERS=@im=fcitx _=/usr/bin/dbus-update-activation-environment MANAGERPID=1801 INVOCATION_ID=d07bc196eff54c74b5f063826c51e181 JOURNAL_STREAM=9:48958
ziqing        -  0.0    -      -     - -        Sl   23:34   0:00 -
ziqing        -  0.0    -      -     - -        Sl   23:34   0:00 -
ziqing        -  0.0    -      -     - -        Sl   23:34   0:00 -
ziqing     2270  0.0  2.2 892484 67388 ?        -    23:34   0:00 /usr/lib/evolution/evolution-calendar-factory CLUTTER_IM_MODULE=xim DBUS_SESSION_BUS_ADDRESS=unix:path=/run/user/1000/bus DESKTOP_SESSION=ubuntu DISPLAY=:0 GDMSESSION=ubuntu GNOME_DESKTOP_SESSION_ID=this-is-deprecated GNOME_SHELL_SESSION_MODE=ubuntu GPG_AGENT_INFO=/run/user/1000/gnupg/S.gpg-agent:0:1 GTK_IM_MODULE=fcitx GTK_MODULES=gail:atk-bridge HOME=/home/ziqing IM_CONFIG_PHASE=2 LANG=zh_CN.UTF-8 LANGUAGE=zh_CN:zh:en_US:en LC_ADDRESS=zh_CN.UTF-8 LC_IDENTIFICATION=zh_CN.UTF-8 LC_MEASUREMENT=zh_CN.UTF-8 LC_MONETARY=zh_CN.UTF-8 LC_NAME=zh_CN.UTF-8 LC_NUMERIC=zh_CN.UTF-8 LC_PAPER=zh_CN.UTF-8 LC_TELEPHONE=zh_CN.UTF-8 LC_TIME=zh_CN.UTF-8 LOGNAME=ziqing PATH=/home/ziqing/.local/bin:/usr/local/sbin:/usr/local/bin:/usr/sbin:/usr/bin:/sbin:/bin:/usr/games:/usr/local/games:/snap/bin PWD=/home/ziqing QT4_IM_MODULE=fcitx QT_ACCESSIBILITY=1 QT_IM_MODULE=fcitx SESSION_MANAGER=local/ziqing-vm:@/tmp/.ICE-unix/1831,unix/ziqing-vm:/tmp/.ICE-unix/1831 SHELL=/bin/bash SHLVL=0 SSH_AGENT_PID=1921 SSH_AUTH_SOCK=/run/user/1000/keyring/ssh TEXTDOMAIN=im-config TEXTDOMAINDIR=/usr/share/locale/ USER=ziqing USERNAME=ziqing WINDOWPATH=2 XAUTHORITY=/run/user/1000/gdm/Xauthority XDG_CONFIG_DIRS=/etc/xdg/xdg-ubuntu:/etc/xdg XDG_CURRENT_DESKTOP=ubuntu:GNOME XDG_DATA_DIRS=/usr/share/ubuntu:/usr/local/share/:/usr/share/:/var/lib/snapd/desktop XDG_MENU_PREFIX=gnome- XDG_RUNTIME_DIR=/run/user/1000 XDG_SEAT=seat0 XDG_SESSION_DESKTOP=ubuntu XDG_SESSION_ID=2 XDG_SESSION_TYPE=x11 XDG_VTNR=2 XMODIFIERS=@im=fcitx _=/usr/bin/dbus-update-activation-environment MANAGERPID=1801 INVOCATION_ID=0479e357cf424864b798de42cbb192a0 JOURNAL_STREAM=9:53244
ziqing        -  0.0    -      -     - -        Ssl  23:34   0:00 -
ziqing        -  0.0    -      -     - -        Ssl  23:34   0:00 -
ziqing        -  0.0    -      -     - -        Ssl  23:34   0:00 -
ziqing        -  0.0    -      -     - -        Ssl  23:34   0:00 -
ziqing        -  0.0    -      -     - -        Ssl  23:34   0:00 -
ziqing     2285  0.0  0.2 205124  6920 tty2     -    23:34   0:00 /usr/lib/ibus/ibus-engine-simple USER=ziqing LANGUAGE=zh_CN:zh:en_US:en LC_TIME=zh_CN.UTF-8 TEXTDOMAIN=im-config XDG_SEAT=seat0 XDG_SESSION_TYPE=x11 SSH_AGENT_PID=1921 SHLVL=0 QT4_IM_MODULE=fcitx HOME=/home/ziqing DESKTOP_SESSION=ubuntu GTK_MODULES=gail:atk-bridge GNOME_SHELL_SESSION_MODE=ubuntu LC_MONETARY=zh_CN.UTF-8 DBUS_SESSION_BUS_ADDRESS=unix:path=/run/user/1000/bus IM_CONFIG_PHASE=2 LOGNAME=ziqing GTK_IM_MODULE=fcitx USERNAME=ziqing XDG_SESSION_ID=2 WINDOWPATH=2 PATH=/home/ziqing/.local/bin:/usr/local/sbin:/usr/local/bin:/usr/sbin:/usr/bin:/sbin:/bin:/usr/games:/usr/local/games:/snap/bin LC_ADDRESS=zh_CN.UTF-8 XDG_RUNTIME_DIR=/run/user/1000 DISPLAY=:0 LANG=zh_CN.UTF-8 XDG_CURRENT_DESKTOP=ubuntu:GNOME LC_TELEPHONE=zh_CN.UTF-8 XDG_SESSION_DESKTOP=ubuntu XMODIFIERS=@im=fcitx XAUTHORITY=/run/user/1000/gdm/Xauthority SSH_AUTH_SOCK=/run/user/1000/keyring/ssh LC_NAME=zh_CN.UTF-8 SHELL=/bin/bash QT_ACCESSIBILITY=1 GDMSESSION=ubuntu LC_MEASUREMENT=zh_CN.UTF-8 TEXTDOMAINDIR=/usr/share/locale/ GPG_AGENT_INFO=/run/user/1000/gnupg/S.gpg-agent:0:1 LC_IDENTIFICATION=zh_CN.UTF-8 XDG_VTNR=2 QT_IM_MODULE=fcitx PWD=/home/ziqing CLUTTER_IM_MODULE=xim XDG_DATA_DIRS=/usr/share/ubuntu:/usr/local/share/:/usr/share/:/var/lib/snapd/desktop XDG_CONFIG_DIRS=/etc/xdg/xdg-ubuntu:/etc/xdg LC_NUMERIC=zh_CN.UTF-8 LC_PAPER=zh_CN.UTF-8 GNOME_DESKTOP_SESSION_ID=this-is-deprecated XDG_MENU_PREFIX=gnome- SESSION_MANAGER=local/ziqing-vm:@/tmp/.ICE-unix/1831,unix/ziqing-vm:/tmp/.ICE-unix/1831 DESKTOP_AUTOSTART_ID=10c87d8a2e316a905a158808806848462000000018310000 GIO_LAUNCHED_DESKTOP_FILE=/usr/share/applications/org.gnome.Shell.desktop GIO_LAUNCHED_DESKTOP_FILE_PID=1974 GJS_DEBUG_OUTPUT=stderr GJS_DEBUG_TOPICS=JS ERROR;JS LOG
ziqing        -  0.0    -      -     - -        Sl   23:34   0:00 -
ziqing        -  0.0    -      -     - -        Sl   23:34   0:00 -
ziqing        -  0.0    -      -     - -        Sl   23:34   0:00 -
ziqing     2303  0.0  2.0 1062436 62936 ?       -    23:34   0:00 /usr/lib/evolution/evolution-calendar-factory-subprocess --factory all --bus-name org.gnome.evolution.dataserver.Subprocess.Backend.Calendarx2270x2 --own-path /org/gnome/evolution/dataserver/Subprocess/Backend/Calendar/2270/2 CLUTTER_IM_MODULE=xim DBUS_SESSION_BUS_ADDRESS=unix:path=/run/user/1000/bus DESKTOP_SESSION=ubuntu DISPLAY=:0 GDMSESSION=ubuntu GNOME_DESKTOP_SESSION_ID=this-is-deprecated GNOME_SHELL_SESSION_MODE=ubuntu GPG_AGENT_INFO=/run/user/1000/gnupg/S.gpg-agent:0:1 GTK_IM_MODULE=fcitx GTK_MODULES=gail:atk-bridge HOME=/home/ziqing IM_CONFIG_PHASE=2 LANG=zh_CN.UTF-8 LANGUAGE=zh_CN:zh:en_US:en LC_ADDRESS=zh_CN.UTF-8 LC_IDENTIFICATION=zh_CN.UTF-8 LC_MEASUREMENT=zh_CN.UTF-8 LC_MONETARY=zh_CN.UTF-8 LC_NAME=zh_CN.UTF-8 LC_NUMERIC=zh_CN.UTF-8 LC_PAPER=zh_CN.UTF-8 LC_TELEPHONE=zh_CN.UTF-8 LC_TIME=zh_CN.UTF-8 LOGNAME=ziqing PATH=/home/ziqing/.local/bin:/usr/local/sbin:/usr/local/bin:/usr/sbin:/usr/bin:/sbin:/bin:/usr/games:/usr/local/games:/snap/bin PWD=/home/ziqing QT4_IM_MODULE=fcitx QT_ACCESSIBILITY=1 QT_IM_MODULE=fcitx SESSION_MANAGER=local/ziqing-vm:@/tmp/.ICE-unix/1831,unix/ziqing-vm:/tmp/.ICE-unix/1831 SHELL=/bin/bash SHLVL=0 SSH_AGENT_PID=1921 SSH_AUTH_SOCK=/run/user/1000/keyring/ssh TEXTDOMAIN=im-config TEXTDOMAINDIR=/usr/share/locale/ USER=ziqing USERNAME=ziqing WINDOWPATH=2 XAUTHORITY=/run/user/1000/gdm/Xauthority XDG_CONFIG_DIRS=/etc/xdg/xdg-ubuntu:/etc/xdg XDG_CURRENT_DESKTOP=ubuntu:GNOME XDG_DATA_DIRS=/usr/share/ubuntu:/usr/local/share/:/usr/share/:/var/lib/snapd/desktop XDG_MENU_PREFIX=gnome- XDG_RUNTIME_DIR=/run/user/1000 XDG_SEAT=seat0 XDG_SESSION_DESKTOP=ubuntu XDG_SESSION_ID=2 XDG_SESSION_TYPE=x11 XDG_VTNR=2 XMODIFIERS=@im=fcitx _=/usr/bin/dbus-update-activation-environment MANAGERPID=1801 INVOCATION_ID=0479e357cf424864b798de42cbb192a0 JOURNAL_STREAM=9:53244
ziqing        -  0.0    -      -     - -        Sl   23:34   0:00 -
ziqing        -  0.0    -      -     - -        Sl   23:34   0:00 -
ziqing        -  0.0    -      -     - -        Sl   23:34   0:00 -
ziqing        -  0.0    -      -     - -        Sl   23:34   0:00 -
ziqing        -  0.0    -      -     - -        Sl   23:34   0:00 -
ziqing        -  0.0    -      -     - -        Sl   23:34   0:00 -
ziqing        -  0.0    -      -     - -        Sl   23:34   0:00 -
ziqing        -  0.0    -      -     - -        Sl   23:34   0:00 -
ziqing        -  0.0    -      -     - -        Sl   23:34   0:00 -
ziqing     2305  0.5  3.8 3541208 116352 ?      -    23:34   0:05 sogou-qimpanel USER=ziqing LANGUAGE=zh_CN:zh:en_US:en LC_TIME=zh_CN.UTF-8 TEXTDOMAIN=im-config XDG_SEAT=seat0 XDG_SESSION_TYPE=x11 SSH_AGENT_PID=1921 SHLVL=0 QT4_IM_MODULE=fcitx HOME=/home/ziqing DESKTOP_SESSION=ubuntu GTK_MODULES=gail:atk-bridge GNOME_SHELL_SESSION_MODE=ubuntu LC_MONETARY=zh_CN.UTF-8 DBUS_SESSION_BUS_ADDRESS=unix:path=/run/user/1000/bus IM_CONFIG_PHASE=2 LOGNAME=ziqing GTK_IM_MODULE=fcitx USERNAME=ziqing XDG_SESSION_ID=2 WINDOWPATH=2 PATH=/home/ziqing/.local/bin:/usr/local/sbin:/usr/local/bin:/usr/sbin:/usr/bin:/sbin:/bin:/usr/games:/usr/local/games:/snap/bin LC_ADDRESS=zh_CN.UTF-8 XDG_RUNTIME_DIR=/run/user/1000 DISPLAY=:0 LANG=zh_CN.UTF-8 XDG_CURRENT_DESKTOP=ubuntu:GNOME LC_TELEPHONE=zh_CN.UTF-8 XDG_SESSION_DESKTOP=ubuntu XMODIFIERS=@im=fcitx XAUTHORITY=/run/user/1000/gdm/Xauthority SSH_AUTH_SOCK=/run/user/1000/keyring/ssh LC_NAME=zh_CN.UTF-8 SHELL=/bin/bash QT_ACCESSIBILITY=1 GDMSESSION=ubuntu LC_MEASUREMENT=zh_CN.UTF-8 TEXTDOMAINDIR=/usr/share/locale/ GPG_AGENT_INFO=/run/user/1000/gnupg/S.gpg-agent:0:1 LC_IDENTIFICATION=zh_CN.UTF-8 XDG_VTNR=2 QT_IM_MODULE=fcitx PWD=/home/ziqing CLUTTER_IM_MODULE=xim XDG_DATA_DIRS=/usr/share/ubuntu:/usr/local/share/:/usr/share/:/var/lib/snapd/desktop XDG_CONFIG_DIRS=/etc/xdg/xdg-ubuntu:/etc/xdg LC_NUMERIC=zh_CN.UTF-8 LC_PAPER=zh_CN.UTF-8 GNOME_DESKTOP_SESSION_ID=this-is-deprecated XDG_MENU_PREFIX=gnome- SESSION_MANAGER=local/ziqing-vm:@/tmp/.ICE-unix/1831,unix/ziqing-vm:/tmp/.ICE-unix/1831 DESKTOP_AUTOSTART_ID=10c87d8a2e316a905a158808806850764800000018310020 GIO_LAUNCHED_DESKTOP_FILE=/etc/xdg/autostart/fcitx-ui-sogou-qimpanel.desktop GIO_LAUNCHED_DESKTOP_FILE_PID=2272
ziqing        -  0.5    -      -     - -        Sl   23:34   0:05 -
ziqing        -  0.0    -      -     - -        Sl   23:34   0:00 -
ziqing        -  0.0    -      -     - -        Sl   23:34   0:00 -
ziqing        -  0.0    -      -     - -        Sl   23:34   0:00 -
ziqing        -  0.0    -      -     - -        Sl   23:34   0:00 -
ziqing        -  0.0    -      -     - -        Sl   23:34   0:00 -
ziqing        -  0.0    -      -     - -        Sl   23:34   0:00 -
ziqing        -  0.0    -      -     - -        Sl   23:34   0:00 -
ziqing        -  0.0    -      -     - -        Sl   23:34   0:00 -
ziqing        -  0.0    -      -     - -        Sl   23:34   0:00 -
ziqing        -  0.0    -      -     - -        Sl   23:34   0:00 -
ziqing        -  0.0    -      -     - -        Sl   23:34   0:00 -
ziqing        -  0.0    -      -     - -        Sl   23:34   0:00 -
ziqing        -  0.0    -      -     - -        Sl   23:34   0:00 -
ziqing     2324  0.0  0.8 733004 24700 ?        -    23:34   0:00 /usr/lib/evolution/evolution-addressbook-factory CLUTTER_IM_MODULE=xim DBUS_SESSION_BUS_ADDRESS=unix:path=/run/user/1000/bus DESKTOP_SESSION=ubuntu DISPLAY=:0 GDMSESSION=ubuntu GNOME_DESKTOP_SESSION_ID=this-is-deprecated GNOME_SHELL_SESSION_MODE=ubuntu GPG_AGENT_INFO=/run/user/1000/gnupg/S.gpg-agent:0:1 GTK_IM_MODULE=fcitx GTK_MODULES=gail:atk-bridge HOME=/home/ziqing IM_CONFIG_PHASE=2 LANG=zh_CN.UTF-8 LANGUAGE=zh_CN:zh:en_US:en LC_ADDRESS=zh_CN.UTF-8 LC_IDENTIFICATION=zh_CN.UTF-8 LC_MEASUREMENT=zh_CN.UTF-8 LC_MONETARY=zh_CN.UTF-8 LC_NAME=zh_CN.UTF-8 LC_NUMERIC=zh_CN.UTF-8 LC_PAPER=zh_CN.UTF-8 LC_TELEPHONE=zh_CN.UTF-8 LC_TIME=zh_CN.UTF-8 LOGNAME=ziqing PATH=/home/ziqing/.local/bin:/usr/local/sbin:/usr/local/bin:/usr/sbin:/usr/bin:/sbin:/bin:/usr/games:/usr/local/games:/snap/bin PWD=/home/ziqing QT4_IM_MODULE=fcitx QT_ACCESSIBILITY=1 QT_IM_MODULE=fcitx SESSION_MANAGER=local/ziqing-vm:@/tmp/.ICE-unix/1831,unix/ziqing-vm:/tmp/.ICE-unix/1831 SHELL=/bin/bash SHLVL=0 SSH_AGENT_PID=1921 SSH_AUTH_SOCK=/run/user/1000/keyring/ssh TEXTDOMAIN=im-config TEXTDOMAINDIR=/usr/share/locale/ USER=ziqing USERNAME=ziqing WINDOWPATH=2 XAUTHORITY=/run/user/1000/gdm/Xauthority XDG_CONFIG_DIRS=/etc/xdg/xdg-ubuntu:/etc/xdg XDG_CURRENT_DESKTOP=ubuntu:GNOME XDG_DATA_DIRS=/usr/share/ubuntu:/usr/local/share/:/usr/share/:/var/lib/snapd/desktop XDG_MENU_PREFIX=gnome- XDG_RUNTIME_DIR=/run/user/1000 XDG_SEAT=seat0 XDG_SESSION_DESKTOP=ubuntu XDG_SESSION_ID=2 XDG_SESSION_TYPE=x11 XDG_VTNR=2 XMODIFIERS=@im=fcitx _=/usr/bin/dbus-update-activation-environment MANAGERPID=1801 INVOCATION_ID=5ef8453f72d7482fb9f5544fc388bc10 JOURNAL_STREAM=9:53706
ziqing        -  0.0    -      -     - -        Ssl  23:34   0:00 -
ziqing        -  0.0    -      -     - -        Ssl  23:34   0:00 -
ziqing        -  0.0    -      -     - -        Ssl  23:34   0:00 -
ziqing        -  0.0    -      -     - -        Ssl  23:34   0:00 -
ziqing        -  0.0    -      -     - -        Ssl  23:34   0:00 -
ziqing     2336  0.1  1.0 872344 30796 ?        -    23:34   0:00 /usr/lib/evolution/evolution-addressbook-factory-subprocess --factory all --bus-name org.gnome.evolution.dataserver.Subprocess.Backend.AddressBookx2324x2 --own-path /org/gnome/evolution/dataserver/Subprocess/Backend/AddressBook/2324/2 CLUTTER_IM_MODULE=xim DBUS_SESSION_BUS_ADDRESS=unix:path=/run/user/1000/bus DESKTOP_SESSION=ubuntu DISPLAY=:0 GDMSESSION=ubuntu GNOME_DESKTOP_SESSION_ID=this-is-deprecated GNOME_SHELL_SESSION_MODE=ubuntu GPG_AGENT_INFO=/run/user/1000/gnupg/S.gpg-agent:0:1 GTK_IM_MODULE=fcitx GTK_MODULES=gail:atk-bridge HOME=/home/ziqing IM_CONFIG_PHASE=2 LANG=zh_CN.UTF-8 LANGUAGE=zh_CN:zh:en_US:en LC_ADDRESS=zh_CN.UTF-8 LC_IDENTIFICATION=zh_CN.UTF-8 LC_MEASUREMENT=zh_CN.UTF-8 LC_MONETARY=zh_CN.UTF-8 LC_NAME=zh_CN.UTF-8 LC_NUMERIC=zh_CN.UTF-8 LC_PAPER=zh_CN.UTF-8 LC_TELEPHONE=zh_CN.UTF-8 LC_TIME=zh_CN.UTF-8 LOGNAME=ziqing PATH=/home/ziqing/.local/bin:/usr/local/sbin:/usr/local/bin:/usr/sbin:/usr/bin:/sbin:/bin:/usr/games:/usr/local/games:/snap/bin PWD=/home/ziqing QT4_IM_MODULE=fcitx QT_ACCESSIBILITY=1 QT_IM_MODULE=fcitx SESSION_MANAGER=local/ziqing-vm:@/tmp/.ICE-unix/1831,unix/ziqing-vm:/tmp/.ICE-unix/1831 SHELL=/bin/bash SHLVL=0 SSH_AGENT_PID=1921 SSH_AUTH_SOCK=/run/user/1000/keyring/ssh TEXTDOMAIN=im-config TEXTDOMAINDIR=/usr/share/locale/ USER=ziqing USERNAME=ziqing WINDOWPATH=2 XAUTHORITY=/run/user/1000/gdm/Xauthority XDG_CONFIG_DIRS=/etc/xdg/xdg-ubuntu:/etc/xdg XDG_CURRENT_DESKTOP=ubuntu:GNOME XDG_DATA_DIRS=/usr/share/ubuntu:/usr/local/share/:/usr/share/:/var/lib/snapd/desktop XDG_MENU_PREFIX=gnome- XDG_RUNTIME_DIR=/run/user/1000 XDG_SEAT=seat0 XDG_SESSION_DESKTOP=ubuntu XDG_SESSION_ID=2 XDG_SESSION_TYPE=x11 XDG_VTNR=2 XMODIFIERS=@im=fcitx _=/usr/bin/dbus-update-activation-environment MANAGERPID=1801 INVOCATION_ID=5ef8453f72d7482fb9f5544fc388bc10 JOURNAL_STREAM=9:53706
ziqing        -  0.0    -      -     - -        Sl   23:34   0:00 -
ziqing        -  0.0    -      -     - -        Sl   23:34   0:00 -
ziqing        -  0.0    -      -     - -        Sl   23:34   0:00 -
ziqing        -  0.0    -      -     - -        Sl   23:34   0:00 -
ziqing        -  0.0    -      -     - -        Sl   23:34   0:00 -
ziqing        -  0.0    -      -     - -        Sl   23:34   0:00 -
ziqing     2414  0.8  1.5 608880 46640 ?        -    23:34   0:07 /usr/lib/gnome-terminal/gnome-terminal-server CLUTTER_IM_MODULE=xim DBUS_SESSION_BUS_ADDRESS=unix:path=/run/user/1000/bus DESKTOP_SESSION=ubuntu DISPLAY=:0 GDMSESSION=ubuntu GNOME_DESKTOP_SESSION_ID=this-is-deprecated GNOME_SHELL_SESSION_MODE=ubuntu GPG_AGENT_INFO=/run/user/1000/gnupg/S.gpg-agent:0:1 GTK_IM_MODULE=fcitx GTK_MODULES=gail:atk-bridge HOME=/home/ziqing IM_CONFIG_PHASE=2 LANG=zh_CN.UTF-8 LANGUAGE=zh_CN:zh:en_US:en LC_ADDRESS=zh_CN.UTF-8 LC_IDENTIFICATION=zh_CN.UTF-8 LC_MEASUREMENT=zh_CN.UTF-8 LC_MONETARY=zh_CN.UTF-8 LC_NAME=zh_CN.UTF-8 LC_NUMERIC=zh_CN.UTF-8 LC_PAPER=zh_CN.UTF-8 LC_TELEPHONE=zh_CN.UTF-8 LC_TIME=zh_CN.UTF-8 LOGNAME=ziqing PATH=/home/ziqing/.local/bin:/usr/local/sbin:/usr/local/bin:/usr/sbin:/usr/bin:/sbin:/bin:/usr/games:/usr/local/games:/snap/bin PWD=/home/ziqing QT4_IM_MODULE=fcitx QT_ACCESSIBILITY=1 QT_IM_MODULE=fcitx SESSION_MANAGER=local/ziqing-vm:@/tmp/.ICE-unix/1831,unix/ziqing-vm:/tmp/.ICE-unix/1831 SHELL=/bin/bash SHLVL=0 SSH_AGENT_PID=1921 SSH_AUTH_SOCK=/run/user/1000/keyring/ssh TEXTDOMAIN=im-config TEXTDOMAINDIR=/usr/share/locale/ USER=ziqing USERNAME=ziqing WINDOWPATH=2 XAUTHORITY=/run/user/1000/gdm/Xauthority XDG_CONFIG_DIRS=/etc/xdg/xdg-ubuntu:/etc/xdg XDG_CURRENT_DESKTOP=ubuntu:GNOME XDG_DATA_DIRS=/usr/share/ubuntu:/usr/local/share/:/usr/share/:/var/lib/snapd/desktop XDG_MENU_PREFIX=gnome- XDG_RUNTIME_DIR=/run/user/1000 XDG_SEAT=seat0 XDG_SESSION_DESKTOP=ubuntu XDG_SESSION_ID=2 XDG_SESSION_TYPE=x11 XDG_VTNR=2 XMODIFIERS=@im=fcitx _=/usr/bin/dbus-update-activation-environment MANAGERPID=1801 INVOCATION_ID=723c85619904403eaa7bd7298e21dbed JOURNAL_STREAM=9:54463
ziqing        -  0.7    -      -     - -        Ssl  23:34   0:07 -
ziqing        -  0.0    -      -     - -        Ssl  23:34   0:00 -
ziqing        -  0.0    -      -     - -        Ssl  23:34   0:00 -
ziqing        -  0.0    -      -     - -        Ssl  23:34   0:00 -
ziqing     2421  0.0  0.1  29696  4716 pts/0    -    23:34   0:00 bash LC_ADDRESS=zh_CN.UTF-8 XDG_CONFIG_DIRS=/etc/xdg/xdg-ubuntu:/etc/xdg LC_TELEPHONE=zh_CN.UTF-8 LANG=zh_CN.UTF-8 DISPLAY=:0 SHLVL=0 LOGNAME=ziqing LANGUAGE=zh_CN:zh:en_US:en LC_NAME=zh_CN.UTF-8 XDG_VTNR=2 XDG_SEAT=seat0 XAUTHORITY=/run/user/1000/gdm/Xauthority PWD=/home/ziqing GTK_IM_MODULE=fcitx USER=ziqing XDG_SESSION_ID=2 GNOME_TERMINAL_SCREEN=/org/gnome/Terminal/screen/088db2ec_ae87_40f8_9981_94ce8e09decf DESKTOP_SESSION=ubuntu XDG_SESSION_DESKTOP=ubuntu GDMSESSION=ubuntu TEXTDOMAINDIR=/usr/share/locale/ USERNAME=ziqing GNOME_DESKTOP_SESSION_ID=this-is-deprecated LC_MEASUREMENT=zh_CN.UTF-8 LC_PAPER=zh_CN.UTF-8 LC_NUMERIC=zh_CN.UTF-8 LC_MONETARY=zh_CN.UTF-8 IM_CONFIG_PHASE=2 DBUS_SESSION_BUS_ADDRESS=unix:path=/run/user/1000/bus QT_ACCESSIBILITY=1 VTE_VERSION=5202 CLUTTER_IM_MODULE=xim GNOME_TERMINAL_SERVICE=:1.76 TEXTDOMAIN=im-config QT4_IM_MODULE=fcitx XDG_MENU_PREFIX=gnome- WINDOWPATH=2 GNOME_SHELL_SESSION_MODE=ubuntu SHELL=/bin/bash XDG_SESSION_TYPE=x11 XDG_DATA_DIRS=/usr/share/ubuntu:/usr/local/share/:/usr/share/:/var/lib/snapd/desktop LC_TIME=zh_CN.UTF-8 TERM=xterm-256color SESSION_MANAGER=local/ziqing-vm:@/tmp/.ICE-unix/1831,unix/ziqing-vm:/tmp/.ICE-unix/1831 GJS_DEBUG_OUTPUT=stderr SSH_AGENT_PID=1921 GTK_MODULES=gail:atk-bridge QT_IM_MODULE=fcitx COLORTERM=truecolor LC_IDENTIFICATION=zh_CN.UTF-8 XDG_CURRENT_DESKTOP=ubuntu:GNOME XMODIFIERS=@im=fcitx PATH=/home/ziqing/.local/bin:/usr/local/sbin:/usr/local/bin:/usr/sbin:/usr/bin:/sbin:/bin:/usr/games:/usr/local/games:/snap/bin XDG_RUNTIME_DIR=/run/user/1000 SSH_AUTH_SOCK=/run/user/1000/keyring/ssh HOME=/home/ziqing GJS_DEBUG_TOPICS=JS ERROR;JS LOG GPG_AGENT_INFO=/run/user/1000/gnupg/S.gpg-agent:0:1
ziqing        -  0.0    -      -     - -        Ss   23:34   0:00 -
root       2453  0.0  0.1  79328  4592 pts/0    -    23:35   0:00 sudo su CLUTTER_IM_MODULE=xim LS_COLORS=rs=0:di=01;34:ln=01;36:mh=00:pi=40;33:so=01;35:do=01;35:bd=40;33;01:cd=40;33;01:or=40;31;01:mi=00:su=37;41:sg=30;43:ca=30;41:tw=30;42:ow=34;42:st=37;44:ex=01;32:*.tar=01;31:*.tgz=01;31:*.arc=01;31:*.arj=01;31:*.taz=01;31:*.lha=01;31:*.lz4=01;31:*.lzh=01;31:*.lzma=01;31:*.tlz=01;31:*.txz=01;31:*.tzo=01;31:*.t7z=01;31:*.zip=01;31:*.z=01;31:*.Z=01;31:*.dz=01;31:*.gz=01;31:*.lrz=01;31:*.lz=01;31:*.lzo=01;31:*.xz=01;31:*.zst=01;31:*.tzst=01;31:*.bz2=01;31:*.bz=01;31:*.tbz=01;31:*.tbz2=01;31:*.tz=01;31:*.deb=01;31:*.rpm=01;31:*.jar=01;31:*.war=01;31:*.ear=01;31:*.sar=01;31:*.rar=01;31:*.alz=01;31:*.ace=01;31:*.zoo=01;31:*.cpio=01;31:*.7z=01;31:*.rz=01;31:*.cab=01;31:*.wim=01;31:*.swm=01;31:*.dwm=01;31:*.esd=01;31:*.jpg=01;35:*.jpeg=01;35:*.mjpg=01;35:*.mjpeg=01;35:*.gif=01;35:*.bmp=01;35:*.pbm=01;35:*.pgm=01;35:*.ppm=01;35:*.tga=01;35:*.xbm=01;35:*.xpm=01;35:*.tif=01;35:*.tiff=01;35:*.png=01;35:*.svg=01;35:*.svgz=01;35:*.mng=01;35:*.pcx=01;35:*.mov=01;35:*.mpg=01;35:*.mpeg=01;35:*.m2v=01;35:*.mkv=01;35:*.webm=01;35:*.ogm=01;35:*.mp4=01;35:*.m4v=01;35:*.mp4v=01;35:*.vob=01;35:*.qt=01;35:*.nuv=01;35:*.wmv=01;35:*.asf=01;35:*.rm=01;35:*.rmvb=01;35:*.flc=01;35:*.avi=01;35:*.fli=01;35:*.flv=01;35:*.gl=01;35:*.dl=01;35:*.xcf=01;35:*.xwd=01;35:*.yuv=01;35:*.cgm=01;35:*.emf=01;35:*.ogv=01;35:*.ogx=01;35:*.aac=00;36:*.au=00;36:*.flac=00;36:*.m4a=00;36:*.mid=00;36:*.midi=00;36:*.mka=00;36:*.mp3=00;36:*.mpc=00;36:*.ogg=00;36:*.ra=00;36:*.wav=00;36:*.oga=00;36:*.opus=00;36:*.spx=00;36:*.xspf=00;36: LC_MEASUREMENT=zh_CN.UTF-8 LESSCLOSE=/usr/bin/lesspipe %s %s LC_PAPER=zh_CN.UTF-8 LC_MONETARY=zh_CN.UTF-8 XDG_MENU_PREFIX=gnome- LANG=zh_CN.UTF-8 DISPLAY=:0 GNOME_SHELL_SESSION_MODE=ubuntu COLORTERM=truecolor USERNAME=ziqing XDG_VTNR=2 SSH_AUTH_SOCK=/run/user/1000/keyring/ssh LC_NAME=zh_CN.UTF-8 XDG_SESSION_ID=2 USER=ziqing DESKTOP_SESSION=ubuntu QT4_IM_MODULE=fcitx TEXTDOMAINDIR=/usr/share/locale/ GNOME_TERMINAL_SCREEN=/org/gnome/Terminal/screen/088db2ec_ae87_40f8_9981_94ce8e09decf PWD=/home/ziqing HOME=/home/ziqing TEXTDOMAIN=im-config SSH_AGENT_PID=1921 QT_ACCESSIBILITY=1 XDG_SESSION_TYPE=x11 XDG_DATA_DIRS=/usr/share/ubuntu:/usr/local/share/:/usr/share/:/var/lib/snapd/desktop XDG_SESSION_DESKTOP=ubuntu LC_ADDRESS=zh_CN.UTF-8 GJS_DEBUG_OUTPUT=stderr LC_NUMERIC=zh_CN.UTF-8 GTK_MODULES=gail:atk-bridge WINDOWPATH=2 TERM=xterm-256color SHELL=/bin/bash VTE_VERSION=5202 QT_IM_MODULE=fcitx XMODIFIERS=@im=fcitx IM_CONFIG_PHASE=2 XDG_CURRENT_DESKTOP=ubuntu:GNOME GPG_AGENT_INFO=/run/user/1000/gnupg/S.gpg-agent:0:1 GNOME_TERMINAL_SERVICE=:1.76 XDG_SEAT=seat0 SHLVL=1 LANGUAGE=zh_CN:zh:en_US:en LC_TELEPHONE=zh_CN.UTF-8 GDMSESSION=ubuntu GNOME_DESKTOP_SESSION_ID=this-is-deprecated LOGNAME=ziqing DBUS_SESSION_BUS_ADDRESS=unix:path=/run/user/1000/bus XDG_RUNTIME_DIR=/run/user/1000 XAUTHORITY=/run/user/1000/gdm/Xauthority XDG_CONFIG_DIRS=/etc/xdg/xdg-ubuntu:/etc/xdg PATH=/opt/zeek/bin:/home/ziqing/.local/bin:/usr/local/sbin:/usr/local/bin:/usr/sbin:/usr/bin:/sbin:/bin:/usr/games:/usr/local/games:/snap/bin LC_IDENTIFICATION=zh_CN.UTF-8 GJS_DEBUG_TOPICS=JS ERROR;JS LOG SESSION_MANAGER=local/ziqing-vm:@/tmp/.ICE-unix/1831,unix/ziqing-vm:/tmp/.ICE-unix/1831 LESSOPEN=| /usr/bin/lesspipe %s GTK_IM_MODULE=fcitx LC_TIME=zh_CN.UTF-8 _=/usr/bin/sudo
root          -  0.0    -      -     - -        S    23:35   0:00 -
root       2454  0.0  0.1  72244  3884 pts/0    -    23:35   0:00 su LS_COLORS=rs=0:di=01;34:ln=01;36:mh=00:pi=40;33:so=01;35:do=01;35:bd=40;33;01:cd=40;33;01:or=40;31;01:mi=00:su=37;41:sg=30;43:ca=30;41:tw=30;42:ow=34;42:st=37;44:ex=01;32:*.tar=01;31:*.tgz=01;31:*.arc=01;31:*.arj=01;31:*.taz=01;31:*.lha=01;31:*.lz4=01;31:*.lzh=01;31:*.lzma=01;31:*.tlz=01;31:*.txz=01;31:*.tzo=01;31:*.t7z=01;31:*.zip=01;31:*.z=01;31:*.Z=01;31:*.dz=01;31:*.gz=01;31:*.lrz=01;31:*.lz=01;31:*.lzo=01;31:*.xz=01;31:*.zst=01;31:*.tzst=01;31:*.bz2=01;31:*.bz=01;31:*.tbz=01;31:*.tbz2=01;31:*.tz=01;31:*.deb=01;31:*.rpm=01;31:*.jar=01;31:*.war=01;31:*.ear=01;31:*.sar=01;31:*.rar=01;31:*.alz=01;31:*.ace=01;31:*.zoo=01;31:*.cpio=01;31:*.7z=01;31:*.rz=01;31:*.cab=01;31:*.wim=01;31:*.swm=01;31:*.dwm=01;31:*.esd=01;31:*.jpg=01;35:*.jpeg=01;35:*.mjpg=01;35:*.mjpeg=01;35:*.gif=01;35:*.bmp=01;35:*.pbm=01;35:*.pgm=01;35:*.ppm=01;35:*.tga=01;35:*.xbm=01;35:*.xpm=01;35:*.tif=01;35:*.tiff=01;35:*.png=01;35:*.svg=01;35:*.svgz=01;35:*.mng=01;35:*.pcx=01;35:*.mov=01;35:*.mpg=01;35:*.mpeg=01;35:*.m2v=01;35:*.mkv=01;35:*.webm=01;35:*.ogm=01;35:*.mp4=01;35:*.m4v=01;35:*.mp4v=01;35:*.vob=01;35:*.qt=01;35:*.nuv=01;35:*.wmv=01;35:*.asf=01;35:*.rm=01;35:*.rmvb=01;35:*.flc=01;35:*.avi=01;35:*.fli=01;35:*.flv=01;35:*.gl=01;35:*.dl=01;35:*.xcf=01;35:*.xwd=01;35:*.yuv=01;35:*.cgm=01;35:*.emf=01;35:*.ogv=01;35:*.ogx=01;35:*.aac=00;36:*.au=00;36:*.flac=00;36:*.m4a=00;36:*.mid=00;36:*.midi=00;36:*.mka=00;36:*.mp3=00;36:*.mpc=00;36:*.ogg=00;36:*.ra=00;36:*.wav=00;36:*.oga=00;36:*.opus=00;36:*.spx=00;36:*.xspf=00;36: LC_MEASUREMENT=zh_CN.UTF-8 LC_PAPER=zh_CN.UTF-8 LC_MONETARY=zh_CN.UTF-8 LANG=zh_CN.UTF-8 DISPLAY=:0 COLORTERM=truecolor LC_NAME=zh_CN.UTF-8 HOME=/home/ziqing LC_ADDRESS=zh_CN.UTF-8 LC_NUMERIC=zh_CN.UTF-8 TERM=xterm-256color LANGUAGE=zh_CN:zh:en_US:en LC_TELEPHONE=zh_CN.UTF-8 XAUTHORITY=/run/user/1000/gdm/Xauthority PATH=/usr/local/sbin:/usr/local/bin:/usr/sbin:/usr/bin:/sbin:/bin:/snap/bin LC_IDENTIFICATION=zh_CN.UTF-8 LC_TIME=zh_CN.UTF-8 MAIL=/var/mail/root LOGNAME=root USER=root USERNAME=root SHELL=/bin/bash SUDO_COMMAND=/bin/su SUDO_USER=ziqing SUDO_UID=1000 SUDO_GID=1000
root          -  0.0    -      -     - -        S    23:35   0:00 -
root       2455  0.0  0.2  76896  8016 ?        -    23:35   0:00 /lib/systemd/systemd --user LANG=zh_CN.UTF-8 LANGUAGE=zh_CN:zh:en_US:en LC_ADDRESS=zh_CN.UTF-8 LC_IDENTIFICATION=zh_CN.UTF-8 LC_MEASUREMENT=zh_CN.UTF-8 LC_MONETARY=zh_CN.UTF-8 LC_NAME=zh_CN.UTF-8 LC_NUMERIC=zh_CN.UTF-8 LC_PAPER=zh_CN.UTF-8 LC_TELEPHONE=zh_CN.UTF-8 LC_TIME=zh_CN.UTF-8 PATH=/usr/local/sbin:/usr/local/bin:/usr/sbin:/usr/bin:/sbin:/bin:/snap/bin NOTIFY_SOCKET=/run/systemd/notify HOME=/root LOGNAME=root USER=root SHELL=/bin/sh INVOCATION_ID=ed1a297d129e48149dd380d8b55c8ee8 JOURNAL_STREAM=9:54831 XDG_RUNTIME_DIR=/run/user/0
root          -  0.0    -      -     - -        Ss   23:35   0:00 -
root       2456  0.0  0.0 193744  2756 ?        -    23:35   0:00 (sd-pam) HOME=/ init=/sbin/init NETWORK_SKIP_ENSLAVED= recovery= TERM=linux drop_caps= BOOT_IMAGE=/boot/vmlinuz-5.3.0-46-generic PATH=/sbin:/usr/sbin:/bin:/usr/bin PWD=/ rootmnt=/root
root          -  0.0    -      -     - -        S    23:35   0:00 -
root       2467  0.0  0.1  28576  3940 pts/0    -    23:35   0:00 bash LS_COLORS=rs=0:di=01;34:ln=01;36:mh=00:pi=40;33:so=01;35:do=01;35:bd=40;33;01:cd=40;33;01:or=40;31;01:mi=00:su=37;41:sg=30;43:ca=30;41:tw=30;42:ow=34;42:st=37;44:ex=01;32:*.tar=01;31:*.tgz=01;31:*.arc=01;31:*.arj=01;31:*.taz=01;31:*.lha=01;31:*.lz4=01;31:*.lzh=01;31:*.lzma=01;31:*.tlz=01;31:*.txz=01;31:*.tzo=01;31:*.t7z=01;31:*.zip=01;31:*.z=01;31:*.Z=01;31:*.dz=01;31:*.gz=01;31:*.lrz=01;31:*.lz=01;31:*.lzo=01;31:*.xz=01;31:*.zst=01;31:*.tzst=01;31:*.bz2=01;31:*.bz=01;31:*.tbz=01;31:*.tbz2=01;31:*.tz=01;31:*.deb=01;31:*.rpm=01;31:*.jar=01;31:*.war=01;31:*.ear=01;31:*.sar=01;31:*.rar=01;31:*.alz=01;31:*.ace=01;31:*.zoo=01;31:*.cpio=01;31:*.7z=01;31:*.rz=01;31:*.cab=01;31:*.wim=01;31:*.swm=01;31:*.dwm=01;31:*.esd=01;31:*.jpg=01;35:*.jpeg=01;35:*.mjpg=01;35:*.mjpeg=01;35:*.gif=01;35:*.bmp=01;35:*.pbm=01;35:*.pgm=01;35:*.ppm=01;35:*.tga=01;35:*.xbm=01;35:*.xpm=01;35:*.tif=01;35:*.tiff=01;35:*.png=01;35:*.svg=01;35:*.svgz=01;35:*.mng=01;35:*.pcx=01;35:*.mov=01;35:*.mpg=01;35:*.mpeg=01;35:*.m2v=01;35:*.mkv=01;35:*.webm=01;35:*.ogm=01;35:*.mp4=01;35:*.m4v=01;35:*.mp4v=01;35:*.vob=01;35:*.qt=01;35:*.nuv=01;35:*.wmv=01;35:*.asf=01;35:*.rm=01;35:*.rmvb=01;35:*.flc=01;35:*.avi=01;35:*.fli=01;35:*.flv=01;35:*.gl=01;35:*.dl=01;35:*.xcf=01;35:*.xwd=01;35:*.yuv=01;35:*.cgm=01;35:*.emf=01;35:*.ogv=01;35:*.ogx=01;35:*.aac=00;36:*.au=00;36:*.flac=00;36:*.m4a=00;36:*.mid=00;36:*.midi=00;36:*.mka=00;36:*.mp3=00;36:*.mpc=00;36:*.ogg=00;36:*.ra=00;36:*.wav=00;36:*.oga=00;36:*.opus=00;36:*.spx=00;36:*.xspf=00;36: LC_MEASUREMENT=zh_CN.UTF-8 LC_PAPER=zh_CN.UTF-8 LC_MONETARY=zh_CN.UTF-8 LANG=zh_CN.UTF-8 DISPLAY=:0 COLORTERM=truecolor LC_NAME=zh_CN.UTF-8 HOME=/root LC_ADDRESS=zh_CN.UTF-8 LC_NUMERIC=zh_CN.UTF-8 TERM=xterm-256color LANGUAGE=zh_CN:zh:en_US:en LC_TELEPHONE=zh_CN.UTF-8 XAUTHORITY=/run/user/1000/gdm/Xauthority PATH=/usr/local/sbin:/usr/local/bin:/usr/sbin:/usr/bin:/sbin:/bin:/usr/games:/usr/local/games LC_IDENTIFICATION=zh_CN.UTF-8 LC_TIME=zh_CN.UTF-8 MAIL=/var/mail/root LOGNAME=root USER=root USERNAME=root SHELL=/bin/bash SUDO_COMMAND=/bin/su SUDO_USER=ziqing SUDO_UID=1000 SUDO_GID=1000 XDG_SESSION_ID=3 XDG_RUNTIME_DIR=/run/user/0 DBUS_SESSION_BUS_ADDRESS=unix:path=/run/user/0/bus
root          -  0.0    -      -     - -        S    23:35   0:00 -
ziqing     2490  0.0  0.9 615632 29004 tty2     -    23:35   0:00 update-notifier USER=ziqing LANGUAGE=zh_CN:zh:en_US:en LC_TIME=zh_CN.UTF-8 TEXTDOMAIN=im-config XDG_SEAT=seat0 XDG_SESSION_TYPE=x11 SSH_AGENT_PID=1921 SHLVL=0 QT4_IM_MODULE=fcitx HOME=/home/ziqing DESKTOP_SESSION=ubuntu GTK_MODULES=gail:atk-bridge GNOME_SHELL_SESSION_MODE=ubuntu LC_MONETARY=zh_CN.UTF-8 DBUS_SESSION_BUS_ADDRESS=unix:path=/run/user/1000/bus IM_CONFIG_PHASE=2 LOGNAME=ziqing GTK_IM_MODULE=fcitx USERNAME=ziqing XDG_SESSION_ID=2 WINDOWPATH=2 PATH=/home/ziqing/.local/bin:/usr/local/sbin:/usr/local/bin:/usr/sbin:/usr/bin:/sbin:/bin:/usr/games:/usr/local/games:/snap/bin LC_ADDRESS=zh_CN.UTF-8 XDG_RUNTIME_DIR=/run/user/1000 DISPLAY=:0 LANG=zh_CN.UTF-8 XDG_CURRENT_DESKTOP=ubuntu:GNOME LC_TELEPHONE=zh_CN.UTF-8 XDG_SESSION_DESKTOP=ubuntu XMODIFIERS=@im=fcitx XAUTHORITY=/run/user/1000/gdm/Xauthority SSH_AUTH_SOCK=/run/user/1000/keyring/ssh LC_NAME=zh_CN.UTF-8 SHELL=/bin/bash QT_ACCESSIBILITY=1 GDMSESSION=ubuntu LC_MEASUREMENT=zh_CN.UTF-8 TEXTDOMAINDIR=/usr/share/locale/ GPG_AGENT_INFO=/run/user/1000/gnupg/S.gpg-agent:0:1 LC_IDENTIFICATION=zh_CN.UTF-8 XDG_VTNR=2 QT_IM_MODULE=fcitx PWD=/home/ziqing CLUTTER_IM_MODULE=xim XDG_DATA_DIRS=/usr/share/ubuntu:/usr/local/share/:/usr/share/:/var/lib/snapd/desktop XDG_CONFIG_DIRS=/etc/xdg/xdg-ubuntu:/etc/xdg LC_NUMERIC=zh_CN.UTF-8 LC_PAPER=zh_CN.UTF-8 GNOME_DESKTOP_SESSION_ID=this-is-deprecated XDG_MENU_PREFIX=gnome- SESSION_MANAGER=local/ziqing-vm:@/tmp/.ICE-unix/1831,unix/ziqing-vm:/tmp/.ICE-unix/1831 DESKTOP_AUTOSTART_ID=10c87d8a2e316a905a158808806855919900000018310029 GIO_LAUNCHED_DESKTOP_FILE=/etc/xdg/autostart/update-notifier.desktop GIO_LAUNCHED_DESKTOP_FILE_PID=2490
ziqing        -  0.0    -      -     - -        Sl+  23:35   0:00 -
ziqing        -  0.0    -      -     - -        Sl+  23:35   0:00 -
ziqing        -  0.0    -      -     - -        Sl+  23:35   0:00 -
ziqing        -  0.0    -      -     - -        Sl+  23:35   0:00 -
ziqing     2492  0.9  5.4 1360408 164636 tty2   -    23:35   0:08 /usr/bin/gnome-software --gapplication-service USER=ziqing LANGUAGE=zh_CN:zh:en_US:en LC_TIME=zh_CN.UTF-8 TEXTDOMAIN=im-config XDG_SEAT=seat0 XDG_SESSION_TYPE=x11 SSH_AGENT_PID=1921 SHLVL=0 QT4_IM_MODULE=fcitx HOME=/home/ziqing DESKTOP_SESSION=ubuntu GTK_MODULES=gail:atk-bridge GNOME_SHELL_SESSION_MODE=ubuntu LC_MONETARY=zh_CN.UTF-8 DBUS_SESSION_BUS_ADDRESS=unix:path=/run/user/1000/bus IM_CONFIG_PHASE=2 LOGNAME=ziqing GTK_IM_MODULE=fcitx USERNAME=ziqing XDG_SESSION_ID=2 WINDOWPATH=2 PATH=/home/ziqing/.local/bin:/usr/local/sbin:/usr/local/bin:/usr/sbin:/usr/bin:/sbin:/bin:/usr/games:/usr/local/games:/snap/bin LC_ADDRESS=zh_CN.UTF-8 XDG_RUNTIME_DIR=/run/user/1000 DISPLAY=:0 LANG=zh_CN.UTF-8 XDG_CURRENT_DESKTOP=ubuntu:GNOME LC_TELEPHONE=zh_CN.UTF-8 XDG_SESSION_DESKTOP=ubuntu XMODIFIERS=@im=fcitx XAUTHORITY=/run/user/1000/gdm/Xauthority SSH_AUTH_SOCK=/run/user/1000/keyring/ssh LC_NAME=zh_CN.UTF-8 SHELL=/bin/bash QT_ACCESSIBILITY=1 GDMSESSION=ubuntu LC_MEASUREMENT=zh_CN.UTF-8 TEXTDOMAINDIR=/usr/share/locale/ GPG_AGENT_INFO=/run/user/1000/gnupg/S.gpg-agent:0:1 LC_IDENTIFICATION=zh_CN.UTF-8 XDG_VTNR=2 QT_IM_MODULE=fcitx PWD=/home/ziqing CLUTTER_IM_MODULE=xim XDG_DATA_DIRS=/usr/share/ubuntu:/usr/local/share/:/usr/share/:/var/lib/snapd/desktop XDG_CONFIG_DIRS=/etc/xdg/xdg-ubuntu:/etc/xdg LC_NUMERIC=zh_CN.UTF-8 LC_PAPER=zh_CN.UTF-8 GNOME_DESKTOP_SESSION_ID=this-is-deprecated XDG_MENU_PREFIX=gnome- SESSION_MANAGER=local/ziqing-vm:@/tmp/.ICE-unix/1831,unix/ziqing-vm:/tmp/.ICE-unix/1831 DESKTOP_AUTOSTART_ID=10c87d8a2e316a905a158808806856601900000018310036 GIO_LAUNCHED_DESKTOP_FILE=/etc/xdg/autostart/gnome-software-service.desktop GIO_LAUNCHED_DESKTOP_FILE_PID=2492
ziqing        -  0.5    -      -     - -        SLl+ 23:35   0:04 -
ziqing        -  0.0    -      -     - -        SLl+ 23:35   0:00 -
ziqing        -  0.0    -      -     - -        SLl+ 23:35   0:00 -
ziqing        -  0.0    -      -     - -        SLl+ 23:35   0:00 -
root       2529  0.0  0.8 560624 25812 ?        -    23:35   0:00 /usr/lib/fwupd/fwupd LANG=zh_CN.UTF-8 LANGUAGE=zh_CN:zh:en_US:en LC_ADDRESS=zh_CN.UTF-8 LC_IDENTIFICATION=zh_CN.UTF-8 LC_MEASUREMENT=zh_CN.UTF-8 LC_MONETARY=zh_CN.UTF-8 LC_NAME=zh_CN.UTF-8 LC_NUMERIC=zh_CN.UTF-8 LC_PAPER=zh_CN.UTF-8 LC_TELEPHONE=zh_CN.UTF-8 LC_TIME=zh_CN.UTF-8 PATH=/usr/local/sbin:/usr/local/bin:/usr/sbin:/usr/bin:/sbin:/bin:/snap/bin INVOCATION_ID=fad9553d9798464ca3c0382aa85a7ee6 JOURNAL_STREAM=9:58715
root          -  0.0    -      -     - -        Ssl  23:35   0:00 -
root          -  0.0    -      -     - -        Ssl  23:36   0:00 -
root          -  0.0    -      -     - -        Ssl  23:36   0:00 -
root          -  0.0    -      -     - -        Ssl  23:36   0:00 -
root          -  0.0    -      -     - -        Ssl  23:36   0:00 -
ziqing     2570  0.0  1.1 797364 33460 tty2     -    23:36   0:00 /usr/lib/deja-dup/deja-dup-monitor USER=ziqing LANGUAGE=zh_CN:zh:en_US:en LC_TIME=zh_CN.UTF-8 TEXTDOMAIN=im-config XDG_SEAT=seat0 XDG_SESSION_TYPE=x11 SSH_AGENT_PID=1921 SHLVL=0 QT4_IM_MODULE=fcitx HOME=/home/ziqing DESKTOP_SESSION=ubuntu GTK_MODULES=gail:atk-bridge GNOME_SHELL_SESSION_MODE=ubuntu LC_MONETARY=zh_CN.UTF-8 DBUS_SESSION_BUS_ADDRESS=unix:path=/run/user/1000/bus IM_CONFIG_PHASE=2 LOGNAME=ziqing GTK_IM_MODULE=fcitx USERNAME=ziqing XDG_SESSION_ID=2 WINDOWPATH=2 PATH=/home/ziqing/.local/bin:/usr/local/sbin:/usr/local/bin:/usr/sbin:/usr/bin:/sbin:/bin:/usr/games:/usr/local/games:/snap/bin LC_ADDRESS=zh_CN.UTF-8 XDG_RUNTIME_DIR=/run/user/1000 DISPLAY=:0 LANG=zh_CN.UTF-8 XDG_CURRENT_DESKTOP=ubuntu:GNOME LC_TELEPHONE=zh_CN.UTF-8 XDG_SESSION_DESKTOP=ubuntu XMODIFIERS=@im=fcitx XAUTHORITY=/run/user/1000/gdm/Xauthority SSH_AUTH_SOCK=/run/user/1000/keyring/ssh LC_NAME=zh_CN.UTF-8 SHELL=/bin/bash QT_ACCESSIBILITY=1 GDMSESSION=ubuntu LC_MEASUREMENT=zh_CN.UTF-8 TEXTDOMAINDIR=/usr/share/locale/ GPG_AGENT_INFO=/run/user/1000/gnupg/S.gpg-agent:0:1 LC_IDENTIFICATION=zh_CN.UTF-8 XDG_VTNR=2 QT_IM_MODULE=fcitx PWD=/home/ziqing CLUTTER_IM_MODULE=xim XDG_DATA_DIRS=/usr/share/ubuntu:/usr/local/share/:/usr/share/:/var/lib/snapd/desktop XDG_CONFIG_DIRS=/etc/xdg/xdg-ubuntu:/etc/xdg LC_NUMERIC=zh_CN.UTF-8 LC_PAPER=zh_CN.UTF-8 GNOME_DESKTOP_SESSION_ID=this-is-deprecated XDG_MENU_PREFIX=gnome- SESSION_MANAGER=local/ziqing-vm:@/tmp/.ICE-unix/1831,unix/ziqing-vm:/tmp/.ICE-unix/1831 DESKTOP_AUTOSTART_ID=10c87d8a2e316a905a158808806857080100000018310042 GIO_LAUNCHED_DESKTOP_FILE=/etc/xdg/autostart/org.gnome.DejaDup.Monitor.desktop GIO_LAUNCHED_DESKTOP_FILE_PID=2570
ziqing        -  0.0    -      -     - -        Sl+  23:36   0:00 -
ziqing        -  0.0    -      -     - -        Sl+  23:36   0:00 -
ziqing        -  0.0    -      -     - -        Sl+  23:36   0:00 -
ziqing        -  0.0    -      -     - -        Sl+  23:36   0:00 -
root       2675  0.0  0.0      0     0 ?        -    23:40   0:00 [kworker/1:1-eve]
root          -  0.0    -      -     - -        I    23:40   0:00 -
root       2773  0.0  0.0      0     0 ?        -    23:46   0:00 [kworker/1:0-eve]
root          -  0.0    -      -     - -        I    23:46   0:00 -
root       3157  0.0  0.0      0     0 ?        -    23:48   0:00 [kworker/u256:0+]
root          -  0.0    -      -     - -        R    23:48   0:00 -
root       3176  0.0  0.1  46908  3708 pts/0    -    23:50   0:00 ps auxwwem LS_COLORS=rs=0:di=01;34:ln=01;36:mh=00:pi=40;33:so=01;35:do=01;35:bd=40;33;01:cd=40;33;01:or=40;31;01:mi=00:su=37;41:sg=30;43:ca=30;41:tw=30;42:ow=34;42:st=37;44:ex=01;32:*.tar=01;31:*.tgz=01;31:*.arc=01;31:*.arj=01;31:*.taz=01;31:*.lha=01;31:*.lz4=01;31:*.lzh=01;31:*.lzma=01;31:*.tlz=01;31:*.txz=01;31:*.tzo=01;31:*.t7z=01;31:*.zip=01;31:*.z=01;31:*.Z=01;31:*.dz=01;31:*.gz=01;31:*.lrz=01;31:*.lz=01;31:*.lzo=01;31:*.xz=01;31:*.zst=01;31:*.tzst=01;31:*.bz2=01;31:*.bz=01;31:*.tbz=01;31:*.tbz2=01;31:*.tz=01;31:*.deb=01;31:*.rpm=01;31:*.jar=01;31:*.war=01;31:*.ear=01;31:*.sar=01;31:*.rar=01;31:*.alz=01;31:*.ace=01;31:*.zoo=01;31:*.cpio=01;31:*.7z=01;31:*.rz=01;31:*.cab=01;31:*.wim=01;31:*.swm=01;31:*.dwm=01;31:*.esd=01;31:*.jpg=01;35:*.jpeg=01;35:*.mjpg=01;35:*.mjpeg=01;35:*.gif=01;35:*.bmp=01;35:*.pbm=01;35:*.pgm=01;35:*.ppm=01;35:*.tga=01;35:*.xbm=01;35:*.xpm=01;35:*.tif=01;35:*.tiff=01;35:*.png=01;35:*.svg=01;35:*.svgz=01;35:*.mng=01;35:*.pcx=01;35:*.mov=01;35:*.mpg=01;35:*.mpeg=01;35:*.m2v=01;35:*.mkv=01;35:*.webm=01;35:*.ogm=01;35:*.mp4=01;35:*.m4v=01;35:*.mp4v=01;35:*.vob=01;35:*.qt=01;35:*.nuv=01;35:*.wmv=01;35:*.asf=01;35:*.rm=01;35:*.rmvb=01;35:*.flc=01;35:*.avi=01;35:*.fli=01;35:*.flv=01;35:*.gl=01;35:*.dl=01;35:*.xcf=01;35:*.xwd=01;35:*.yuv=01;35:*.cgm=01;35:*.emf=01;35:*.ogv=01;35:*.ogx=01;35:*.aac=00;36:*.au=00;36:*.flac=00;36:*.m4a=00;36:*.mid=00;36:*.midi=00;36:*.mka=00;36:*.mp3=00;36:*.mpc=00;36:*.ogg=00;36:*.ra=00;36:*.wav=00;36:*.oga=00;36:*.opus=00;36:*.spx=00;36:*.xspf=00;36: LC_MEASUREMENT=zh_CN.UTF-8 LESSCLOSE=/usr/bin/lesspipe %s %s LC_PAPER=zh_CN.UTF-8 LC_MONETARY=zh_CN.UTF-8 LANG=zh_CN.UTF-8 SUDO_GID=1000 DISPLAY=:0 COLORTERM=truecolor USERNAME=root SUDO_COMMAND=/bin/su LC_NAME=zh_CN.UTF-8 XDG_SESSION_ID=3 USER=root PWD=/home/ziqing HOME=/root SUDO_USER=ziqing LC_ADDRESS=zh_CN.UTF-8 LC_NUMERIC=zh_CN.UTF-8 SUDO_UID=1000 MAIL=/var/mail/root SHELL=/bin/bash TERM=xterm-256color SHLVL=1 LANGUAGE=zh_CN:zh:en_US:en LC_TELEPHONE=zh_CN.UTF-8 LOGNAME=root DBUS_SESSION_BUS_ADDRESS=unix:path=/run/user/0/bus XDG_RUNTIME_DIR=/run/user/0 XAUTHORITY=/run/user/1000/gdm/Xauthority PATH=/usr/local/sbin:/usr/local/bin:/usr/sbin:/usr/bin:/sbin:/bin:/usr/games:/usr/local/games LC_IDENTIFICATION=zh_CN.UTF-8 LESSOPEN=| /usr/bin/lesspipe %s LC_TIME=zh_CN.UTF-8 _=/bin/ps
root          -  0.0    -      -     - -        R+   23:50   0:00 -
